Component: ARM Compiler 5.06 update 7 (build 960) Tool: armlink [4d3601]

==============================================================================

Section Cross References

    main.o(i.main) refers to rtc.o(i.RTCInit) for RTCInit
    main.o(i.main) refers to lcd1602.o(i.LCD1602_Init) for LCD1602_Init
    main.o(i.main) refers to lcd1602.o(i.LCD1602_Backlight) for LCD1602_Backlight
    main.o(i.main) refers to buttons.o(i.buttonsInitialize) for buttonsInitialize
    main.o(i.main) refers to tpm.o(i.TPM0_Init_OC) for TPM0_Init_OC
    main.o(i.main) refers to clock.o(i.clock_init) for clock_init
    main.o(i.main) refers to keypad.o(i.keypad_init) for keypad_init
    main.o(i.main) refers to uart0.o(i.UART0_Init) for UART0_Init
    i2c.o(i.I2C_Write) refers to i2c.o(i.i2c_enable) for i2c_enable
    i2c.o(i.I2C_Write) refers to i2c.o(i.i2c_tran) for i2c_tran
    i2c.o(i.I2C_Write) refers to i2c.o(i.i2c_m_start) for i2c_m_start
    i2c.o(i.I2C_Write) refers to i2c.o(i.i2c_send) for i2c_send
    i2c.o(i.I2C_Write) refers to i2c.o(i.i2c_wait) for i2c_wait
    i2c.o(i.I2C_Write) refers to i2c.o(i.i2c_m_stop) for i2c_m_stop
    i2c.o(i.I2C_Write) refers to i2c.o(i.i2c_disable) for i2c_disable
    i2c.o(i.I2C_Write) refers to i2c.o(.data) for error
    i2c.o(i.i2c_wait) refers to i2c.o(.data) for timeout
    lcd1602.o(i.LCD1602_Backlight) refers to lcd1602.o(i.PCF8574_Write) for PCF8574_Write
    lcd1602.o(i.LCD1602_Backlight) refers to lcd1602.o(.data) for lcd_backlight
    lcd1602.o(i.LCD1602_ClearAll) refers to lcd1602.o(i.LCD1602_Write8) for LCD1602_Write8
    lcd1602.o(i.LCD1602_Init) refers to i2c.o(i.I2C_Init) for I2C_Init
    lcd1602.o(i.LCD1602_Init) refers to lcd1602.o(i.PCF8574_Write) for PCF8574_Write
    lcd1602.o(i.LCD1602_Init) refers to lcd1602.o(i.LCD1602_Write8) for LCD1602_Write8
    lcd1602.o(i.LCD1602_Print) refers to lcd1602.o(i.LCD1602_Write8) for LCD1602_Write8
    lcd1602.o(i.LCD1602_SetCursor) refers to lcd1602.o(i.LCD1602_Write8) for LCD1602_Write8
    lcd1602.o(i.LCD1602_Write4) refers to lcd1602.o(i.PCF8574_Write) for PCF8574_Write
    lcd1602.o(i.LCD1602_Write8) refers to lcd1602.o(i.LCD1602_Write4) for LCD1602_Write4
    lcd1602.o(i.PCF8574_Write) refers to i2c.o(i.I2C_Write) for I2C_Write
    lcd1602.o(i.PCF8574_Write) refers to lcd1602.o(.data) for lcd_backlight
    buttons.o(i.PORTB_IRQHandler) refers to clock.o(i.update_game) for update_game
    buttons.o(i.PORTB_IRQHandler) refers to clock.o(i.menu) for menu
    buttons.o(i.PORTB_IRQHandler) refers to buttons.o(.data) for press_time
    buttons.o(i.buttonsInitialize) refers to buttons.o(i.__NVIC_SetPriority) for __NVIC_SetPriority
    rtc.o(i.RTCInit) refers to rtc.o(i.__NVIC_SetPriority) for __NVIC_SetPriority
    rtc.o(i.RTC_IRQHandler) refers to clock.o(i.update_time) for update_time
    chess.o(i.analyze_board) refers to chess.o(i.copyprevboard) for copyprevboard
    chess.o(i.analyze_board) refers to chess.o(i.substract) for substract
    chess.o(i.analyze_board) refers to chess.o(i.search_array) for search_array
    chess.o(i.analyze_board) refers to chess.o(.data) for possibilities
    chess.o(i.analyze_board) refers to chess.o(.bss) for prev_detect_board
    chess.o(i.analyze_board) refers to chess.o(i.countsetbits) for countsetbits
    chess.o(i.analyze_board) refers to chess.o(i.checksetbit) for checksetbit
    chess.o(i.analyze_board) refers to chess.o(i.copyprevdetect) for copyprevdetect
    chess.o(i.copyprevboard) refers to chess.o(.data) for curr_board
    chess.o(i.copyprevdetect) refers to chess.o(.bss) for prev_detect_board
    chess.o(i.search_array) refers to chess.o(.data) for rowmovedto
    chess.o(i.substract) refers to chess.o(.bss) for subarray
    keypad.o(i.check) refers to keypad.o(.bss) for key
    keypad.o(i.keypad_init) refers to keypad.o(.bss) for key
    tpm.o(i.TPM0_IRQHandler) refers to tpm.o(i.__NVIC_ClearPendingIRQ) for __NVIC_ClearPendingIRQ
    tpm.o(i.TPM0_IRQHandler) refers to tpm.o(.data) for counter
    tpm.o(i.TPM0_IRQHandler) refers to ws2812.o(.bss) for tab
    tpm.o(i.TPM0_Init_OC) refers to tpm.o(i.__NVIC_SetPriority) for __NVIC_SetPriority
    tpm.o(i.TPM0_Init_OC) refers to tpm.o(i.__NVIC_ClearPendingIRQ) for __NVIC_ClearPendingIRQ
    tpm.o(i.TPM0_Init_OC) refers to tpm.o(.data) for counter
    tpm.o(i.TPM0_Init_OC) refers to ws2812.o(.bss) for tab
    ws2812.o(i.setLed) refers to ws2812.o(.bss) for tab
    clock.o(i.clock_init) refers to lcd1602.o(i.LCD1602_ClearAll) for LCD1602_ClearAll
    clock.o(i.clock_init) refers to lcd1602.o(i.LCD1602_SetCursor) for LCD1602_SetCursor
    clock.o(i.clock_init) refers to lcd1602.o(i.LCD1602_Print) for LCD1602_Print
    clock.o(i.clock_init) refers to clock.o(.data) for start_time
    clock.o(i.menu) refers to clock.o(i.update_lcd) for update_lcd
    clock.o(i.menu) refers to engine.o(i.generate_starting_board) for generate_starting_board
[...]
    rt_memcpy.o(.text) refers to rt_memcpy.o(.emb_text) for __aeabi_memcpy4
    __main.o(!!!main) refers to __rtentry.o(.ARM.Collect$$rtentry$$00000000) for __rt_entry
    dfixui.o(.text) refers (Special) to usenofp.o(x$fpl$usenofp) for __I$use$fp
    dflti.o(.text) refers (Special) to usenofp.o(x$fpl$usenofp) for __I$use$fp
    floor.o(i.__softfp_floor) refers (Special) to usenofp.o(x$fpl$usenofp) for __I$use$fp
    floor.o(i.__softfp_floor) refers to floor.o(i.floor) for floor
    floor.o(i.floor) refers (Special) to usenofp.o(x$fpl$usenofp) for __I$use$fp
    floor.o(i.floor) refers to daddsub.o(.text) for __aeabi_dadd
    floor.o(i.floor) refers to drlef.o(x$fpl$drleqf) for __aeabi_cdrcmple
    __rtentry.o(.ARM.Collect$$rtentry$$00000000) refers (Special) to __rtentry2.o(.ARM.Collect$$rtentry$$0000000A) for __rt_entry_li
    __rtentry.o(.ARM.Collect$$rtentry$$00000000) refers (Special) to __rtentry2.o(.ARM.Collect$$rtentry$$0000000D) for __rt_entry_main
    __rtentry.o(.ARM.Collect$$rtentry$$00000000) refers (Special) to __rtentry2.o(.ARM.Collect$$rtentry$$0000000C) for __rt_entry_postli_1
    __rtentry.o(.ARM.Collect$$rtentry$$00000000) refers (Special) to __rtentry2.o(.ARM.Collect$$rtentry$$00000009) for __rt_entry_postsh_1
    __rtentry.o(.ARM.Collect$$rtentry$$00000000) refers (Special) to __rtentry2.o(.ARM.Collect$$rtentry$$00000002) for __rt_entry_presh_1
    __rtentry.o(.ARM.Collect$$rtentry$$00000000) refers (Special) to __rtentry4.o(.ARM.Collect$$rtentry$$00000004) for __rt_entry_sh
    aeabi_idiv0_sigfpe.o(.text) refers to rt_div0.o(.text) for __rt_div0
    _printf_intcommon.o(.text) refers (Weak) to _printf_pad.o(.text) for _printf_pre_padding
    _printf_intcommon.o(.text) refers (Weak) to _printf_pad.o(.text) for _printf_pre_padding
    _printf_intcommon.o(.text) refers (Weak) to _printf_pad.o(.text) for _printf_post_padding
    _printf_char_common.o(.text) refers to __printf_flags_wp.o(.text) for __printf
    _printf_char.o(.text) refers (Weak) to _printf_str.o(.text) for _printf_str
    daddsub.o(.text) refers (Special) to usenofp.o(x$fpl$usenofp) for __I$use$fp
    drlef.o(x$fpl$drleqf) refers (Special) to usenofp.o(x$fpl$usenofp) for __I$use$fp
    drlef.o(x$fpl$drleqf) refers to dcmpin.o(.text) for __fpl_dcmp_InfNaN
    __rtentry2.o(.ARM.Collect$$rtentry$$00000008) refers to boardinit2.o(.text) for _platform_post_stackheap_init
    __rtentry2.o(.ARM.Collect$$rtentry$$0000000A) refers to libinit.o(.ARM.Collect$$libinit$$00000000) for __rt_lib_init
    __rtentry2.o(.ARM.Collect$$rtentry$$0000000B) refers to boardinit3.o(.text) for _platform_post_lib_init
    __rtentry2.o(.ARM.Collect$$rtentry$$0000000D) refers to main.o(i.main) for main
    __rtentry2.o(.ARM.Collect$$rtentry$$0000000D) refers to exit.o(.text) for exit
    __rtentry2.o(.ARM.exidx) refers to __rtentry2.o(.ARM.Collect$$rtentry$$00000001) for .ARM.Collect$$rtentry$$00000001
    __rtentry2.o(.ARM.exidx) refers to __rtentry2.o(.ARM.Collect$$rtentry$$00000008) for .ARM.Collect$$rtentry$$00000008
    __rtentry2.o(.ARM.exidx) refers to __rtentry2.o(.ARM.Collect$$rtentry$$0000000A) for .ARM.Collect$$rtentry$$0000000A
    __rtentry2.o(.ARM.exidx) refers to __rtentry2.o(.ARM.Collect$$rtentry$$0000000B) for .ARM.Collect$$rtentry$$0000000B
    __rtentry2.o(.ARM.exidx) refers to __rtentry2.o(.ARM.Collect$$rtentry$$0000000D) for .ARM.Collect$$rtentry$$0000000D
    __rtentry4.o(.ARM.Collect$$rtentry$$00000004) refers to sys_stackheap_outer.o(.text) for __user_setup_stackheap
    __rtentry4.o(.ARM.exidx) refers to __rtentry4.o(.ARM.Collect$$rtentry$$00000004) for .ARM.Collect$$rtentry$$00000004
    rt_div0.o(.text) refers to defsig_fpe_outer.o(.text) for __rt_SIGFPE
    dcmpin.o(.text) refers (Special) to usenofp.o(x$fpl$usenofp) for __I$use$fp
    dcmpin.o(.text) refers to cmpret.o(.text) for __fpl_cmpreturn
    dcmpin.o(.text) refers to dnan2.o(.text) for __fpl_dcheck_NaN2
    sys_stackheap_outer.o(.text) refers to libspace.o(.text) for __user_perproc_libspace
    sys_stackheap_outer.o(.text) refers to startup_mkl05z4.o(.text) for __user_initial_stackheap
    sys_stackheap_outer.o(__vectab_stack_and_reset_area) refers to tempstk.o(.text) for __temporary_stack_top
    sys_stackheap_outer.o(__vectab_stack_and_reset_area) refers to __main.o(!!!main) for __main
    exit.o(.text) refers to rtexit.o(.ARM.Collect$$rtexit$$00000000) for __rt_exit
    defsig_fpe_outer.o(.text) refers to defsig_fpe_inner.o(.text) for __rt_SIGFPE_inner
    defsig_fpe_outer.o(.text) refers to defsig_exit.o(.text) for __sig_exit
    defsig_fpe_formal.o(.text) refers to rt_raise.o(.text) for __rt_raise
    libinit.o(.ARM.Collect$$libinit$$00000000) refers (Special) to libinit2.o(.ARM.Collect$$libinit$$0000002E) for __rt_lib_init_alloca_1
    libinit.o(.ARM.Collect$$libinit$$00000000) refers (Special) to libinit2.o(.ARM.Collect$$libinit$$0000002C) for __rt_lib_init_argv_1
    libinit.o(.ARM.Collect$$libinit$$00000000) refers (Special) to libinit2.o(.ARM.Collect$$libinit$$0000001B) for __rt_lib_init_atexit_1
    libinit.o(.ARM.Collect$$libinit$$00000000) refers (Special) to libinit2.o(.ARM.Collect$$libinit$$00000021) for __rt_lib_init_clock_1
    libinit.o(.ARM.Collect$$libinit$$00000000) refers (Special) to libinit2.o(.ARM.Collect$$libinit$$00000032) for __rt_lib_init_cpp_1
    libinit.o(.ARM.Collect$$libinit$$00000000) refers (Special) to libinit2.o(.ARM.Collect$$libinit$$00000030) for __rt_lib_init_exceptions_1
    libinit.o(.ARM.Collect$$libinit$$00000000) refers (Special) to libinit2.o(.ARM.Collect$$libinit$$00000002) for __rt_lib_init_fp_1
    libinit.o(.ARM.Collect$$libinit$$00000000) refers (Special) to libinit2.o(.ARM.Collect$$libinit$$0000001F) for __rt_lib_init_fp_trap_1
    libinit.o(.ARM.Collect$$libinit$$00000000) refers (Special) to libinit2.o(.ARM.Collect$$libinit$$00000023) for __rt_lib_init_getenv_1
    libinit.o(.ARM.Collect$$libinit$$00000000) refers (Special) to libinit2.o(.ARM.Collect$$libinit$$0000000A) for __rt_lib_init_heap_1
    libinit.o(.ARM.Collect$$libinit$$00000000) refers (Special) to libinit2.o(.ARM.Collect$$libinit$$00000011) for __rt_lib_init_lc_collate_1
    libinit.o(.ARM.Collect$$libinit$$00000000) refers (Special) to libinit2.o(.ARM.Collect$$libinit$$00000013) for __rt_lib_init_lc_ctype_1
    libinit.o(.ARM.Collect$$libinit$$00000000) refers (Special) to libinit2.o(.ARM.Collect$$libinit$$00000015) for __rt_lib_init_lc_monetary_1
    libinit.o(.ARM.Collect$$libinit$$00000000) refers (Special) to libinit2.o(.ARM.Collect$$libinit$$00000017) for __rt_lib_init_lc_numeric_1
    libinit.o(.ARM.Collect$$libinit$$00000000) refers (Special) to libinit2.o(.ARM.Collect$$libinit$$00000019) for __rt_lib_init_lc_time_1
    libinit.o(.ARM.Collect$$libinit$$00000000) refers (Special) to libinit2.o(.ARM.Collect$$libinit$$00000004) for __rt_lib_init_preinit_1
    libinit.o(.ARM.Collect$$libinit$$00000000) refers (Special) to libinit2.o(.ARM.Collect$$libinit$$0000000E) for __rt_lib_init_rand_1
    libinit.o(.ARM.Collect$$libinit$$00000000) refers (Special) to libinit2.o(.ARM.Collect$$libinit$$00000033) for __rt_lib_init_return
    libinit.o(.ARM.Collect$$libinit$$00000000) refers (Special) to libinit2.o(.ARM.Collect$$libinit$$0000001D) for __rt_lib_init_signal_1
    libinit.o(.ARM.Collect$$libinit$$00000000) refers (Special) to libinit2.o(.ARM.Collect$$libinit$$00000025) for __rt_lib_init_stdio_1
    libinit.o(.ARM.Collect$$libinit$$00000000) refers (Special) to libinit2.o(.ARM.Collect$$libinit$$0000000C) for __rt_lib_init_user_alloc_1
    cmpret.o(.text) refers (Special) to usenofp.o(x$fpl$usenofp) for __I$use$fp
    dnan2.o(.text) refers (Special) to usenofp.o(x$fpl$usenofp) for __I$use$fp
    dnan2.o(.text) refers to retnan.o(.text) for __fpl_return_NaN
    libspace.o(.text) refers to libspace.o(.bss) for __libspace_start
    rtexit.o(.ARM.Collect$$rtexit$$00000000) refers (Special) to rtexit2.o(.ARM.Collect$$rtexit$$00000004) for __rt_exit_exit
    rtexit.o(.ARM.Collect$$rtexit$$00000000) refers (Special) to rtexit2.o(.ARM.Collect$$rtexit$$00000003) for __rt_exit_ls
    rtexit.o(.ARM.Collect$$rtexit$$00000000) refers (Special) to rtexit2.o(.ARM.Collect$$rtexit$$00000002) for __rt_exit_prels_1
    rtexit.o(.ARM.exidx) refers (Special) to rtexit2.o(.ARM.Collect$$rtexit$$00000004) for __rt_exit_exit
    rtexit.o(.ARM.exidx) refers (Special) to rtexit2.o(.ARM.Collect$$rtexit$$00000003) for __rt_exit_ls
    rtexit.o(.ARM.exidx) refers (Special) to rtexit2.o(.ARM.Collect$$rtexit$$00000002) for __rt_exit_prels_1
    rtexit.o(.ARM.exidx) refers to rtexit.o(.ARM.Collect$$rtexit$$00000000) for .ARM.Collect$$rtexit$$00000000
    rt_raise.o(.text) refers to __raise.o(.text) for __raise
    rt_raise.o(.text) refers to sys_exit.o(.text) for _sys_exit
    defsig_exit.o(.text) refers to sys_exit.o(.text) for _sys_exit
    defsig_fpe_inner.o(.text) refers to defsig_general.o(.text) for __default_signal_display
    libinit2.o(.ARM.Collect$$libinit$$00000010) refers to libinit2.o(.ARM.Collect$$libinit$$0000000F) for .ARM.Collect$$libinit$$0000000F
    libinit2.o(.ARM.Collect$$libinit$$00000012) refers to libinit2.o(.ARM.Collect$$libinit$$0000000F) for .ARM.Collect$$libinit$$0000000F
    libinit2.o(.ARM.Collect$$libinit$$00000014) refers to libinit2.o(.ARM.Collect$$libinit$$0000000F) for .ARM.Collect$$libinit$$0000000F
    libinit2.o(.ARM.Collect$$libinit$$00000016) refers to libinit2.o(.ARM.Collect$$libinit$$0000000F) for .ARM.Collect$$libinit$$0000000F
    libinit2.o(.ARM.Collect$$libinit$$00000018) refers to libinit2.o(.ARM.Collect$$libinit$$0000000F) for .ARM.Collect$$libinit$$0000000F
    libinit2.o(.ARM.Collect$$libinit$$00000026) refers to argv_veneer.o(.text) for __ARM_argv_veneer
    libinit2.o(.ARM.Collect$$libinit$$00000027) refers to argv_veneer.o(.text) for __ARM_argv_veneer
    retnan.o(.text) refers (Special) to usenofp.o(x$fpl$usenofp) for __I$use$fp
    retnan.o(.text) refers to cmpret.o(.text) for __fpl_cmpreturn
    sys_exit.o(.text) refers (Special) to use_no_semi.o(.text) for __I$use$semihosting
    sys_exit.o(.text) refers (Special) to indicate_semi.o(.text) for __semihosting_library_function
    rtexit2.o(.ARM.Collect$$rtexit$$00000003) refers to libshutdown.o(.ARM.Collect$$libshutdown$$00000000) for __rt_lib_shutdown
    rtexit2.o(.ARM.Collect$$rtexit$$00000004) refers to sys_exit.o(.text) for _sys_exit
    rtexit2.o(.ARM.exidx) refers to rtexit2.o(.ARM.Collect$$rtexit$$00000001) for .ARM.Collect$$rtexit$$00000001
    rtexit2.o(.ARM.exidx) refers to rtexit2.o(.ARM.Collect$$rtexit$$00000003) for .ARM.Collect$$rtexit$$00000003
    rtexit2.o(.ARM.exidx) refers to rtexit2.o(.ARM.Collect$$rtexit$$00000004) for .ARM.Collect$$rtexit$$00000004
    __raise.o(.text) refers to defsig.o(CL$$defsig) for __default_signal_handler
    defsig_general.o(.text) refers to sys_wrch.o(.text) for _ttywrch
    sys_wrch.o(.text) refers (Special) to use_no_semi.o(.text) for __I$use$semihosting
    sys_wrch.o(.text) refers (Special) to indicate_semi.o(.text) for __semihosting_library_function
    defsig.o(CL$$defsig) refers to defsig_fpe_inner.o(.text) for __rt_SIGFPE_inner
    defsig.o(CL$$defsig) refers to defsig_rtmem_inner.o(.text) for __rt_SIGRTMEM_inner
    _get_argv_nomalloc.o(.text) refers (Special) to hrguard.o(.text) for __heap_region$guard
    _get_argv_nomalloc.o(.text) refers to defsig_rtmem_outer.o(.text) for __rt_SIGRTMEM
    _get_argv_nomalloc.o(.text) refers to sys_command.o(.text) for _sys_command_string
    libshutdown.o(.ARM.Collect$$libshutdown$$00000000) refers (Special) to libshutdown2.o(.ARM.Collect$$libshutdown$$00000004) for __rt_lib_shutdown_cpp_1
    libshutdown.o(.ARM.Collect$$libshutdown$$00000000) refers (Special) to libshutdown2.o(.ARM.Collect$$libshutdown$$00000002) for __rt_lib_shutdown_fini_1
    libshutdown.o(.ARM.Collect$$libshutdown$$00000000) refers (Special) to libshutdown2.o(.ARM.Collect$$libshutdown$$00000009) for __rt_lib_shutdown_fp_trap_1
    libshutdown.o(.ARM.Collect$$libshutdown$$00000000) refers (Special) to libshutdown2.o(.ARM.Collect$$libshutdown$$00000011) for __rt_lib_shutdown_heap_1
    libshutdown.o(.ARM.Collect$$libshutdown$$00000000) refers (Special) to libshutdown2.o(.ARM.Collect$$libshutdown$$00000012) for __rt_lib_shutdown_return
    libshutdown.o(.ARM.Collect$$libshutdown$$00000000) refers (Special) to libshutdown2.o(.ARM.Collect$$libshutdown$$0000000C) for __rt_lib_shutdown_signal_1
    libshutdown.o(.ARM.Collect$$libshutdown$$00000000) refers (Special) to libshutdown2.o(.ARM.Collect$$libshutdown$$00000006) for __rt_lib_shutdown_stdio_1
    libshutdown.o(.ARM.Collect$$libshutdown$$00000000) refers (Special) to libshutdown2.o(.ARM.Collect$$libshutdown$$0000000E) for __rt_lib_shutdown_user_alloc_1
    sys_command.o(.text) refers (Special) to use_no_semi.o(.text) for __I$use$semihosting
    sys_command.o(.text) refers (Special) to indicate_semi.o(.text) for __semihosting_library_function
    defsig_abrt_inner.o(.text) refers to defsig_general.o(.text) for __default_signal_display
    defsig_rtred_inner.o(.text) refers to defsig_general.o(.text) for __default_signal_display
    defsig_rtmem_inner.o(.text) refers to defsig_general.o(.text) for __default_signal_display
    defsig_rtmem_outer.o(.text) refers to defsig_rtmem_inner.o(.text) for __rt_SIGRTMEM_inner
    defsig_rtmem_outer.o(.text) refers to defsig_exit.o(.text) for __sig_exit
    defsig_rtmem_formal.o(.text) refers to rt_raise.o(.text) for __rt_raise
    defsig_stak_inner.o(.text) refers to defsig_general.o(.text) for __default_signal_display
    defsig_pvfn_inner.o(.text) refers to defsig_general.o(.text) for __default_signal_display
    defsig_cppl_inner.o(.text) refers to defsig_general.o(.text) for __default_signal_display
    defsig_segv_inner.o(.text) refers to defsig_general.o(.text) for __default_signal_display
    defsig_other.o(.text) refers to defsig_general.o(.text) for __default_signal_display


==============================================================================

Removing Unused input sections from the image.

    Removing main.o(.rev16_text), (4 bytes).
    Removing main.o(.revsh_text), (4 bytes).
    Removing i2c.o(.rev16_text), (4 bytes).
    Removing i2c.o(.revsh_text), (4 bytes).
    Removing i2c.o(i.i2c_m_rstart), (20 bytes).
    Removing lcd1602.o(.rev16_text), (4 bytes).
    Removing lcd1602.o(.revsh_text), (4 bytes).
    Removing buttons.o(.rev16_text), (4 bytes).
    Removing buttons.o(.revsh_text), (4 bytes).
    Removing rtc.o(.rev16_text), (4 bytes).
    Removing rtc.o(.revsh_text), (4 bytes).
    Removing chess.o(.rev16_text), (4 bytes).
    Removing chess.o(.revsh_text), (4 bytes).
    Removing chess.o(i.analyze_board), (5428 bytes).
    Removing chess.o(i.checksetbit), (34 bytes).
    Removing chess.o(i.copyprevboard), (48 bytes).
    Removing chess.o(i.copyprevdetect), (48 bytes).
    Removing chess.o(i.countsetbits), (20 bytes).
    Removing chess.o(i.search_array), (92 bytes).
    Removing chess.o(i.substract), (56 bytes).
    Removing chess.o(.bss), (384 bytes).
    Removing chess.o(.data), (134 bytes).
    Removing keypad.o(.rev16_text), (4 bytes).
    Removing keypad.o(.revsh_text), (4 bytes).
    Removing tpm.o(.rev16_text), (4 bytes).
    Removing tpm.o(.revsh_text), (4 bytes).
    Removing ws2812.o(.rev16_text), (4 bytes).
    Removing ws2812.o(.revsh_text), (4 bytes).
    Removing clock.o(.rev16_text), (4 bytes).
    Removing clock.o(.revsh_text), (4 bytes).
    Removing engine.o(.rev16_text), (4 bytes).
    Removing engine.o(.revsh_text), (4 bytes).
    Removing uart0.o(.rev16_text), (4 bytes).
    Removing uart0.o(.revsh_text), (4 bytes).
    Removing system_mkl05z4.o(.rev16_text), (4 bytes).
    Removing system_mkl05z4.o(.revsh_text), (4 bytes).
    Removing system_mkl05z4.o(i.SystemCoreClockUpdate), (280 bytes).
    Removing system_mkl05z4.o(.data), (4 bytes).

38 unused section(s) (total 6652 bytes) removed from the image.

==============================================================================

Image Symbol Table

    Local Symbols

    Symbol Name                              Value     Ov Type        Size  Object(Section)

    RESET                                    0x00000000   Section      192  startup_mkl05z4.o(RESET)
    ../clib/angel/boardlib.s                 0x00000000   Number         0  boardinit2.o ABSOLUTE
    ../clib/angel/boardlib.s                 0x00000000   Number         0  boardshut.o ABSOLUTE
    ../clib/angel/boardlib.s                 0x00000000   Number         0  boardinit1.o ABSOLUTE
    ../clib/angel/boardlib.s                 0x00000000   Number         0  boardinit3.o ABSOLUTE
    ../clib/angel/handlers.s                 0x00000000   Number         0  __scatter_zi.o ABSOLUTE
    ../clib/angel/handlers.s                 0x00000000   Number         0  __scatter_copy.o ABSOLUTE
    ../clib/angel/kernel.s                   0x00000000   Number         0  __rtentry.o ABSOLUTE
    ../clib/angel/kernel.s                   0x00000000   Number         0  rtexit.o ABSOLUTE
    ../clib/angel/kernel.s                   0x00000000   Number         0  rtexit2.o ABSOLUTE
    ../clib/angel/kernel.s                   0x00000000   Number         0  __rtentry4.o ABSOLUTE
    ../clib/angel/kernel.s                   0x00000000   Number         0  __rtentry2.o ABSOLUTE
    ../clib/angel/rt.s                       0x00000000   Number         0  aeabi_idiv0.o ABSOLUTE
    ../clib/angel/rt.s                       0x00000000   Number         0  aeabi_idiv0_sigfpe.o ABSOLUTE
    ../clib/angel/rt.s                       0x00000000   Number         0  rt_div0.o ABSOLUTE
    ../clib/angel/rt.s                       0x00000000   Number         0  rt_raise.o ABSOLUTE
    ../clib/angel/scatterp.s                 0x00000000   Number         0  __scatter.o ABSOLUTE
    ../clib/angel/startup.s                  0x00000000   Number         0  __main.o ABSOLUTE
    ../clib/angel/sys.s                      0x00000000   Number         0  use_no_semi.o ABSOLUTE
    ../clib/angel/sys.s                      0x00000000   Number         0  libspace.o ABSOLUTE
    ../clib/angel/sys.s                      0x00000000   Number         0  tempstk.o ABSOLUTE
    ../clib/angel/sys.s                      0x00000000   Number         0  sys_stackheap_outer.o ABSOLUTE
    ../clib/angel/sys.s                      0x00000000   Number         0  indicate_semi.o ABSOLUTE
    ../clib/angel/sysapp.c                   0x00000000   Number         0  sys_wrch.o ABSOLUTE
    ../clib/angel/sysapp.c                   0x00000000   Number         0  sys_exit.o ABSOLUTE
    ../clib/angel/sysapp.c                   0x00000000   Number         0  sys_command.o ABSOLUTE
    ../clib/armsys.c                         0x00000000   Number         0  argv_veneer.o ABSOLUTE
    ../clib/armsys.c                         0x00000000   Number         0  no_argv.o ABSOLUTE
    ../clib/armsys.c                         0x00000000   Number         0  _get_argv_nomalloc.o ABSOLUTE
    ../clib/division.c                       0x00000000   Number         0  rtudiv10.o ABSOLUTE
    ../clib/division.s                       0x00000000   Number         0  aeabi_sdiv_div0.o ABSOLUTE
    ../clib/division.s                       0x00000000   Number         0  aeabi_sdiv.o ABSOLUTE
    ../clib/heapalloc.c                      0x00000000   Number         0  hrguard.o ABSOLUTE
    ../clib/heapaux.c                        0x00000000   Number         0  heapauxi.o ABSOLUTE
    ../clib/libinit.s                        0x00000000   Number         0  libinit.o ABSOLUTE
    ../clib/libinit.s                        0x00000000   Number         0  libinit2.o ABSOLUTE
    ../clib/libinit.s                        0x00000000   Number         0  libshutdown.o ABSOLUTE
    ../clib/libinit.s                        0x00000000   Number         0  libshutdown2.o ABSOLUTE
    ../clib/memcpset.c                       0x00000000   Number         0  rt_memcpy.o ABSOLUTE
    ../clib/memcpset.c                       0x00000000   Number         0  rt_memcpy.o ABSOLUTE
    ../clib/misc.s                           0x00000000   Number         0  printf_stubs.o ABSOLUTE
    ../clib/printf.c                         0x00000000   Number         0  _sputc.o ABSOLUTE
    ../clib/printf.c                         0x00000000   Number         0  _printf_char.o ABSOLUTE
    ../clib/printf.c                         0x00000000   Number         0  _printf_str.o ABSOLUTE
    ../clib/printf.c                         0x00000000   Number         0  _printf_pad.o ABSOLUTE
    ../clib/printf.c                         0x00000000   Number         0  __printf_nopercent.o ABSOLUTE
    ../clib/printf.c                         0x00000000   Number         0  __printf_flags.o ABSOLUTE
    ../clib/printf.c                         0x00000000   Number         0  __printf_ss_wp.o ABSOLUTE
    ../clib/printf.c                         0x00000000   Number         0  __printf_ss.o ABSOLUTE
    ../clib/printf.c                         0x00000000   Number         0  _printf_dec.o ABSOLUTE
    ../clib/printf.c                         0x00000000   Number         0  __printf_flags_wp.o ABSOLUTE
    ../clib/printf.c                         0x00000000   Number         0  __printf_flags_ss_wp.o ABSOLUTE
    ../clib/printf.c                         0x00000000   Number         0  _printf_char_common.o ABSOLUTE
    ../clib/printf.c                         0x00000000   Number         0  __2sprintf.o ABSOLUTE
    ../clib/printf.c                         0x00000000   Number         0  __printf_flags_ss.o ABSOLUTE
    ../clib/printf.c                         0x00000000   Number         0  _printf_intcommon.o ABSOLUTE
    ../clib/printf.c                         0x00000000   Number         0  __printf_wp.o ABSOLUTE
    ../clib/printf.c                         0x00000000   Number         0  __printf.o ABSOLUTE
    ../clib/printf.c                         0x00000000   Number         0  noretval__2sprintf.o ABSOLUTE
    ../clib/printf_percent.s                 0x00000000   Number         0  _printf_u.o ABSOLUTE
    ../clib/printf_percent.s                 0x00000000   Number         0  _printf_percent.o ABSOLUTE
    ../clib/printf_percent.s                 0x00000000   Number         0  _printf_percent_end.o ABSOLUTE
    ../clib/printf_percent.s                 0x00000000   Number         0  _printf_d.o ABSOLUTE
    ../clib/printf_percent.s                 0x00000000   Number         0  _printf_c.o ABSOLUTE
    ../clib/signal.c                         0x00000000   Number         0  defsig_exit.o ABSOLUTE
    ../clib/signal.c                         0x00000000   Number         0  defsig_fpe_outer.o ABSOLUTE
    ../clib/signal.c                         0x00000000   Number         0  defsig_fpe_inner.o ABSOLUTE
    ../clib/signal.c                         0x00000000   Number         0  defsig_abrt_inner.o ABSOLUTE
    ../clib/signal.c                         0x00000000   Number         0  defsig_fpe_formal.o ABSOLUTE
    ../clib/signal.c                         0x00000000   Number         0  defsig_rtmem_inner.o ABSOLUTE
    ../clib/signal.c                         0x00000000   Number         0  defsig_rtmem_outer.o ABSOLUTE
    ../clib/signal.c                         0x00000000   Number         0  defsig_stak_inner.o ABSOLUTE
    ../clib/signal.c                         0x00000000   Number         0  defsig_pvfn_inner.o ABSOLUTE
    ../clib/signal.c                         0x00000000   Number         0  defsig_cppl_inner.o ABSOLUTE
    ../clib/signal.c                         0x00000000   Number         0  defsig_segv_inner.o ABSOLUTE
    ../clib/signal.c                         0x00000000   Number         0  defsig_other.o ABSOLUTE
    ../clib/signal.c                         0x00000000   Number         0  defsig_rtmem_formal.o ABSOLUTE
    ../clib/signal.c                         0x00000000   Number         0  defsig_general.o ABSOLUTE
    ../clib/signal.c                         0x00000000   Number         0  __raise.o ABSOLUTE
    ../clib/signal.c                         0x00000000   Number         0  defsig_rtred_inner.o ABSOLUTE
    ../clib/signal.s                         0x00000000   Number         0  defsig.o ABSOLUTE
    ../clib/stdlib.c                         0x00000000   Number         0  exit.o ABSOLUTE
    ../fplib/cfplib/cmpret.c                 0x00000000   Number         0  cmpret.o ABSOLUTE
    ../fplib/cfplib/daddsub.c                0x00000000   Number         0  daddsub.o ABSOLUTE
    ../fplib/cfplib/dcmpin.c                 0x00000000   Number         0  dcmpin.o ABSOLUTE
    ../fplib/cfplib/ffix.c                   0x00000000   Number         0  dfixui.o ABSOLUTE
    ../fplib/cfplib/fflt.c                   0x00000000   Number         0  dflti.o ABSOLUTE
    ../fplib/cfplib/fpinit.c                 0x00000000   Number         0  fpinit.o ABSOLUTE
    ../fplib/cfplib/nan2.c                   0x00000000   Number         0  dnan2.o ABSOLUTE
    ../fplib/cfplib/retnan.c                 0x00000000   Number         0  retnan.o ABSOLUTE
    ../fplib/drleqf6m.s                      0x00000000   Number         0  drlef.o ABSOLUTE
    ../fplib/usenofp.s                       0x00000000   Number         0  usenofp.o ABSOLUTE
    ../mathlib/floor.c                       0x00000000   Number         0  floor.o ABSOLUTE
    RTE\Device\MKL05Z32xxx4\startup_MKL05Z4.s 0x00000000   Number         0  startup_mkl05z4.o ABSOLUTE
    RTE\Device\MKL05Z32xxx4\system_MKL05Z4.c 0x00000000   Number         0  system_mkl05z4.o ABSOLUTE
    RTE\\Device\\MKL05Z32xxx4\\system_MKL05Z4.c 0x00000000   Number         0  system_mkl05z4.o ABSOLUTE
    buttons.c                                0x00000000   Number         0  buttons.o ABSOLUTE
    buttons.c                                0x00000000   Number         0  buttons.o ABSOLUTE
    chess.c                                  0x00000000   Number         0  chess.o ABSOLUTE
    chess.c                                  0x00000000   Number         0  chess.o ABSOLUTE
    clock.c                                  0x00000000   Number         0  clock.o ABSOLUTE
    clock.c                                  0x00000000   Number         0  clock.o ABSOLUTE
    dc.s                                     0x00000000   Number         0  dc.o ABSOLUTE
    engine.c                                 0x00000000   Number         0  engine.o ABSOLUTE
    engine.c                                 0x00000000   Number         0  engine.o ABSOLUTE
    i2c.c                                    0x00000000   Number         0  i2c.o ABSOLUTE
    i2c.c                                    0x00000000   Number         0  i2c.o ABSOLUTE
    keypad.c                                 0x00000000   Number         0  keypad.o ABSOLUTE
    keypad.c                                 0x00000000   Number         0  keypad.o ABSOLUTE
    lcd1602.c                                0x00000000   Number         0  lcd1602.o ABSOLUTE
    lcd1602.c                                0x00000000   Number         0  lcd1602.o ABSOLUTE
    main.c                                   0x00000000   Number         0  main.o ABSOLUTE
    main.c                                   0x00000000   Number         0  main.o ABSOLUTE
    rtc.c                                    0x00000000   Number         0  rtc.o ABSOLUTE
    rtc.c                                    0x00000000   Number         0  rtc.o ABSOLUTE
    tpm.c                                    0x00000000   Number         0  tpm.o ABSOLUTE
    tpm.c                                    0x00000000   Number         0  tpm.o ABSOLUTE
    uart0.c                                  0x00000000   Number         0  uart0.o ABSOLUTE
    uart0.c                                  0x00000000   Number         0  uart0.o ABSOLUTE
    ws2812.c                                 0x00000000   Number         0  ws2812.o ABSOLUTE
    ws2812.c                                 0x00000000   Number         0  ws2812.o ABSOLUTE
    !!!main                                  0x000000c0   Section        8  __main.o(!!!main)
    !!!scatter                               0x000000c8   Section       60  __scatter.o(!!!scatter)
    !!handler_copy                           0x00000104   Section       26  __scatter_copy.o(!!handler_copy)
    !!handler_zi                             0x00000120   Section       28  __scatter_zi.o(!!handler_zi)
    .ARM.Collect$$_printf_percent$$00000000  0x0000013c   Section        2  _printf_percent.o(.ARM.Collect$$_printf_percent$$00000000)
    .ARM.Collect$$_printf_percent$$00000009  0x0000013e   Section       10  _printf_d.o(.ARM.Collect$$_printf_percent$$00000009)
    .ARM.Collect$$_printf_percent$$0000000A  0x00000148   Section       10  _printf_u.o(.ARM.Collect$$_printf_percent$$0000000A)
    .ARM.Collect$$_printf_percent$$00000013  0x00000152   Section       10  _printf_c.o(.ARM.Collect$$_printf_percent$$00000013)
    .ARM.Collect$$_printf_percent$$00000017  0x0000015c   Section        4  _printf_percent_end.o(.ARM.Collect$$_printf_percent$$00000017)
    .ARM.Collect$$libinit$$00000000          0x00000160   Section        2  libinit.o(.ARM.Collect$$libinit$$00000000)
    .ARM.Collect$$libinit$$00000002          0x00000162   Section        0  libinit2.o(.ARM.Collect$$libinit$$00000002)
    .ARM.Collect$$libinit$$00000004          0x00000162   Section        0  libinit2.o(.ARM.Collect$$libinit$$00000004)
    .ARM.Collect$$libinit$$0000000A          0x00000162   Section        0  libinit2.o(.ARM.Collect$$libinit$$0000000A)
    .ARM.Collect$$libinit$$0000000C          0x00000162   Section        0  libinit2.o(.ARM.Collect$$libinit$$0000000C)
    .ARM.Collect$$libinit$$0000000E          0x00000162   Section        0  libinit2.o(.ARM.Collect$$libinit$$0000000E)
    .ARM.Collect$$libinit$$00000011          0x00000162   Section        0  libinit2.o(.ARM.Collect$$libinit$$00000011)
    .ARM.Collect$$libinit$$00000013          0x00000162   Section        0  libinit2.o(.ARM.Collect$$libinit$$00000013)
    .ARM.Collect$$libinit$$00000015          0x00000162   Section        0  libinit2.o(.ARM.Collect$$libinit$$00000015)
    .ARM.Collect$$libinit$$00000017          0x00000162   Section        0  libinit2.o(.ARM.Collect$$libinit$$00000017)
    .ARM.Collect$$libinit$$00000019          0x00000162   Section        0  libinit2.o(.ARM.Collect$$libinit$$00000019)
    .ARM.Collect$$libinit$$0000001B          0x00000162   Section        0  libinit2.o(.ARM.Collect$$libinit$$0000001B)
    .ARM.Collect$$libinit$$0000001D          0x00000162   Section        0  libinit2.o(.ARM.Collect$$libinit$$0000001D)
    .ARM.Collect$$libinit$$0000001F          0x00000162   Section        0  libinit2.o(.ARM.Collect$$libinit$$0000001F)
    .ARM.Collect$$libinit$$00000021          0x00000162   Section        0  libinit2.o(.ARM.Collect$$libinit$$00000021)
    .ARM.Collect$$libinit$$00000023          0x00000162   Section        0  libinit2.o(.ARM.Collect$$libinit$$00000023)
    .ARM.Collect$$libinit$$00000025          0x00000162   Section        0  libinit2.o(.ARM.Collect$$libinit$$00000025)
    .ARM.Collect$$libinit$$0000002C          0x00000162   Section        0  libinit2.o(.ARM.Collect$$libinit$$0000002C)
    .ARM.Collect$$libinit$$0000002E          0x00000162   Section        0  libinit2.o(.ARM.Collect$$libinit$$0000002E)
    .ARM.Collect$$libinit$$00000030          0x00000162   Section        0  libinit2.o(.ARM.Collect$$libinit$$00000030)
    .ARM.Collect$$libinit$$00000032          0x00000162   Section        0  libinit2.o(.ARM.Collect$$libinit$$00000032)
    .ARM.Collect$$libinit$$00000033          0x00000162   Section        2  libinit2.o(.ARM.Collect$$libinit$$00000033)
    .ARM.Collect$$libshutdown$$00000000      0x00000164   Section        2  libshutdown.o(.ARM.Collect$$libshutdown$$00000000)
    .ARM.Collect$$libshutdown$$00000002      0x00000166   Section        0  libshutdown2.o(.ARM.Collect$$libshutdown$$00000002)
    .ARM.Collect$$libshutdown$$00000004      0x00000166   Section        0  libshutdown2.o(.ARM.Collect$$libshutdown$$00000004)
    .ARM.Collect$$libshutdown$$00000006      0x00000166   Section        0  libshutdown2.o(.ARM.Collect$$libshutdown$$00000006)
    .ARM.Collect$$libshutdown$$00000009      0x00000166   Section        0  libshutdown2.o(.ARM.Collect$$libshutdown$$00000009)
    .ARM.Collect$$libshutdown$$0000000C      0x00000166   Section        0  libshutdown2.o(.ARM.Collect$$libshutdown$$0000000C)
    .ARM.Collect$$libshutdown$$0000000E      0x00000166   Section        0  libshutdown2.o(.ARM.Collect$$libshutdown$$0000000E)
    .ARM.Collect$$libshutdown$$00000011      0x00000166   Section        0  libshutdown2.o(.ARM.Collect$$libshutdown$$00000011)
    .ARM.Collect$$libshutdown$$00000012      0x00000166   Section        2  libshutdown2.o(.ARM.Collect$$libshutdown$$00000012)
    .ARM.Collect$$rtentry$$00000000          0x00000168   Section        0  __rtentry.o(.ARM.Collect$$rtentry$$00000000)
    .ARM.Collect$$rtentry$$00000002          0x00000168   Section        0  __rtentry2.o(.ARM.Collect$$rtentry$$00000002)
    .ARM.Collect$$rtentry$$00000004          0x00000168   Section        6  __rtentry4.o(.ARM.Collect$$rtentry$$00000004)
    .ARM.Collect$$rtentry$$00000009          0x0000016e   Section        0  __rtentry2.o(.ARM.Collect$$rtentry$$00000009)
    .ARM.Collect$$rtentry$$0000000A          0x0000016e   Section        4  __rtentry2.o(.ARM.Collect$$rtentry$$0000000A)
    .ARM.Collect$$rtentry$$0000000C          0x00000172   Section        0  __rtentry2.o(.ARM.Collect$$rtentry$$0000000C)
    .ARM.Collect$$rtentry$$0000000D          0x00000172   Section        8  __rtentry2.o(.ARM.Collect$$rtentry$$0000000D)
    .ARM.Collect$$rtexit$$00000000           0x0000017a   Section        2  rtexit.o(.ARM.Collect$$rtexit$$00000000)
    .ARM.Collect$$rtexit$$00000002           0x0000017c   Section        0  rtexit2.o(.ARM.Collect$$rtexit$$00000002)
    .ARM.Collect$$rtexit$$00000003           0x0000017c   Section        4  rtexit2.o(.ARM.Collect$$rtexit$$00000003)
    .ARM.Collect$$rtexit$$00000004           0x00000180   Section        6  rtexit2.o(.ARM.Collect$$rtexit$$00000004)
    .emb_text                                0x00000188   Section       56  rt_memcpy.o(.emb_text)
    .text                                    0x000001c0   Section       52  startup_mkl05z4.o(.text)
    .text                                    0x000001f4   Section        0  noretval__2sprintf.o(.text)
    .text                                    0x0000021c   Section        0  _printf_pad.o(.text)
    .text                                    0x0000026a   Section        0  _printf_str.o(.text)
    .text                                    0x000002bc   Section        0  _printf_dec.o(.text)
    .text                                    0x00000328   Section        0  rt_memcpy.o(.text)
    .text                                    0x000003aa   Section        0  heapauxi.o(.text)
    .text                                    0x000003b0   Section        0  dfixui.o(.text)
    .text                                    0x000003f8   Section        8  libspace.o(.text)
    .ARM.__at_0x400                          0x00000400   Section       16  startup_mkl05z4.o(.ARM.__at_0x400)
    .text                                    0x00000410   Section        0  __printf_flags_wp.o(.text)
    .text                                    0x00000548   Section      346  aeabi_sdiv.o(.text)
    .text                                    0x000006a2   Section        0  dflti.o(.text)
    .text                                    0x000006fa   Section        0  _printf_intcommon.o(.text)
    .text                                    0x000007ac   Section        0  _printf_char_common.o(.text)
    _printf_input_char                       0x000007ad   Thumb Code    10  _printf_char_common.o(.text)
    .text                                    0x000007dc   Section        0  _sputc.o(.text)
    .text                                    0x000007e6   Section        0  _printf_char.o(.text)
    .text                                    0x00000814   Section        0  rtudiv10.o(.text)
    .text                                    0x0000083c   Section        0  daddsub.o(.text)
    _dadd1                                   0x0000083d   Thumb Code   290  daddsub.o(.text)
    _dsub1                                   0x0000095f   Thumb Code   470  daddsub.o(.text)
    .text                                    0x00000b94   Section        0  dcmpin.o(.text)
    .text                                    0x00000c24   Section       62  sys_stackheap_outer.o(.text)
    .text                                    0x00000c62   Section        0  exit.o(.text)
    .text                                    0x00000c72   Section        0  cmpret.o(.text)
    .text                                    0x00000ca0   Section        0  dnan2.o(.text)
    .text                                    0x00000cb4   Section        0  retnan.o(.text)
    .text                                    0x00000d14   Section        0  sys_exit.o(.text)
    .text                                    0x00000d20   Section        2  use_no_semi.o(.text)
    .text                                    0x00000d22   Section        0  indicate_semi.o(.text)
    i.I2C_Init                               0x00000d24   Section        0  i2c.o(i.I2C_Init)
    i.I2C_Write                              0x00000dac   Section        0  i2c.o(i.I2C_Write)
    i.LCD1602_Backlight                      0x00000dec   Section        0  lcd1602.o(i.LCD1602_Backlight)
    i.LCD1602_ClearAll                       0x00000e00   Section        0  lcd1602.o(i.LCD1602_ClearAll)
    i.LCD1602_Init                           0x00000e0c   Section        0  lcd1602.o(i.LCD1602_Init)
    i.LCD1602_Print                          0x00000e5c   Section        0  lcd1602.o(i.LCD1602_Print)
    i.LCD1602_SetCursor                      0x00000e78   Section        0  lcd1602.o(i.LCD1602_SetCursor)
    i.LCD1602_Write4                         0x00000e98   Section        0  lcd1602.o(i.LCD1602_Write4)
    i.LCD1602_Write8                         0x00000ee8   Section        0  lcd1602.o(i.LCD1602_Write8)
    i.PCF8574_Write                          0x00000f04   Section        0  lcd1602.o(i.PCF8574_Write)
    i.PORTB_IRQHandler                       0x00000f28   Section        0  buttons.o(i.PORTB_IRQHandler)
    i.RTCInit                                0x00000fe0   Section        0  rtc.o(i.RTCInit)
    i.RTC_IRQHandler                         0x00001074   Section        0  rtc.o(i.RTC_IRQHandler)
    i.SystemInit                             0x00001088   Section        0  system_mkl05z4.o(i.SystemInit)
    i.TPM0_IRQHandler                        0x000010e4   Section        0  tpm.o(i.TPM0_IRQHandler)
    i.TPM0_Init_OC                           0x000011a8   Section        0  tpm.o(i.TPM0_Init_OC)
    i.UART0_Init                             0x000012b8   Section        0  uart0.o(i.UART0_Init)
    i.UART_send                              0x0000132c   Section        0  uart0.o(i.UART_send)
    i.__ARM_common_switch8                   0x000013e8   Section        0  clock.o(i.__ARM_common_switch8)
    i.__NVIC_ClearPendingIRQ                 0x00001404   Section        0  tpm.o(i.__NVIC_ClearPendingIRQ)
    __NVIC_ClearPendingIRQ                   0x00001405   Thumb Code    18  tpm.o(i.__NVIC_ClearPendingIRQ)
    i.__NVIC_SetPriority                     0x0000141c   Section        0  buttons.o(i.__NVIC_SetPriority)
    __NVIC_SetPriority                       0x0000141d   Thumb Code   110  buttons.o(i.__NVIC_SetPriority)
    i.__NVIC_SetPriority                     0x00001494   Section        0  rtc.o(i.__NVIC_SetPriority)
    __NVIC_SetPriority                       0x00001495   Thumb Code   110  rtc.o(i.__NVIC_SetPriority)
    i.__NVIC_SetPriority                     0x0000150c   Section        0  tpm.o(i.__NVIC_SetPriority)
    __NVIC_SetPriority                       0x0000150d   Thumb Code   110  tpm.o(i.__NVIC_SetPriority)
    i._is_digit                              0x00001584   Section        0  __printf_wp.o(i._is_digit)
    i.analyze                                0x00001594   Section        0  engine.o(i.analyze)
    i.buttonsInitialize                      0x0000174c   Section        0  buttons.o(i.buttonsInitialize)
    i.check                                  0x000017dc   Section        0  keypad.o(i.check)
    i.clock_init                             0x00001880   Section        0  clock.o(i.clock_init)
    i.floor                                  0x000018d8   Section        0  floor.o(i.floor)
    i.generate_starting_board                0x000019a0   Section        0  engine.o(i.generate_starting_board)
    i.i2c_disable                            0x00001ccc   Section        0  i2c.o(i.i2c_disable)
    i.i2c_enable                             0x00001ce0   Section        0  i2c.o(i.i2c_enable)
    i.i2c_m_start                            0x00001cf4   Section        0  i2c.o(i.i2c_m_start)
    i.i2c_m_stop                             0x00001d08   Section        0  i2c.o(i.i2c_m_stop)
    i.i2c_send                               0x00001d1c   Section        0  i2c.o(i.i2c_send)
    i.i2c_tran                               0x00001d28   Section        0  i2c.o(i.i2c_tran)
    i.i2c_wait                               0x00001d3c   Section        0  i2c.o(i.i2c_wait)
    i.keypad_init                            0x00001d9c   Section        0  keypad.o(i.keypad_init)
    i.main                                   0x00001edc   Section        0  main.o(i.main)
    i.menu                                   0x00001f04   Section        0  clock.o(i.menu)
    i.setLed                                 0x00001fb4   Section        0  ws2812.o(i.setLed)
    i.update_game                            0x00001fcc   Section        0  clock.o(i.update_game)
    i.update_lcd                             0x000020c4   Section        0  clock.o(i.update_lcd)
    i.update_time                            0x000021f4   Section        0  clock.o(i.update_time)
    x$fpl$drleqf                             0x0000238c   Section      104  drlef.o(x$fpl$drleqf)
    .constdata                               0x000023f4   Section       17  __printf_flags_wp.o(.constdata)
    x$fpl$usenofp                            0x000023f4   Section        0  usenofp.o(x$fpl$usenofp)
    maptable                                 0x000023f4   Data          17  __printf_flags_wp.o(.constdata)
    .data                                    0x1ffffc00   Section        4  i2c.o(.data)
    error                                    0x1ffffc00   Data           1  i2c.o(.data)
    timeout                                  0x1ffffc02   Data           2  i2c.o(.data)
    .data                                    0x1ffffc04   Section        1  lcd1602.o(.data)
    lcd_backlight                            0x1ffffc04   Data           1  lcd1602.o(.data)
    .data                                    0x1ffffc05   Section        2  buttons.o(.data)
    .data                                    0x1ffffc07   Section        3  tpm.o(.data)
    .data                                    0x1ffffc0a   Section       38  clock.o(.data)
    .data                                    0x1ffffc30   Section        4  engine.o(.data)
    .data                                    0x1ffffc34   Section       23  uart0.o(.data)
    .bss                                     0x1ffffc4c   Section       16  keypad.o(.bss)
    .bss                                     0x1ffffc5c   Section      256  ws2812.o(.bss)
    .bss                                     0x1ffffd5c   Section      208  clock.o(.bss)
    .bss                                     0x1ffffe2c   Section       96  libspace.o(.bss)
    HEAP                                     0x1ffffe90   Section        0  startup_mkl05z4.o(HEAP)
    STACK                                    0x1ffffe90   Section      256  startup_mkl05z4.o(STACK)
    Heap_Mem                                 0x1ffffe90   Data           0  startup_mkl05z4.o(HEAP)
    Stack_Mem                                0x1ffffe90   Data         256  startup_mkl05z4.o(STACK)
    __initial_sp                             0x1fffff90   Data           0  startup_mkl05z4.o(STACK)

    Global Symbols

    Symbol Name                              Value     Ov Type        Size  Object(Section)

    BuildAttributes$$THM_ISAv3M$S$PE$A:L22$X:L11$S22$IEEE1$IW$USESV6$~STKCKD$USESV7$~SHL$OTIME$ROPI$IEEEJ$EBA8$UX$STANDARDLIB$REQ8$PRES8$EABIv2 0x00000000   Number         0  anon$$obj.o ABSOLUTE
    __ARM_use_no_argv                        0x00000000   Number         0  main.o ABSOLUTE
    __Vectors                                0x00000000   Data           4  startup_mkl05z4.o(RESET)
    _printf_flags                            0x00000000   Number         0  printf_stubs.o ABSOLUTE
    _printf_return_value                     0x00000000   Number         0  printf_stubs.o ABSOLUTE
    _printf_sizespec                         0x00000000   Number         0  printf_stubs.o ABSOLUTE
    _printf_widthprec                        0x00000000   Number         0  printf_stubs.o ABSOLUTE
    __ARM_exceptions_init                     - Undefined Weak Reference
    __alloca_initialize                       - Undefined Weak Reference
    __arm_fini_                               - Undefined Weak Reference
    __arm_preinit_                            - Undefined Weak Reference
    __cpp_initialize__aeabi_                  - Undefined Weak Reference
    __cxa_finalize                            - Undefined Weak Reference
    __rt_locale                               - Undefined Weak Reference
    __sigvec_lookup                           - Undefined Weak Reference
    _atexit_init                              - Undefined Weak Reference
    _call_atexit_fns                          - Undefined Weak Reference
    _clock_init                               - Undefined Weak Reference
    _fp_trap_init                             - Undefined Weak Reference
    _fp_trap_shutdown                         - Undefined Weak Reference
    _get_lc_collate                           - Undefined Weak Reference
    _get_lc_ctype                             - Undefined Weak Reference
    _get_lc_monetary                          - Undefined Weak Reference
    _get_lc_numeric                           - Undefined Weak Reference
    _get_lc_time                              - Undefined Weak Reference
    _getenv_init                              - Undefined Weak Reference
    _handle_redirection                       - Undefined Weak Reference
    _init_alloc                               - Undefined Weak Reference
    _init_user_alloc                          - Undefined Weak Reference
    _initio                                   - Undefined Weak Reference
    _printf_mbtowc                            - Undefined Weak Reference
    _printf_truncate_signed                   - Undefined Weak Reference
    _printf_truncate_unsigned                 - Undefined Weak Reference
    _rand_init                                - Undefined Weak Reference
    _signal_finish                            - Undefined Weak Reference
    _signal_init                              - Undefined Weak Reference
    _terminate_alloc                          - Undefined Weak Reference
    _terminate_user_alloc                     - Undefined Weak Reference
    _terminateio                              - Undefined Weak Reference
    __Vectors_End                            0x000000c0   Data           0  startup_mkl05z4.o(RESET)
    __Vectors_Size                           0x000000c0   Number         0  startup_mkl05z4.o ABSOLUTE
    __main                                   0x000000c1   Thumb Code     8  __main.o(!!!main)
    __scatterload                            0x000000c9   Thumb Code     0  __scatter.o(!!!scatter)
    __scatterload_rt2                        0x000000c9   Thumb Code    52  __scatter.o(!!!scatter)
    __scatterload_rt2_thumb_only             0x000000c9   Thumb Code     0  __scatter.o(!!!scatter)
    __scatterload_null                       0x000000d9   Thumb Code     0  __scatter.o(!!!scatter)
    __scatterload_copy                       0x00000105   Thumb Code    26  __scatter_copy.o(!!handler_copy)
    __scatterload_zeroinit                   0x00000121   Thumb Code    28  __scatter_zi.o(!!handler_zi)
    _printf_percent                          0x0000013d   Thumb Code     0  _printf_percent.o(.ARM.Collect$$_printf_percent$$00000000)
    _printf_d                                0x0000013f   Thumb Code     0  _printf_d.o(.ARM.Collect$$_printf_percent$$00000009)
    _printf_u                                0x00000149   Thumb Code     0  _printf_u.o(.ARM.Collect$$_printf_percent$$0000000A)
    _printf_c                                0x00000153   Thumb Code     0  _printf_c.o(.ARM.Collect$$_printf_percent$$00000013)
    _printf_percent_end                      0x0000015d   Thumb Code     0  _printf_percent_end.o(.ARM.Collect$$_printf_percent$$00000017)
    __rt_lib_init                            0x00000161   Thumb Code     0  libinit.o(.ARM.Collect$$libinit$$00000000)
    __rt_lib_init_alloca_1                   0x00000163   Thumb Code     0  libinit2.o(.ARM.Collect$$libinit$$0000002E)
    __rt_lib_init_argv_1                     0x00000163   Thumb Code     0  libinit2.o(.ARM.Collect$$libinit$$0000002C)
    __rt_lib_init_atexit_1                   0x00000163   Thumb Code     0  libinit2.o(.ARM.Collect$$libinit$$0000001B)
    __rt_lib_init_clock_1                    0x00000163   Thumb Code     0  libinit2.o(.ARM.Collect$$libinit$$00000021)
    __rt_lib_init_cpp_1                      0x00000163   Thumb Code     0  libinit2.o(.ARM.Collect$$libinit$$00000032)
    __rt_lib_init_exceptions_1               0x00000163   Thumb Code     0  libinit2.o(.ARM.Collect$$libinit$$00000030)
    __rt_lib_init_fp_1                       0x00000163   Thumb Code     0  libinit2.o(.ARM.Collect$$libinit$$00000002)
    __rt_lib_init_fp_trap_1                  0x00000163   Thumb Code     0  libinit2.o(.ARM.Collect$$libinit$$0000001F)
    __rt_lib_init_getenv_1                   0x00000163   Thumb Code     0  libinit2.o(.ARM.Collect$$libinit$$00000023)
    __rt_lib_init_heap_1                     0x00000163   Thumb Code     0  libinit2.o(.ARM.Collect$$libinit$$0000000A)
    __rt_lib_init_lc_collate_1               0x00000163   Thumb Code     0  libinit2.o(.ARM.Collect$$libinit$$00000011)
    __rt_lib_init_lc_ctype_1                 0x00000163   Thumb Code     0  libinit2.o(.ARM.Collect$$libinit$$00000013)
    __rt_lib_init_lc_monetary_1              0x00000163   Thumb Code     0  libinit2.o(.ARM.Collect$$libinit$$00000015)
    __rt_lib_init_lc_numeric_1               0x00000163   Thumb Code     0  libinit2.o(.ARM.Collect$$libinit$$00000017)
    __rt_lib_init_lc_time_1                  0x00000163   Thumb Code     0  libinit2.o(.ARM.Collect$$libinit$$00000019)
    __rt_lib_init_preinit_1                  0x00000163   Thumb Code     0  libinit2.o(.ARM.Collect$$libinit$$00000004)
    __rt_lib_init_rand_1                     0x00000163   Thumb Code     0  libinit2.o(.ARM.Collect$$libinit$$0000000E)
    __rt_lib_init_return                     0x00000163   Thumb Code     0  libinit2.o(.ARM.Collect$$libinit$$00000033)
    __rt_lib_init_signal_1                   0x00000163   Thumb Code     0  libinit2.o(.ARM.Collect$$libinit$$0000001D)
    __rt_lib_init_stdio_1                    0x00000163   Thumb Code     0  libinit2.o(.ARM.Collect$$libinit$$00000025)
    __rt_lib_init_user_alloc_1               0x00000163   Thumb Code     0  libinit2.o(.ARM.Collect$$libinit$$0000000C)
    __rt_lib_shutdown                        0x00000165   Thumb Code     0  libshutdown.o(.ARM.Collect$$libshutdown$$00000000)
    __rt_lib_shutdown_cpp_1                  0x00000167   Thumb Code     0  libshutdown2.o(.ARM.Collect$$libshutdown$$00000004)
    __rt_lib_shutdown_fini_1                 0x00000167   Thumb Code     0  libshutdown2.o(.ARM.Collect$$libshutdown$$00000002)
    __rt_lib_shutdown_fp_trap_1              0x00000167   Thumb Code     0  libshutdown2.o(.ARM.Collect$$libshutdown$$00000009)
    __rt_lib_shutdown_heap_1                 0x00000167   Thumb Code     0  libshutdown2.o(.ARM.Collect$$libshutdown$$00000011)
    __rt_lib_shutdown_return                 0x00000167   Thumb Code     0  libshutdown2.o(.ARM.Collect$$libshutdown$$00000012)
    __rt_lib_shutdown_signal_1               0x00000167   Thumb Code     0  libshutdown2.o(.ARM.Collect$$libshutdown$$0000000C)
    __rt_lib_shutdown_stdio_1                0x00000167   Thumb Code     0  libshutdown2.o(.ARM.Collect$$libshutdown$$00000006)
    __rt_lib_shutdown_user_alloc_1           0x00000167   Thumb Code     0  libshutdown2.o(.ARM.Collect$$libshutdown$$0000000E)
    __rt_entry                               0x00000169   Thumb Code     0  __rtentry.o(.ARM.Collect$$rtentry$$00000000)
    __rt_entry_presh_1                       0x00000169   Thumb Code     0  __rtentry2.o(.ARM.Collect$$rtentry$$00000002)
    __rt_entry_sh                            0x00000169   Thumb Code     0  __rtentry4.o(.ARM.Collect$$rtentry$$00000004)
    __rt_entry_li                            0x0000016f   Thumb Code     0  __rtentry2.o(.ARM.Collect$$rtentry$$0000000A)
    __rt_entry_postsh_1                      0x0000016f   Thumb Code     0  __rtentry2.o(.ARM.Collect$$rtentry$$00000009)
    __rt_entry_main                          0x00000173   Thumb Code     0  __rtentry2.o(.ARM.Collect$$rtentry$$0000000D)
    __rt_entry_postli_1                      0x00000173   Thumb Code     0  __rtentry2.o(.ARM.Collect$$rtentry$$0000000C)
    __rt_exit                                0x0000017b   Thumb Code     0  rtexit.o(.ARM.Collect$$rtexit$$00000000)
    __rt_exit_ls                             0x0000017d   Thumb Code     0  rtexit2.o(.ARM.Collect$$rtexit$$00000003)
    __rt_exit_prels_1                        0x0000017d   Thumb Code     0  rtexit2.o(.ARM.Collect$$rtexit$$00000002)
    __rt_exit_exit                           0x00000181   Thumb Code     0  rtexit2.o(.ARM.Collect$$rtexit$$00000004)
    __aeabi_memcpy4                          0x00000189   Thumb Code    56  rt_memcpy.o(.emb_text)
    __aeabi_memcpy8                          0x00000189   Thumb Code     0  rt_memcpy.o(.emb_text)
    Reset_Handler                            0x000001c1   Thumb Code     8  startup_mkl05z4.o(.text)
    NMI_Handler                              0x000001c9   Thumb Code     2  startup_mkl05z4.o(.text)
    HardFault_Handler                        0x000001cb   Thumb Code     2  startup_mkl05z4.o(.text)
    SVC_Handler                              0x000001cd   Thumb Code     2  startup_mkl05z4.o(.text)
    PendSV_Handler                           0x000001cf   Thumb Code     2  startup_mkl05z4.o(.text)
    SysTick_Handler                          0x000001d1   Thumb Code     2  startup_mkl05z4.o(.text)
    ADC0_IRQHandler                          0x000001d3   Thumb Code     0  startup_mkl05z4.o(.text)
    CMP0_IRQHandler                          0x000001d3   Thumb Code     0  startup_mkl05z4.o(.text)
    DAC0_IRQHandler                          0x000001d3   Thumb Code     0  startup_mkl05z4.o(.text)
    DMA0_IRQHandler                          0x000001d3   Thumb Code     0  startup_mkl05z4.o(.text)
    DMA1_IRQHandler                          0x000001d3   Thumb Code     0  startup_mkl05z4.o(.text)
    DMA2_IRQHandler                          0x000001d3   Thumb Code     0  startup_mkl05z4.o(.text)
    DMA3_IRQHandler                          0x000001d3   Thumb Code     0  startup_mkl05z4.o(.text)
    DefaultISR                               0x000001d3   Thumb Code     0  startup_mkl05z4.o(.text)
    FTFA_IRQHandler                          0x000001d3   Thumb Code     0  startup_mkl05z4.o(.text)
    I2C0_IRQHandler                          0x000001d3   Thumb Code     0  startup_mkl05z4.o(.text)
    LLW_IRQHandler                           0x000001d3   Thumb Code     0  startup_mkl05z4.o(.text)
    LPTimer_IRQHandler                       0x000001d3   Thumb Code     0  startup_mkl05z4.o(.text)
    LVD_LVW_IRQHandler                       0x000001d3   Thumb Code     0  startup_mkl05z4.o(.text)
    MCG_IRQHandler                           0x000001d3   Thumb Code     0  startup_mkl05z4.o(.text)
    PIT_IRQHandler                           0x000001d3   Thumb Code     0  startup_mkl05z4.o(.text)
    PORTA_IRQHandler                         0x000001d3   Thumb Code     0  startup_mkl05z4.o(.text)
    RTC_Seconds_IRQHandler                   0x000001d3   Thumb Code     0  startup_mkl05z4.o(.text)
    Reserved20_IRQHandler                    0x000001d3   Thumb Code     0  startup_mkl05z4.o(.text)
    Reserved25_IRQHandler                    0x000001d3   Thumb Code     0  startup_mkl05z4.o(.text)
    Reserved27_IRQHandler                    0x000001d3   Thumb Code     0  startup_mkl05z4.o(.text)
    Reserved29_IRQHandler                    0x000001d3   Thumb Code     0  startup_mkl05z4.o(.text)
    Reserved30_IRQHandler                    0x000001d3   Thumb Code     0  startup_mkl05z4.o(.text)
    Reserved35_IRQHandler                    0x000001d3   Thumb Code     0  startup_mkl05z4.o(.text)
    Reserved39_IRQHandler                    0x000001d3   Thumb Code     0  startup_mkl05z4.o(.text)
    Reserved40_IRQHandler                    0x000001d3   Thumb Code     0  startup_mkl05z4.o(.text)
    Reserved45_IRQHandler                    0x000001d3   Thumb Code     0  startup_mkl05z4.o(.text)
    SPI0_IRQHandler                          0x000001d3   Thumb Code     0  startup_mkl05z4.o(.text)
    TPM1_IRQHandler                          0x000001d3   Thumb Code     0  startup_mkl05z4.o(.text)
    TSI0_IRQHandler                          0x000001d3   Thumb Code     0  startup_mkl05z4.o(.text)
    UART0_IRQHandler                         0x000001d3   Thumb Code     0  startup_mkl05z4.o(.text)
    __user_initial_stackheap                 0x000001d5   Thumb Code     0  startup_mkl05z4.o(.text)
    __2sprintf                               0x000001f5   Thumb Code    36  noretval__2sprintf.o(.text)
    _printf_pre_padding                      0x0000021d   Thumb Code    44  _printf_pad.o(.text)
    _printf_post_padding                     0x00000249   Thumb Code    34  _printf_pad.o(.text)
    _printf_str                              0x0000026b   Thumb Code    82  _printf_str.o(.text)
    _printf_int_dec                          0x000002bd   Thumb Code    90  _printf_dec.o(.text)
    __aeabi_memcpy                           0x00000329   Thumb Code   130  rt_memcpy.o(.text)
    __rt_memcpy                              0x00000329   Thumb Code     0  rt_memcpy.o(.text)
    __use_two_region_memory                  0x000003ab   Thumb Code     2  heapauxi.o(.text)
    __rt_heap_escrow$2region                 0x000003ad   Thumb Code     2  heapauxi.o(.text)
    __rt_heap_expand$2region                 0x000003af   Thumb Code     2  heapauxi.o(.text)
    __aeabi_d2uiz                            0x000003b1   Thumb Code     0  dfixui.o(.text)
    _dfixu                                   0x000003b1   Thumb Code    68  dfixui.o(.text)
    __user_libspace                          0x000003f9   Thumb Code     8  libspace.o(.text)
    __user_perproc_libspace                  0x000003f9   Thumb Code     0  libspace.o(.text)
    __user_perthread_libspace                0x000003f9   Thumb Code     0  libspace.o(.text)
    __printf                                 0x00000411   Thumb Code   306  __printf_flags_wp.o(.text)
    __aeabi_uidiv                            0x00000549   Thumb Code     0  aeabi_sdiv.o(.text)
    __aeabi_uidivmod                         0x00000549   Thumb Code    20  aeabi_sdiv.o(.text)
    __aeabi_idiv                             0x0000055d   Thumb Code     0  aeabi_sdiv.o(.text)
    __aeabi_idivmod                          0x0000055d   Thumb Code   326  aeabi_sdiv.o(.text)
    __aeabi_i2d_normalise                    0x000006a3   Thumb Code    66  dflti.o(.text)
    __aeabi_i2d                              0x000006e5   Thumb Code    16  dflti.o(.text)
    _dflt                                    0x000006e5   Thumb Code     0  dflti.o(.text)
    __aeabi_ui2d                             0x000006f5   Thumb Code     6  dflti.o(.text)
    _dfltu                                   0x000006f5   Thumb Code     0  dflti.o(.text)
    _printf_int_common                       0x000006fb   Thumb Code   176  _printf_intcommon.o(.text)
    _printf_char_common                      0x000007b7   Thumb Code    32  _printf_char_common.o(.text)
    _sputc                                   0x000007dd   Thumb Code    10  _sputc.o(.text)
    _printf_cs_common                        0x000007e7   Thumb Code    22  _printf_char.o(.text)
    _printf_char                             0x000007fd   Thumb Code    16  _printf_char.o(.text)
    _printf_string                           0x0000080d   Thumb Code     8  _printf_char.o(.text)
    __rt_udiv10                              0x00000815   Thumb Code    40  rtudiv10.o(.text)
    __aeabi_dadd                             0x00000b35   Thumb Code     0  daddsub.o(.text)
    _dadd                                    0x00000b35   Thumb Code    26  daddsub.o(.text)
    __aeabi_dsub                             0x00000b4f   Thumb Code     0  daddsub.o(.text)
    _dsub                                    0x00000b4f   Thumb Code    22  daddsub.o(.text)
    __aeabi_drsub                            0x00000b65   Thumb Code     0  daddsub.o(.text)
    _drsb                                    0x00000b65   Thumb Code    28  daddsub.o(.text)
    __fpl_dcmp_InfNaN                        0x00000b95   Thumb Code   140  dcmpin.o(.text)
    __user_setup_stackheap                   0x00000c25   Thumb Code    62  sys_stackheap_outer.o(.text)
    exit                                     0x00000c63   Thumb Code    16  exit.o(.text)
    __fpl_cmpreturn                          0x00000c73   Thumb Code    46  cmpret.o(.text)
    __fpl_dcheck_NaN2                        0x00000ca1   Thumb Code    14  dnan2.o(.text)
    __fpl_return_NaN                         0x00000cb5   Thumb Code    94  retnan.o(.text)
    _sys_exit                                0x00000d15   Thumb Code     8  sys_exit.o(.text)
    __I$use$semihosting                      0x00000d21   Thumb Code     0  use_no_semi.o(.text)
    __use_no_semihosting_swi                 0x00000d21   Thumb Code     2  use_no_semi.o(.text)
    __semihosting_library_function           0x00000d23   Thumb Code     0  indicate_semi.o(.text)
    I2C_Init                                 0x00000d25   Thumb Code   122  i2c.o(i.I2C_Init)
    I2C_Write                                0x00000dad   Thumb Code    60  i2c.o(i.I2C_Write)
    LCD1602_Backlight                        0x00000ded   Thumb Code    16  lcd1602.o(i.LCD1602_Backlight)
    LCD1602_ClearAll                         0x00000e01   Thumb Code    12  lcd1602.o(i.LCD1602_ClearAll)
    LCD1602_Init                             0x00000e0d   Thumb Code    76  lcd1602.o(i.LCD1602_Init)
    LCD1602_Print                            0x00000e5d   Thumb Code    28  lcd1602.o(i.LCD1602_Print)
    LCD1602_SetCursor                        0x00000e79   Thumb Code    30  lcd1602.o(i.LCD1602_SetCursor)
    LCD1602_Write4                           0x00000e99   Thumb Code    74  lcd1602.o(i.LCD1602_Write4)
    LCD1602_Write8                           0x00000ee9   Thumb Code    28  lcd1602.o(i.LCD1602_Write8)
    PCF8574_Write                            0x00000f05   Thumb Code    30  lcd1602.o(i.PCF8574_Write)
    PORTB_IRQHandler                         0x00000f29   Thumb Code   162  buttons.o(i.PORTB_IRQHandler)
    RTCInit                                  0x00000fe1   Thumb Code   128  rtc.o(i.RTCInit)
    RTC_IRQHandler                           0x00001075   Thumb Code    16  rtc.o(i.RTC_IRQHandler)
    SystemInit                               0x00001089   Thumb Code    78  system_mkl05z4.o(i.SystemInit)
    TPM0_IRQHandler                          0x000010e5   Thumb Code   176  tpm.o(i.TPM0_IRQHandler)
    TPM0_Init_OC                             0x000011a9   Thumb Code   240  tpm.o(i.TPM0_Init_OC)
    UART0_Init                               0x000012b9   Thumb Code   108  uart0.o(i.UART0_Init)
    UART_send                                0x0000132d   Thumb Code   154  uart0.o(i.UART_send)
    __ARM_common_switch8                     0x000013e9   Thumb Code    28  clock.o(i.__ARM_common_switch8)
    _is_digit                                0x00001585   Thumb Code    14  __printf_wp.o(i._is_digit)
    analyze                                  0x00001595   Thumb Code   432  engine.o(i.analyze)
    buttonsInitialize                        0x0000174d   Thumb Code   126  buttons.o(i.buttonsInitialize)
    check                                    0x000017dd   Thumb Code   156  keypad.o(i.check)
    clock_init                               0x00001881   Thumb Code    62  clock.o(i.clock_init)
    floor                                    0x000018d9   Thumb Code   180  floor.o(i.floor)
    generate_starting_board                  0x000019a1   Thumb Code   808  engine.o(i.generate_starting_board)
    i2c_disable                              0x00001ccd   Thumb Code    14  i2c.o(i.i2c_disable)
    i2c_enable                               0x00001ce1   Thumb Code    14  i2c.o(i.i2c_enable)
    i2c_m_start                              0x00001cf5   Thumb Code    14  i2c.o(i.i2c_m_start)
    i2c_m_stop                               0x00001d09   Thumb Code    14  i2c.o(i.i2c_m_stop)
    i2c_send                                 0x00001d1d   Thumb Code     6  i2c.o(i.i2c_send)
    i2c_tran                                 0x00001d29   Thumb Code    14  i2c.o(i.i2c_tran)
    i2c_wait                                 0x00001d3d   Thumb Code    80  i2c.o(i.i2c_wait)
    keypad_init                              0x00001d9d   Thumb Code   300  keypad.o(i.keypad_init)
    main                                     0x00001edd   Thumb Code    38  main.o(i.main)
    menu                                     0x00001f05   Thumb Code   138  clock.o(i.menu)
    setLed                                   0x00001fb5   Thumb Code    18  ws2812.o(i.setLed)
    update_game                              0x00001fcd   Thumb Code   212  clock.o(i.update_game)
    update_lcd                               0x000020c5   Thumb Code   208  clock.o(i.update_lcd)
    update_time                              0x000021f5   Thumb Code   290  clock.o(i.update_time)
    __aeabi_cdrcmple                         0x0000238d   Thumb Code     0  drlef.o(x$fpl$drleqf)
    _drcmple                                 0x0000238d   Thumb Code   100  drlef.o(x$fpl$drleqf)
    __I$use$fp                               0x000023f4   Number         0  usenofp.o(x$fpl$usenofp)
    Region$$Table$$Base                      0x00002408   Number         0  anon$$obj.o(Region$$Table)
    Region$$Table$$Limit                     0x00002428   Number         0  anon$$obj.o(Region$$Table)
    game_status                              0x1ffffc05   Data           1  buttons.o(.data)
    press_time                               0x1ffffc06   Data           1  buttons.o(.data)
    counter                                  0x1ffffc07   Data           1  tpm.o(.data)
    internal_counter                         0x1ffffc08   Data           1  tpm.o(.data)
    nextmove                                 0x1ffffc09   Data           1  tpm.o(.data)
    increment                                0x1ffffc0a   Data           1  clock.o(.data)
    game_length                              0x1ffffc0b   Data           1  clock.o(.data)
    active_player                            0x1ffffc0c   Data           1  clock.o(.data)
    start_time                               0x1ffffc0e   Data           2  clock.o(.data)
    white_time                               0x1ffffc10   Data           2  clock.o(.data)
    black_time                               0x1ffffc12   Data           2  clock.o(.data)
    minutes                                  0x1ffffc14   Data           2  clock.o(.data)
    seconds                                  0x1ffffc16   Data           2  clock.o(.data)
    first_round                              0x1ffffc18   Data           1  clock.o(.data)
    no_time                                  0x1ffffc19   Data           1  clock.o(.data)
    game_state                               0x1ffffc1a   Data           1  clock.o(.data)
    PGN                                      0x1ffffc1b   Data           3  clock.o(.data)
    num                                      0x1ffffc1e   Data           1  clock.o(.data)
    display                                  0x1ffffc1f   Data          17  clock.o(.data)
    current_board                            0x1ffffc30   Data           4  engine.o(.data)
    i                                        0x1ffffc34   Data           4  uart0.o(.data)
    round_count                              0x1ffffc38   Data           2  uart0.o(.data)
    rx_buf                                   0x1ffffc3a   Data          17  uart0.o(.data)
    key                                      0x1ffffc4c   Data          16  keypad.o(.bss)
    tab                                      0x1ffffc5c   Data         256  ws2812.o(.bss)
    detected_board                           0x1ffffd5c   Data         208  clock.o(.bss)
    __libspace_start                         0x1ffffe2c   Data          96  libspace.o(.bss)
    __temporary_stack_top$libspace           0x1ffffe8c   Data           0  libspace.o(.bss)



==============================================================================

Memory Map of the image

  Image Entry point : 0x000001c1

  Load Region LR_1 (Base: 0x00000000, Size: 0x00002474, Max: 0xffffffff, ABSOLUTE)

    Execution Region ER_RO (Exec base: 0x00000000, Load base: 0x00000000, Size: 0x00002428, Max: 0xffffffff, ABSOLUTE)

    Exec Addr    Load Addr    Size         Type   Attr      Idx    E Section Name        Object

    0x00000000   0x00000000   0x000000c0   Data   RO          572    RESET               startup_mkl05z4.o
    0x000000c0   0x000000c0   0x00000008   Code   RO          660  * !!!main             c_p.l(__main.o)
    0x000000c8   0x000000c8   0x0000003c   Code   RO          865    !!!scatter          c_p.l(__scatter.o)
    0x00000104   0x00000104   0x0000001a   Code   RO          867    !!handler_copy      c_p.l(__scatter_copy.o)
    0x0000011e   0x0000011e   0x00000002   PAD
    0x00000120   0x00000120   0x0000001c   Code   RO          869    !!handler_zi        c_p.l(__scatter_zi.o)
    0x0000013c   0x0000013c   0x00000002   Code   RO          649    .ARM.Collect$$_printf_percent$$00000000  c_p.l(_printf_percent.o)
    0x0000013e   0x0000013e   0x0000000a   Code   RO          647    .ARM.Collect$$_printf_percent$$00000009  c_p.l(_printf_d.o)
    0x00000148   0x00000148   0x0000000a   Code   RO          648    .ARM.Collect$$_printf_percent$$0000000A  c_p.l(_printf_u.o)
    0x00000152   0x00000152   0x0000000a   Code   RO          646    .ARM.Collect$$_printf_percent$$00000013  c_p.l(_printf_c.o)
    0x0000015c   0x0000015c   0x00000004   Code   RO          683    .ARM.Collect$$_printf_percent$$00000017  c_p.l(_printf_percent_end.o)
    0x00000160   0x00000160   0x00000002   Code   RO          726    .ARM.Collect$$libinit$$00000000  c_p.l(libinit.o)
    0x00000162   0x00000162   0x00000000   Code   RO          744    .ARM.Collect$$libinit$$00000002  c_p.l(libinit2.o)
    0x00000162   0x00000162   0x00000000   Code   RO          746    .ARM.Collect$$libinit$$00000004  c_p.l(libinit2.o)
    0x00000162   0x00000162   0x00000000   Code   RO          749    .ARM.Collect$$libinit$$0000000A  c_p.l(libinit2.o)
    0x00000162   0x00000162   0x00000000   Code   RO          751    .ARM.Collect$$libinit$$0000000C  c_p.l(libinit2.o)
    0x00000162   0x00000162   0x00000000   Code   RO          753    .ARM.Collect$$libinit$$0000000E  c_p.l(libinit2.o)
    0x00000162   0x00000162   0x00000000   Code   RO          756    .ARM.Collect$$libinit$$00000011  c_p.l(libinit2.o)
    0x00000162   0x00000162   0x00000000   Code   RO          758    .ARM.Collect$$libinit$$00000013  c_p.l(libinit2.o)
    0x00000162   0x00000162   0x00000000   Code   RO          760    .ARM.Collect$$libinit$$00000015  c_p.l(libinit2.o)
    0x00000162   0x00000162   0x00000000   Code   RO          762    .ARM.Collect$$libinit$$00000017  c_p.l(libinit2.o)
    0x00000162   0x00000162   0x00000000   Code   RO          764    .ARM.Collect$$libinit$$00000019  c_p.l(libinit2.o)
    0x00000162   0x00000162   0x00000000   Code   RO          766    .ARM.Collect$$libinit$$0000001B  c_p.l(libinit2.o)
    0x00000162   0x00000162   0x00000000   Code   RO          768    .ARM.Collect$$libinit$$0000001D  c_p.l(libinit2.o)
    0x00000162   0x00000162   0x00000000   Code   RO          770    .ARM.Collect$$libinit$$0000001F  c_p.l(libinit2.o)
    0x00000162   0x00000162   0x00000000   Code   RO          772    .ARM.Collect$$libinit$$00000021  c_p.l(libinit2.o)
    0x00000162   0x00000162   0x00000000   Code   RO          774    .ARM.Collect$$libinit$$00000023  c_p.l(libinit2.o)
    0x00000162   0x00000162   0x00000000   Code   RO          776    .ARM.Collect$$libinit$$00000025  c_p.l(libinit2.o)
    0x00000162   0x00000162   0x00000000   Code   RO          780    .ARM.Collect$$libinit$$0000002C  c_p.l(libinit2.o)
    0x00000162   0x00000162   0x00000000   Code   RO          782    .ARM.Collect$$libinit$$0000002E  c_p.l(libinit2.o)
    0x00000162   0x00000162   0x00000000   Code   RO          784    .ARM.Collect$$libinit$$00000030  c_p.l(libinit2.o)
    0x00000162   0x00000162   0x00000000   Code   RO          786    .ARM.Collect$$libinit$$00000032  c_p.l(libinit2.o)
    0x00000162   0x00000162   0x00000002   Code   RO          787    .ARM.Collect$$libinit$$00000033  c_p.l(libinit2.o)
    0x00000164   0x00000164   0x00000002   Code   RO          820    .ARM.Collect$$libshutdown$$00000000  c_p.l(libshutdown.o)
    0x00000166   0x00000166   0x00000000   Code   RO          846    .ARM.Collect$$libshutdown$$00000002  c_p.l(libshutdown2.o)
    0x00000166   0x00000166   0x00000000   Code   RO          848    .ARM.Collect$$libshutdown$$00000004  c_p.l(libshutdown2.o)
    0x00000166   0x00000166   0x00000000   Code   RO          850    .ARM.Collect$$libshutdown$$00000006  c_p.l(libshutdown2.o)
    0x00000166   0x00000166   0x00000000   Code   RO          853    .ARM.Collect$$libshutdown$$00000009  c_p.l(libshutdown2.o)
    0x00000166   0x00000166   0x00000000   Code   RO          856    .ARM.Collect$$libshutdown$$0000000C  c_p.l(libshutdown2.o)
    0x00000166   0x00000166   0x00000000   Code   RO          858    .ARM.Collect$$libshutdown$$0000000E  c_p.l(libshutdown2.o)
    0x00000166   0x00000166   0x00000000   Code   RO          861    .ARM.Collect$$libshutdown$$00000011  c_p.l(libshutdown2.o)
    0x00000166   0x00000166   0x00000002   Code   RO          862    .ARM.Collect$$libshutdown$$00000012  c_p.l(libshutdown2.o)
    0x00000168   0x00000168   0x00000000   Code   RO          670    .ARM.Collect$$rtentry$$00000000  c_p.l(__rtentry.o)
    0x00000168   0x00000168   0x00000000   Code   RO          692    .ARM.Collect$$rtentry$$00000002  c_p.l(__rtentry2.o)
    0x00000168   0x00000168   0x00000006   Code   RO          704    .ARM.Collect$$rtentry$$00000004  c_p.l(__rtentry4.o)
    0x0000016e   0x0000016e   0x00000000   Code   RO          694    .ARM.Collect$$rtentry$$00000009  c_p.l(__rtentry2.o)
    0x0000016e   0x0000016e   0x00000004   Code   RO          695    .ARM.Collect$$rtentry$$0000000A  c_p.l(__rtentry2.o)
    0x00000172   0x00000172   0x00000000   Code   RO          697    .ARM.Collect$$rtentry$$0000000C  c_p.l(__rtentry2.o)
    0x00000172   0x00000172   0x00000008   Code   RO          698    .ARM.Collect$$rtentry$$0000000D  c_p.l(__rtentry2.o)
    0x0000017a   0x0000017a   0x00000002   Code   RO          735    .ARM.Collect$$rtexit$$00000000  c_p.l(rtexit.o)
    0x0000017c   0x0000017c   0x00000000   Code   RO          793    .ARM.Collect$$rtexit$$00000002  c_p.l(rtexit2.o)
    0x0000017c   0x0000017c   0x00000004   Code   RO          794    .ARM.Collect$$rtexit$$00000003  c_p.l(rtexit2.o)
    0x00000180   0x00000180   0x00000006   Code   RO          795    .ARM.Collect$$rtexit$$00000004  c_p.l(rtexit2.o)
    0x00000186   0x00000186   0x00000002   PAD
    0x00000188   0x00000188   0x00000038   Code   RO          650    .emb_text           c_p.l(rt_memcpy.o)
    0x000001c0   0x000001c0   0x00000034   Code   RO          574  * .text               startup_mkl05z4.o
    0x000001f4   0x000001f4   0x00000028   Code   RO          616    .text               c_p.l(noretval__2sprintf.o)
    0x0000021c   0x0000021c   0x0000004e   Code   RO          620    .text               c_p.l(_printf_pad.o)
    0x0000026a   0x0000026a   0x00000052   Code   RO          622    .text               c_p.l(_printf_str.o)
    0x000002bc   0x000002bc   0x0000006c   Code   RO          624    .text               c_p.l(_printf_dec.o)
    0x00000328   0x00000328   0x00000082   Code   RO          651    .text               c_p.l(rt_memcpy.o)
    0x000003aa   0x000003aa   0x00000006   Code   RO          658    .text               c_p.l(heapauxi.o)
    0x000003b0   0x000003b0   0x00000048   Code   RO          662    .text               fz_ps.l(dfixui.o)
    0x000003f8   0x000003f8   0x00000008   Code   RO          731    .text               c_p.l(libspace.o)
    0x00000400   0x00000400   0x00000010   Code   RO          573    .ARM.__at_0x400     startup_mkl05z4.o
    0x00000410   0x00000410   0x00000138   Code   RO          638    .text               c_p.l(__printf_flags_wp.o)
    0x00000548   0x00000548   0x0000015a   Code   RO          654    .text               c_p.l(aeabi_sdiv.o)
    0x000006a2   0x000006a2   0x00000058   Code   RO          664    .text               fz_ps.l(dflti.o)
    0x000006fa   0x000006fa   0x000000b0   Code   RO          675    .text               c_p.l(_printf_intcommon.o)
    0x000007aa   0x000007aa   0x00000002   PAD
    0x000007ac   0x000007ac   0x00000030   Code   RO          677    .text               c_p.l(_printf_char_common.o)
    0x000007dc   0x000007dc   0x0000000a   Code   RO          679    .text               c_p.l(_sputc.o)
    0x000007e6   0x000007e6   0x0000002e   Code   RO          681    .text               c_p.l(_printf_char.o)
    0x00000814   0x00000814   0x00000028   Code   RO          684    .text               c_p.l(rtudiv10.o)
    0x0000083c   0x0000083c   0x00000358   Code   RO          686    .text               fz_ps.l(daddsub.o)
    0x00000b94   0x00000b94   0x00000090   Code   RO          710    .text               fz_ps.l(dcmpin.o)
    0x00000c24   0x00000c24   0x0000003e   Code   RO          712    .text               c_p.l(sys_stackheap_outer.o)
    0x00000c62   0x00000c62   0x00000010   Code   RO          715    .text               c_p.l(exit.o)
    0x00000c72   0x00000c72   0x0000002e   Code   RO          727    .text               fz_ps.l(cmpret.o)
    0x00000ca0   0x00000ca0   0x00000014   Code   RO          729    .text               fz_ps.l(dnan2.o)
    0x00000cb4   0x00000cb4   0x0000005e   Code   RO          788    .text               fz_ps.l(retnan.o)
    0x00000d12   0x00000d12   0x00000002   PAD
    0x00000d14   0x00000d14   0x0000000c   Code   RO          790    .text               c_p.l(sys_exit.o)
    0x00000d20   0x00000d20   0x00000002   Code   RO          809    .text               c_p.l(use_no_semi.o)
    0x00000d22   0x00000d22   0x00000000   Code   RO          811    .text               c_p.l(indicate_semi.o)
    0x00000d22   0x00000d22   0x00000002   PAD
    0x00000d24   0x00000d24   0x00000088   Code   RO           86    i.I2C_Init          i2c.o
    0x00000dac   0x00000dac   0x00000040   Code   RO           87    i.I2C_Write         i2c.o
    0x00000dec   0x00000dec   0x00000014   Code   RO          162    i.LCD1602_Backlight  lcd1602.o
    0x00000e00   0x00000e00   0x0000000c   Code   RO          163    i.LCD1602_ClearAll  lcd1602.o
    0x00000e0c   0x00000e0c   0x00000050   Code   RO          164    i.LCD1602_Init      lcd1602.o
    0x00000e5c   0x00000e5c   0x0000001c   Code   RO          165    i.LCD1602_Print     lcd1602.o
    0x00000e78   0x00000e78   0x0000001e   Code   RO          166    i.LCD1602_SetCursor  lcd1602.o
    0x00000e96   0x00000e96   0x00000002   PAD
    0x00000e98   0x00000e98   0x00000050   Code   RO          167    i.LCD1602_Write4    lcd1602.o
    0x00000ee8   0x00000ee8   0x0000001c   Code   RO          168    i.LCD1602_Write8    lcd1602.o
    0x00000f04   0x00000f04   0x00000024   Code   RO          169    i.PCF8574_Write     lcd1602.o
    0x00000f28   0x00000f28   0x000000b8   Code   RO          226    i.PORTB_IRQHandler  buttons.o
    0x00000fe0   0x00000fe0   0x00000094   Code   RO          263    i.RTCInit           rtc.o
    0x00001074   0x00001074   0x00000014   Code   RO          264    i.RTC_IRQHandler    rtc.o
    0x00001088   0x00001088   0x0000005c   Code   RO          583    i.SystemInit        system_mkl05z4.o
    0x000010e4   0x000010e4   0x000000c4   Code   RO          386    i.TPM0_IRQHandler   tpm.o
    0x000011a8   0x000011a8   0x00000110   Code   RO          387    i.TPM0_Init_OC      tpm.o
    0x000012b8   0x000012b8   0x00000074   Code   RO          537    i.UART0_Init        uart0.o
    0x0000132c   0x0000132c   0x000000bc   Code   RO          538    i.UART_send         uart0.o
    0x000013e8   0x000013e8   0x0000001c   Code   RO          494    i.__ARM_common_switch8  clock.o
    0x00001404   0x00001404   0x00000018   Code   RO          388    i.__NVIC_ClearPendingIRQ  tpm.o
    0x0000141c   0x0000141c   0x00000078   Code   RO          227    i.__NVIC_SetPriority  buttons.o
    0x00001494   0x00001494   0x00000078   Code   RO          265    i.__NVIC_SetPriority  rtc.o
    0x0000150c   0x0000150c   0x00000078   Code   RO          389    i.__NVIC_SetPriority  tpm.o
    0x00001584   0x00001584   0x0000000e   Code   RO          636    i._is_digit         c_p.l(__printf_wp.o)
    0x00001592   0x00001592   0x00000002   PAD
    0x00001594   0x00001594   0x000001b8   Code   RO          508    i.analyze           engine.o
    0x0000174c   0x0000174c   0x00000090   Code   RO          228    i.buttonsInitialize  buttons.o
    0x000017dc   0x000017dc   0x000000a4   Code   RO          357    i.check             keypad.o
    0x00001880   0x00001880   0x00000058   Code   RO          451    i.clock_init        clock.o
    0x000018d8   0x000018d8   0x000000c8   Code   RO          667    i.floor             m_ps.l(floor.o)
    0x000019a0   0x000019a0   0x0000032c   Code   RO          509    i.generate_starting_board  engine.o
    0x00001ccc   0x00001ccc   0x00000014   Code   RO           88    i.i2c_disable       i2c.o
    0x00001ce0   0x00001ce0   0x00000014   Code   RO           89    i.i2c_enable        i2c.o
    0x00001cf4   0x00001cf4   0x00000014   Code   RO           91    i.i2c_m_start       i2c.o
    0x00001d08   0x00001d08   0x00000014   Code   RO           92    i.i2c_m_stop        i2c.o
    0x00001d1c   0x00001d1c   0x0000000c   Code   RO           93    i.i2c_send          i2c.o
    0x00001d28   0x00001d28   0x00000014   Code   RO           94    i.i2c_tran          i2c.o
    0x00001d3c   0x00001d3c   0x00000060   Code   RO           95    i.i2c_wait          i2c.o
    0x00001d9c   0x00001d9c   0x00000140   Code   RO          358    i.keypad_init       keypad.o
    0x00001edc   0x00001edc   0x00000026   Code   RO            3    i.main              main.o
    0x00001f02   0x00001f02   0x00000002   PAD
    0x00001f04   0x00001f04   0x000000b0   Code   RO          452    i.menu              clock.o
    0x00001fb4   0x00001fb4   0x00000018   Code   RO          425    i.setLed            ws2812.o
    0x00001fcc   0x00001fcc   0x000000f8   Code   RO          453    i.update_game       clock.o
    0x000020c4   0x000020c4   0x00000130   Code   RO          454    i.update_lcd        clock.o
    0x000021f4   0x000021f4   0x00000198   Code   RO          455    i.update_time       clock.o
    0x0000238c   0x0000238c   0x00000068   Code   RO          688    x$fpl$drleqf        fz_ps.l(drlef.o)
    0x000023f4   0x000023f4   0x00000000   Code   RO          690    x$fpl$usenofp       fz_ps.l(usenofp.o)
    0x000023f4   0x000023f4   0x00000011   Data   RO          639    .constdata          c_p.l(__printf_flags_wp.o)
    0x00002405   0x00002405   0x00000003   PAD
    0x00002408   0x00002408   0x00000020   Data   RO          863    Region$$Table       anon$$obj.o


    Execution Region ER_RW (Exec base: 0x1ffffc00, Load base: 0x00002428, Size: 0x0000004c, Max: 0xffffffff, ABSOLUTE)

    Exec Addr    Load Addr    Size         Type   Attr      Idx    E Section Name        Object

    0x1ffffc00   0x00002428   0x00000004   Data   RW           96    .data               i2c.o
    0x1ffffc04   0x0000242c   0x00000001   Data   RW          170    .data               lcd1602.o
    0x1ffffc05   0x0000242d   0x00000002   Data   RW          229    .data               buttons.o
    0x1ffffc07   0x0000242f   0x00000003   Data   RW          390    .data               tpm.o
    0x1ffffc0a   0x00002432   0x00000026   Data   RW          457    .data               clock.o
    0x1ffffc30   0x00002458   0x00000004   Data   RW          510    .data               engine.o
    0x1ffffc34   0x0000245c   0x00000017   Data   RW          539    .data               uart0.o


    Execution Region ER_ZI (Exec base: 0x1ffffc4c, Load base: 0x00002474, Size: 0x00000344, Max: 0xffffffff, ABSOLUTE)

    Exec Addr    Load Addr    Size         Type   Attr      Idx    E Section Name        Object

    0x1ffffc4c        -       0x00000010   Zero   RW          359    .bss                keypad.o
    0x1ffffc5c        -       0x00000100   Zero   RW          426    .bss                ws2812.o
    0x1ffffd5c        -       0x000000d0   Zero   RW          456    .bss                clock.o
    0x1ffffe2c        -       0x00000060   Zero   RW          732    .bss                c_p.l(libspace.o)
    0x1ffffe8c   0x00002474   0x00000004   PAD
    0x1ffffe90        -       0x00000000   Zero   RW          571    HEAP                startup_mkl05z4.o
    0x1ffffe90        -       0x00000100   Zero   RW          570    STACK               startup_mkl05z4.o


==============================================================================

Image component sizes


      Code (inc. data)   RO Data    RW Data    ZI Data      Debug   Object Name

       448         50          0          2          0       9912   buttons.o
      1252        324          0         38        208       4118   clock.o
      1252         22          0          4          0       2972   engine.o
       408         70          0          4          0       3814   i2c.o
       484         28          0          0         16       1892   keypad.o
       314         20          0          1          0       4144   lcd1602.o
        38          0          0          0          0      81803   main.o
       288         34          0          0          0       1563   rtc.o
        68         38        192          0        256        868   startup_mkl05z4.o
        92         14          0          0          0        481   system_mkl05z4.o
       612         68          0          3          0       2381   tpm.o
       304         42          0         23          0       1544   uart0.o
        24          6          0          0        256        967   ws2812.o

    ----------------------------------------------------------------------
      5588        716        224         76        736     116459   Object Totals
         0          0         32          0          0          0   (incl. Generated)
         4          0          0          1          0          0   (incl. Padding)

    ----------------------------------------------------------------------

      Code (inc. data)   RO Data    RW Data    ZI Data      Debug   Library Member Name

         8          0          0          0          0         68   __main.o
       312          6         17          0          0         76   __printf_flags_wp.o
        14          0          0          0          0         60   __printf_wp.o
         0          0          0          0          0          0   __rtentry.o
        12          0          0          0          0          0   __rtentry2.o
         6          0          0          0          0          0   __rtentry4.o
        60          8          0          0          0          0   __scatter.o
        26          0          0          0          0          0   __scatter_copy.o
        28          0          0          0          0          0   __scatter_zi.o
        10          0          0          0          0          0   _printf_c.o
        46          0          0          0          0        100   _printf_char.o
        48          6          0          0          0         88   _printf_char_common.o
        10          0          0          0          0          0   _printf_d.o
       108         18          0          0          0         76   _printf_dec.o
       176          0          0          0          0         84   _printf_intcommon.o
        78          0          0          0          0        100   _printf_pad.o
         2          0          0          0          0          0   _printf_percent.o
         4          0          0          0          0          0   _printf_percent_end.o
        82          0          0          0          0         72   _printf_str.o
        10          0          0          0          0          0   _printf_u.o
        10          0          0          0          0         60   _sputc.o
       346          0          0          0          0         92   aeabi_sdiv.o
        16          0          0          0          0         68   exit.o
         6          0          0          0          0        136   heapauxi.o
         0          0          0          0          0          0   indicate_semi.o
         2          0          0          0          0          0   libinit.o
         2          0          0          0          0          0   libinit2.o
         2          0          0          0          0          0   libshutdown.o
         2          0          0          0          0          0   libshutdown2.o
         8          4          0          0         96         68   libspace.o
        40          4          0          0          0         84   noretval__2sprintf.o
       186          0          0          0          0        144   rt_memcpy.o
         2          0          0          0          0          0   rtexit.o
        10          0          0          0          0          0   rtexit2.o
        40          0          0          0          0         60   rtudiv10.o
        12          4          0          0          0         60   sys_exit.o
        62          0          0          0          0         80   sys_stackheap_outer.o
         2          0          0          0          0         68   use_no_semi.o
        46          0          0          0          0         60   cmpret.o
       856         20          0          0          0        208   daddsub.o
       144          4          0          0          0         76   dcmpin.o
        72          4          0          0          0         68   dfixui.o
        88          0          0          0          0         92   dflti.o
        20          6          0          0          0         68   dnan2.o
       104          4          0          0          0        104   drlef.o
        94          0          0          0          0         68   retnan.o
         0          0          0          0          0          0   usenofp.o
       200         20          0          0          0         76   floor.o

    ----------------------------------------------------------------------
      3424        108         20          0        100       2464   Library Totals
        12          0          3          0          4          0   (incl. Padding)

    ----------------------------------------------------------------------

      Code (inc. data)   RO Data    RW Data    ZI Data      Debug   Library Name

      1788         50         17          0         96       1644   c_p.l
      1424         38          0          0          0        744   fz_ps.l
       200         20          0          0          0         76   m_ps.l

    ----------------------------------------------------------------------
      3424        108         20          0        100       2464   Library Totals

    ----------------------------------------------------------------------

==============================================================================


      Code (inc. data)   RO Data    RW Data    ZI Data      Debug   

      9012        824        244         76        836     115991   Grand Totals
      9012        824        244         76        836     115991   ELF Image Totals
      9012        824        244         76          0          0   ROM Totals

==============================================================================

    Total RO  Size (Code + RO Data)                 9256 (   9.04kB)
    Total RW  Size (RW Data + ZI Data)               912 (   0.89kB)
    Total ROM Size (Code + RO Data + RW Data)       9332 (   9.11kB)

==============================================================================

