Component: ARM Compiler 5.06 update 7 (build 960) Tool: armlink [4d3601]

==============================================================================

Section Cross References

    main.o(i.main) refers to rtc.o(i.RTCInit) for RTCInit
    main.o(i.main) refers to lcd1602.o(i.LCD1602_Init) for LCD1602_Init
    main.o(i.main) refers to lcd1602.o(i.LCD1602_Backlight) for LCD1602_Backlight
    main.o(i.main) refers to buttons.o(i.buttonsInitialize) for buttonsInitialize
    main.o(i.main) refers to tpm.o(i.TPM0_Init_OC) for TPM0_Init_OC
    main.o(i.main) refers to clock.o(i.clock_init) for clock_init
    main.o(i.main) refers to keypad.o(i.keypad_init) for keypad_init
    i2c.o(i.I2C_Write) refers to i2c.o(i.i2c_enable) for i2c_enable
    i2c.o(i.I2C_Write) refers to i2c.o(i.i2c_tran) for i2c_tran
    i2c.o(i.I2C_Write) refers to i2c.o(i.i2c_m_start) for i2c_m_start
    i2c.o(i.I2C_Write) refers to i2c.o(i.i2c_send) for i2c_send
    i2c.o(i.I2C_Write) refers to i2c.o(i.i2c_wait) for i2c_wait
    i2c.o(i.I2C_Write) refers to i2c.o(i.i2c_m_stop) for i2c_m_stop
    i2c.o(i.I2C_Write) refers to i2c.o(i.i2c_disable) for i2c_disable
    i2c.o(i.I2C_Write) refers to i2c.o(.data) for error
    i2c.o(i.i2c_wait) refers to i2c.o(.data) for timeout
    lcd1602.o(i.LCD1602_Backlight) refers to lcd1602.o(i.PCF8574_Write) for PCF8574_Write
    lcd1602.o(i.LCD1602_Backlight) refers to lcd1602.o(.data) for lcd_backlight
    lcd1602.o(i.LCD1602_ClearAll) refers to lcd1602.o(i.LCD1602_Write8) for LCD1602_Write8
    lcd1602.o(i.LCD1602_Init) refers to i2c.o(i.I2C_Init) for I2C_Init
    lcd1602.o(i.LCD1602_Init) refers to lcd1602.o(i.PCF8574_Write) for PCF8574_Write
    lcd1602.o(i.LCD1602_Init) refers to lcd1602.o(i.LCD1602_Write8) for LCD1602_Write8
    lcd1602.o(i.LCD1602_Print) refers to lcd1602.o(i.LCD1602_Write8) for LCD1602_Write8
    lcd1602.o(i.LCD1602_SetCursor) refers to lcd1602.o(i.LCD1602_Write8) for LCD1602_Write8
    lcd1602.o(i.LCD1602_Write4) refers to lcd1602.o(i.PCF8574_Write) for PCF8574_Write
    lcd1602.o(i.LCD1602_Write8) refers to lcd1602.o(i.LCD1602_Write4) for LCD1602_Write4
    lcd1602.o(i.PCF8574_Write) refers to i2c.o(i.I2C_Write) for I2C_Write
    lcd1602.o(i.PCF8574_Write) refers to lcd1602.o(.data) for lcd_backlight
    buttons.o(i.PORTB_IRQHandler) refers to clock.o(i.menu) for menu
    buttons.o(i.PORTB_IRQHandler) refers to clock.o(i.update_game) for update_game
    buttons.o(i.PORTB_IRQHandler) refers to buttons.o(.data) for game_started
    buttons.o(i.buttonsInitialize) refers to buttons.o(i.__NVIC_SetPriority) for __NVIC_SetPriority
    rtc.o(i.RTCInit) refers to rtc.o(i.__NVIC_SetPriority) for __NVIC_SetPriority
    rtc.o(i.RTC_IRQHandler) refers to clock.o(i.update_time) for update_time
    chess.o(i.analyze) refers to chess.o(i.copyprevboard) for copyprevboard
    chess.o(i.analyze) refers to chess.o(i.substract) for substract
    chess.o(i.analyze) refers to chess.o(i.search_array) for search_array
    chess.o(i.analyze) refers to chess.o(.data) for possibilities
    chess.o(i.analyze) refers to chess.o(.bss) for prev_detect_board
    chess.o(i.analyze) refers to chess.o(i.countsetbits) for countsetbits
    chess.o(i.analyze) refers to chess.o(i.checksetbit) for checksetbit
    chess.o(i.analyze) refers to chess.o(i.copyprevdetect) for copyprevdetect
    chess.o(i.copyprevboard) refers to chess.o(.data) for current_board
    chess.o(i.copyprevdetect) refers to chess.o(.bss) for prev_detect_board
    chess.o(i.search_array) refers to chess.o(.data) for rowmovedto
    chess.o(i.substract) refers to chess.o(.bss) for subarray
    keypad.o(i.check) refers to rt_memcpy.o(.text) for __aeabi_memcpy
    keypad.o(i.check) refers to keypad.o(.bss) for key
    keypad.o(i.keypad_init) refers to keypad.o(.bss) for key
    tpm.o(i.TPM0_IRQHandler) refers to tpm.o(i.__NVIC_ClearPendingIRQ) for __NVIC_ClearPendingIRQ
    tpm.o(i.TPM0_IRQHandler) refers to tpm.o(.data) for counter
    tpm.o(i.TPM0_IRQHandler) refers to ws2812.o(.bss) for tab
    tpm.o(i.TPM0_Init_OC) refers to tpm.o(i.__NVIC_SetPriority) for __NVIC_SetPriority
    tpm.o(i.TPM0_Init_OC) refers to tpm.o(i.__NVIC_ClearPendingIRQ) for __NVIC_ClearPendingIRQ
    tpm.o(i.TPM0_Init_OC) refers to tpm.o(.data) for counter
    tpm.o(i.TPM0_Init_OC) refers to ws2812.o(.bss) for tab
    ws2812.o(i.setLed) refers to ws2812.o(.bss) for tab
    clock.o(i.clock_init) refers to lcd1602.o(i.LCD1602_ClearAll) for LCD1602_ClearAll
    clock.o(i.clock_init) refers to lcd1602.o(i.LCD1602_SetCursor) for LCD1602_SetCursor
    clock.o(i.clock_init) refers to lcd1602.o(i.LCD1602_Print) for LCD1602_Print
    clock.o(i.clock_init) refers to clock.o(.data) for start_time
    clock.o(i.menu) refers to clock.o(i.update_lcd) for update_lcd
    clock.o(i.menu) refers to lcd1602.o(i.LCD1602_SetCursor) for LCD1602_SetCursor
    clock.o(i.menu) refers to lcd1602.o(i.LCD1602_Print) for LCD1602_Print
[...]
    clock.o(i.update_lcd) refers to clock.o(.data) for game_length
    clock.o(i.update_time) refers to _printf_pad.o(.text) for _printf_pre_padding
    clock.o(i.update_time) refers to _printf_percent.o(.ARM.Collect$$_printf_percent$$00000000) for _printf_percent
    clock.o(i.update_time) refers to _printf_u.o(.ARM.Collect$$_printf_percent$$0000000A) for _printf_u
    clock.o(i.update_time) refers to _printf_dec.o(.text) for _printf_int_dec
    clock.o(i.update_time) refers to aeabi_sdiv.o(.text) for __aeabi_idivmod
    clock.o(i.update_time) refers to dflti.o(.text) for __aeabi_i2d
    clock.o(i.update_time) refers to floor.o(i.floor) for floor
    clock.o(i.update_time) refers to dfixui.o(.text) for __aeabi_d2uiz
    clock.o(i.update_time) refers to noretval__2sprintf.o(.text) for __2sprintf
    clock.o(i.update_time) refers to lcd1602.o(i.LCD1602_ClearAll) for LCD1602_ClearAll
    clock.o(i.update_time) refers to lcd1602.o(i.LCD1602_SetCursor) for LCD1602_SetCursor
    clock.o(i.update_time) refers to lcd1602.o(i.LCD1602_Print) for LCD1602_Print
    clock.o(i.update_time) refers to clock.o(.data) for active_player
    startup_mkl05z4.o(STACK) refers (Special) to heapauxi.o(.text) for __use_two_region_memory
    startup_mkl05z4.o(HEAP) refers (Special) to heapauxi.o(.text) for __use_two_region_memory
    startup_mkl05z4.o(RESET) refers (Special) to heapauxi.o(.text) for __use_two_region_memory
    startup_mkl05z4.o(RESET) refers to startup_mkl05z4.o(STACK) for __initial_sp
    startup_mkl05z4.o(RESET) refers to startup_mkl05z4.o(.text) for Reset_Handler
    startup_mkl05z4.o(RESET) refers to tpm.o(i.TPM0_IRQHandler) for TPM0_IRQHandler
    startup_mkl05z4.o(RESET) refers to rtc.o(i.RTC_IRQHandler) for RTC_IRQHandler
    startup_mkl05z4.o(RESET) refers to buttons.o(i.PORTB_IRQHandler) for PORTB_IRQHandler
    startup_mkl05z4.o(.ARM.__at_0x400) refers (Special) to heapauxi.o(.text) for __use_two_region_memory
    startup_mkl05z4.o(.text) refers (Special) to heapauxi.o(.text) for __use_two_region_memory
    startup_mkl05z4.o(.text) refers to system_mkl05z4.o(i.SystemInit) for SystemInit
    startup_mkl05z4.o(.text) refers to __main.o(!!!main) for __main
    startup_mkl05z4.o(.text) refers to startup_mkl05z4.o(HEAP) for Heap_Mem
    startup_mkl05z4.o(.text) refers to startup_mkl05z4.o(STACK) for Stack_Mem
    system_mkl05z4.o(i.SystemCoreClockUpdate) refers to aeabi_sdiv.o(.text) for __aeabi_uidivmod
    system_mkl05z4.o(i.SystemCoreClockUpdate) refers to clock.o(i.__ARM_common_switch8) for __ARM_common_switch8
    system_mkl05z4.o(i.SystemCoreClockUpdate) refers to system_mkl05z4.o(.data) for SystemCoreClock
    __2sprintf.o(.text) refers to _printf_char_common.o(.text) for _printf_char_common
    __2sprintf.o(.text) refers to _sputc.o(.text) for _sputc
    noretval__2sprintf.o(.text) refers to _printf_char_common.o(.text) for _printf_char_common
    noretval__2sprintf.o(.text) refers to _sputc.o(.text) for _sputc
    __printf.o(.text) refers to _printf_percent.o(.ARM.Collect$$_printf_percent$$00000000) for _printf_percent
    _printf_dec.o(.text) refers to rtudiv10.o(.text) for __rt_udiv10
    _printf_dec.o(.text) refers to _printf_intcommon.o(.text) for _printf_int_common
    __printf_flags.o(.text) refers to _printf_percent.o(.ARM.Collect$$_printf_percent$$00000000) for _printf_percent
    __printf_flags.o(.text) refers to __printf_flags.o(.constdata) for .constdata
    __printf_ss.o(.text) refers to _printf_percent.o(.ARM.Collect$$_printf_percent$$00000000) for _printf_percent
    __printf_flags_ss.o(.text) refers to _printf_percent.o(.ARM.Collect$$_printf_percent$$00000000) for _printf_percent
    __printf_flags_ss.o(.text) refers to __printf_flags_ss.o(.constdata) for .constdata
    __printf_wp.o(.text) refers to __printf_wp.o(i._is_digit) for _is_digit
    __printf_wp.o(.text) refers to _printf_percent.o(.ARM.Collect$$_printf_percent$$00000000) for _printf_percent
    __printf_flags_wp.o(.text) refers to __printf_wp.o(i._is_digit) for _is_digit
    __printf_flags_wp.o(.text) refers to _printf_percent.o(.ARM.Collect$$_printf_percent$$00000000) for _printf_percent
    __printf_flags_wp.o(.text) refers to __printf_flags_wp.o(.constdata) for .constdata
    __printf_ss_wp.o(.text) refers to __printf_wp.o(i._is_digit) for _is_digit
    __printf_ss_wp.o(.text) refers to _printf_percent.o(.ARM.Collect$$_printf_percent$$00000000) for _printf_percent
    __printf_flags_ss_wp.o(.text) refers to __printf_wp.o(i._is_digit) for _is_digit
    __printf_flags_ss_wp.o(.text) refers to _printf_percent.o(.ARM.Collect$$_printf_percent$$00000000) for _printf_percent
    __printf_flags_ss_wp.o(.text) refers to __printf_flags_ss_wp.o(.constdata) for .constdata
    _printf_u.o(.ARM.Collect$$_printf_percent$$0000000A) refers (Weak) to _printf_dec.o(.text) for _printf_int_dec
    _printf_percent.o(.ARM.Collect$$_printf_percent$$00000000) refers (Special) to _printf_percent_end.o(.ARM.Collect$$_printf_percent$$00000017) for _printf_percent_end
    rt_memcpy.o(.text) refers to rt_memcpy.o(.emb_text) for __aeabi_memcpy4
    __main.o(!!!main) refers to __rtentry.o(.ARM.Collect$$rtentry$$00000000) for __rt_entry
    dfixui.o(.text) refers (Special) to usenofp.o(x$fpl$usenofp) for __I$use$fp
    dflti.o(.text) refers (Special) to usenofp.o(x$fpl$usenofp) for __I$use$fp
    floor.o(i.__softfp_floor) refers (Special) to usenofp.o(x$fpl$usenofp) for __I$use$fp
    floor.o(i.__softfp_floor) refers to floor.o(i.floor) for floor
    floor.o(i.floor) refers (Special) to usenofp.o(x$fpl$usenofp) for __I$use$fp
    floor.o(i.floor) refers to daddsub.o(.text) for __aeabi_dadd
    floor.o(i.floor) refers to drlef.o(x$fpl$drleqf) for __aeabi_cdrcmple
    __rtentry.o(.ARM.Collect$$rtentry$$00000000) refers (Special) to __rtentry2.o(.ARM.Collect$$rtentry$$0000000A) for __rt_entry_li
    __rtentry.o(.ARM.Collect$$rtentry$$00000000) refers (Special) to __rtentry2.o(.ARM.Collect$$rtentry$$0000000D) for __rt_entry_main
    __rtentry.o(.ARM.Collect$$rtentry$$00000000) refers (Special) to __rtentry2.o(.ARM.Collect$$rtentry$$0000000C) for __rt_entry_postli_1
    __rtentry.o(.ARM.Collect$$rtentry$$00000000) refers (Special) to __rtentry2.o(.ARM.Collect$$rtentry$$00000009) for __rt_entry_postsh_1
    __rtentry.o(.ARM.Collect$$rtentry$$00000000) refers (Special) to __rtentry2.o(.ARM.Collect$$rtentry$$00000002) for __rt_entry_presh_1
    __rtentry.o(.ARM.Collect$$rtentry$$00000000) refers (Special) to __rtentry4.o(.ARM.Collect$$rtentry$$00000004) for __rt_entry_sh
    aeabi_idiv0_sigfpe.o(.text) refers to rt_div0.o(.text) for __rt_div0
    _printf_intcommon.o(.text) refers (Weak) to _printf_pad.o(.text) for _printf_pre_padding
    _printf_intcommon.o(.text) refers (Weak) to _printf_pad.o(.text) for _printf_pre_padding
    _printf_intcommon.o(.text) refers (Weak) to _printf_pad.o(.text) for _printf_post_padding
    _printf_char_common.o(.text) refers to __printf_flags_wp.o(.text) for __printf
    daddsub.o(.text) refers (Special) to usenofp.o(x$fpl$usenofp) for __I$use$fp
    drlef.o(x$fpl$drleqf) refers (Special) to usenofp.o(x$fpl$usenofp) for __I$use$fp
    drlef.o(x$fpl$drleqf) refers to dcmpin.o(.text) for __fpl_dcmp_InfNaN
    __rtentry2.o(.ARM.Collect$$rtentry$$00000008) refers to boardinit2.o(.text) for _platform_post_stackheap_init
    __rtentry2.o(.ARM.Collect$$rtentry$$0000000A) refers to libinit.o(.ARM.Collect$$libinit$$00000000) for __rt_lib_init
    __rtentry2.o(.ARM.Collect$$rtentry$$0000000B) refers to boardinit3.o(.text) for _platform_post_lib_init
    __rtentry2.o(.ARM.Collect$$rtentry$$0000000D) refers to main.o(i.main) for main
    __rtentry2.o(.ARM.Collect$$rtentry$$0000000D) refers to exit.o(.text) for exit
    __rtentry2.o(.ARM.exidx) refers to __rtentry2.o(.ARM.Collect$$rtentry$$00000001) for .ARM.Collect$$rtentry$$00000001
    __rtentry2.o(.ARM.exidx) refers to __rtentry2.o(.ARM.Collect$$rtentry$$00000008) for .ARM.Collect$$rtentry$$00000008
    __rtentry2.o(.ARM.exidx) refers to __rtentry2.o(.ARM.Collect$$rtentry$$0000000A) for .ARM.Collect$$rtentry$$0000000A
    __rtentry2.o(.ARM.exidx) refers to __rtentry2.o(.ARM.Collect$$rtentry$$0000000B) for .ARM.Collect$$rtentry$$0000000B
    __rtentry2.o(.ARM.exidx) refers to __rtentry2.o(.ARM.Collect$$rtentry$$0000000D) for .ARM.Collect$$rtentry$$0000000D
    __rtentry4.o(.ARM.Collect$$rtentry$$00000004) refers to sys_stackheap_outer.o(.text) for __user_setup_stackheap
    __rtentry4.o(.ARM.exidx) refers to __rtentry4.o(.ARM.Collect$$rtentry$$00000004) for .ARM.Collect$$rtentry$$00000004
    rt_div0.o(.text) refers to defsig_fpe_outer.o(.text) for __rt_SIGFPE
    dcmpin.o(.text) refers (Special) to usenofp.o(x$fpl$usenofp) for __I$use$fp
    dcmpin.o(.text) refers to cmpret.o(.text) for __fpl_cmpreturn
    dcmpin.o(.text) refers to dnan2.o(.text) for __fpl_dcheck_NaN2
    sys_stackheap_outer.o(.text) refers to libspace.o(.text) for __user_perproc_libspace
    sys_stackheap_outer.o(.text) refers to startup_mkl05z4.o(.text) for __user_initial_stackheap
    sys_stackheap_outer.o(__vectab_stack_and_reset_area) refers to tempstk.o(.text) for __temporary_stack_top
    sys_stackheap_outer.o(__vectab_stack_and_reset_area) refers to __main.o(!!!main) for __main
    exit.o(.text) refers to rtexit.o(.ARM.Collect$$rtexit$$00000000) for __rt_exit
    defsig_fpe_outer.o(.text) refers to defsig_fpe_inner.o(.text) for __rt_SIGFPE_inner
    defsig_fpe_outer.o(.text) refers to defsig_exit.o(.text) for __sig_exit
    defsig_fpe_formal.o(.text) refers to rt_raise.o(.text) for __rt_raise
    libinit.o(.ARM.Collect$$libinit$$00000000) refers (Special) to libinit2.o(.ARM.Collect$$libinit$$0000002E) for __rt_lib_init_alloca_1
    libinit.o(.ARM.Collect$$libinit$$00000000) refers (Special) to libinit2.o(.ARM.Collect$$libinit$$0000002C) for __rt_lib_init_argv_1
    libinit.o(.ARM.Collect$$libinit$$00000000) refers (Special) to libinit2.o(.ARM.Collect$$libinit$$0000001B) for __rt_lib_init_atexit_1
    libinit.o(.ARM.Collect$$libinit$$00000000) refers (Special) to libinit2.o(.ARM.Collect$$libinit$$00000021) for __rt_lib_init_clock_1
    libinit.o(.ARM.Collect$$libinit$$00000000) refers (Special) to libinit2.o(.ARM.Collect$$libinit$$00000032) for __rt_lib_init_cpp_1
    libinit.o(.ARM.Collect$$libinit$$00000000) refers (Special) to libinit2.o(.ARM.Collect$$libinit$$00000030) for __rt_lib_init_exceptions_1
    libinit.o(.ARM.Collect$$libinit$$00000000) refers (Special) to libinit2.o(.ARM.Collect$$libinit$$00000002) for __rt_lib_init_fp_1
    libinit.o(.ARM.Collect$$libinit$$00000000) refers (Special) to libinit2.o(.ARM.Collect$$libinit$$0000001F) for __rt_lib_init_fp_trap_1
    libinit.o(.ARM.Collect$$libinit$$00000000) refers (Special) to libinit2.o(.ARM.Collect$$libinit$$00000023) for __rt_lib_init_getenv_1
    libinit.o(.ARM.Collect$$libinit$$00000000) refers (Special) to libinit2.o(.ARM.Collect$$libinit$$0000000A) for __rt_lib_init_heap_1
    libinit.o(.ARM.Collect$$libinit$$00000000) refers (Special) to libinit2.o(.ARM.Collect$$libinit$$00000011) for __rt_lib_init_lc_collate_1
    libinit.o(.ARM.Collect$$libinit$$00000000) refers (Special) to libinit2.o(.ARM.Collect$$libinit$$00000013) for __rt_lib_init_lc_ctype_1
    libinit.o(.ARM.Collect$$libinit$$00000000) refers (Special) to libinit2.o(.ARM.Collect$$libinit$$00000015) for __rt_lib_init_lc_monetary_1
    libinit.o(.ARM.Collect$$libinit$$00000000) refers (Special) to libinit2.o(.ARM.Collect$$libinit$$00000017) for __rt_lib_init_lc_numeric_1
    libinit.o(.ARM.Collect$$libinit$$00000000) refers (Special) to libinit2.o(.ARM.Collect$$libinit$$00000019) for __rt_lib_init_lc_time_1
    libinit.o(.ARM.Collect$$libinit$$00000000) refers (Special) to libinit2.o(.ARM.Collect$$libinit$$00000004) for __rt_lib_init_preinit_1
    libinit.o(.ARM.Collect$$libinit$$00000000) refers (Special) to libinit2.o(.ARM.Collect$$libinit$$0000000E) for __rt_lib_init_rand_1
    libinit.o(.ARM.Collect$$libinit$$00000000) refers (Special) to libinit2.o(.ARM.Collect$$libinit$$00000033) for __rt_lib_init_return
    libinit.o(.ARM.Collect$$libinit$$00000000) refers (Special) to libinit2.o(.ARM.Collect$$libinit$$0000001D) for __rt_lib_init_signal_1
    libinit.o(.ARM.Collect$$libinit$$00000000) refers (Special) to libinit2.o(.ARM.Collect$$libinit$$00000025) for __rt_lib_init_stdio_1
    libinit.o(.ARM.Collect$$libinit$$00000000) refers (Special) to libinit2.o(.ARM.Collect$$libinit$$0000000C) for __rt_lib_init_user_alloc_1
    cmpret.o(.text) refers (Special) to usenofp.o(x$fpl$usenofp) for __I$use$fp
    dnan2.o(.text) refers (Special) to usenofp.o(x$fpl$usenofp) for __I$use$fp
    dnan2.o(.text) refers to retnan.o(.text) for __fpl_return_NaN
    libspace.o(.text) refers to libspace.o(.bss) for __libspace_start
    rtexit.o(.ARM.Collect$$rtexit$$00000000) refers (Special) to rtexit2.o(.ARM.Collect$$rtexit$$00000004) for __rt_exit_exit
    rtexit.o(.ARM.Collect$$rtexit$$00000000) refers (Special) to rtexit2.o(.ARM.Collect$$rtexit$$00000003) for __rt_exit_ls
    rtexit.o(.ARM.Collect$$rtexit$$00000000) refers (Special) to rtexit2.o(.ARM.Collect$$rtexit$$00000002) for __rt_exit_prels_1
    rtexit.o(.ARM.exidx) refers (Special) to rtexit2.o(.ARM.Collect$$rtexit$$00000004) for __rt_exit_exit
    rtexit.o(.ARM.exidx) refers (Special) to rtexit2.o(.ARM.Collect$$rtexit$$00000003) for __rt_exit_ls
    rtexit.o(.ARM.exidx) refers (Special) to rtexit2.o(.ARM.Collect$$rtexit$$00000002) for __rt_exit_prels_1
    rtexit.o(.ARM.exidx) refers to rtexit.o(.ARM.Collect$$rtexit$$00000000) for .ARM.Collect$$rtexit$$00000000
    rt_raise.o(.text) refers to __raise.o(.text) for __raise
    rt_raise.o(.text) refers to sys_exit.o(.text) for _sys_exit
    defsig_exit.o(.text) refers to sys_exit.o(.text) for _sys_exit
    defsig_fpe_inner.o(.text) refers to defsig_general.o(.text) for __default_signal_display
    libinit2.o(.ARM.Collect$$libinit$$00000010) refers to libinit2.o(.ARM.Collect$$libinit$$0000000F) for .ARM.Collect$$libinit$$0000000F
    libinit2.o(.ARM.Collect$$libinit$$00000012) refers to libinit2.o(.ARM.Collect$$libinit$$0000000F) for .ARM.Collect$$libinit$$0000000F
    libinit2.o(.ARM.Collect$$libinit$$00000014) refers to libinit2.o(.ARM.Collect$$libinit$$0000000F) for .ARM.Collect$$libinit$$0000000F
    libinit2.o(.ARM.Collect$$libinit$$00000016) refers to libinit2.o(.ARM.Collect$$libinit$$0000000F) for .ARM.Collect$$libinit$$0000000F
    libinit2.o(.ARM.Collect$$libinit$$00000018) refers to libinit2.o(.ARM.Collect$$libinit$$0000000F) for .ARM.Collect$$libinit$$0000000F
    libinit2.o(.ARM.Collect$$libinit$$00000026) refers to argv_veneer.o(.text) for __ARM_argv_veneer
    libinit2.o(.ARM.Collect$$libinit$$00000027) refers to argv_veneer.o(.text) for __ARM_argv_veneer
    retnan.o(.text) refers (Special) to usenofp.o(x$fpl$usenofp) for __I$use$fp
    retnan.o(.text) refers to cmpret.o(.text) for __fpl_cmpreturn
    sys_exit.o(.text) refers (Special) to use_no_semi.o(.text) for __I$use$semihosting
    sys_exit.o(.text) refers (Special) to indicate_semi.o(.text) for __semihosting_library_function
    rtexit2.o(.ARM.Collect$$rtexit$$00000003) refers to libshutdown.o(.ARM.Collect$$libshutdown$$00000000) for __rt_lib_shutdown
    rtexit2.o(.ARM.Collect$$rtexit$$00000004) refers to sys_exit.o(.text) for _sys_exit
    rtexit2.o(.ARM.exidx) refers to rtexit2.o(.ARM.Collect$$rtexit$$00000001) for .ARM.Collect$$rtexit$$00000001
    rtexit2.o(.ARM.exidx) refers to rtexit2.o(.ARM.Collect$$rtexit$$00000003) for .ARM.Collect$$rtexit$$00000003
    rtexit2.o(.ARM.exidx) refers to rtexit2.o(.ARM.Collect$$rtexit$$00000004) for .ARM.Collect$$rtexit$$00000004
    __raise.o(.text) refers to defsig.o(CL$$defsig) for __default_signal_handler
    defsig_general.o(.text) refers to sys_wrch.o(.text) for _ttywrch
    sys_wrch.o(.text) refers (Special) to use_no_semi.o(.text) for __I$use$semihosting
    sys_wrch.o(.text) refers (Special) to indicate_semi.o(.text) for __semihosting_library_function
    defsig.o(CL$$defsig) refers to defsig_fpe_inner.o(.text) for __rt_SIGFPE_inner
    defsig.o(CL$$defsig) refers to defsig_rtmem_inner.o(.text) for __rt_SIGRTMEM_inner
    _get_argv_nomalloc.o(.text) refers (Special) to hrguard.o(.text) for __heap_region$guard
    _get_argv_nomalloc.o(.text) refers to defsig_rtmem_outer.o(.text) for __rt_SIGRTMEM
    _get_argv_nomalloc.o(.text) refers to sys_command.o(.text) for _sys_command_string
    libshutdown.o(.ARM.Collect$$libshutdown$$00000000) refers (Special) to libshutdown2.o(.ARM.Collect$$libshutdown$$00000004) for __rt_lib_shutdown_cpp_1
    libshutdown.o(.ARM.Collect$$libshutdown$$00000000) refers (Special) to libshutdown2.o(.ARM.Collect$$libshutdown$$00000002) for __rt_lib_shutdown_fini_1
    libshutdown.o(.ARM.Collect$$libshutdown$$00000000) refers (Special) to libshutdown2.o(.ARM.Collect$$libshutdown$$00000009) for __rt_lib_shutdown_fp_trap_1
    libshutdown.o(.ARM.Collect$$libshutdown$$00000000) refers (Special) to libshutdown2.o(.ARM.Collect$$libshutdown$$00000011) for __rt_lib_shutdown_heap_1
    libshutdown.o(.ARM.Collect$$libshutdown$$00000000) refers (Special) to libshutdown2.o(.ARM.Collect$$libshutdown$$00000012) for __rt_lib_shutdown_return
    libshutdown.o(.ARM.Collect$$libshutdown$$00000000) refers (Special) to libshutdown2.o(.ARM.Collect$$libshutdown$$0000000C) for __rt_lib_shutdown_signal_1
    libshutdown.o(.ARM.Collect$$libshutdown$$00000000) refers (Special) to libshutdown2.o(.ARM.Collect$$libshutdown$$00000006) for __rt_lib_shutdown_stdio_1
    libshutdown.o(.ARM.Collect$$libshutdown$$00000000) refers (Special) to libshutdown2.o(.ARM.Collect$$libshutdown$$0000000E) for __rt_lib_shutdown_user_alloc_1
    sys_command.o(.text) refers (Special) to use_no_semi.o(.text) for __I$use$semihosting
    sys_command.o(.text) refers (Special) to indicate_semi.o(.text) for __semihosting_library_function
    defsig_abrt_inner.o(.text) refers to defsig_general.o(.text) for __default_signal_display
    defsig_rtred_inner.o(.text) refers to defsig_general.o(.text) for __default_signal_display
    defsig_rtmem_inner.o(.text) refers to defsig_general.o(.text) for __default_signal_display
    defsig_rtmem_outer.o(.text) refers to defsig_rtmem_inner.o(.text) for __rt_SIGRTMEM_inner
    defsig_rtmem_outer.o(.text) refers to defsig_exit.o(.text) for __sig_exit
    defsig_rtmem_formal.o(.text) refers to rt_raise.o(.text) for __rt_raise
    defsig_stak_inner.o(.text) refers to defsig_general.o(.text) for __default_signal_display
    defsig_pvfn_inner.o(.text) refers to defsig_general.o(.text) for __default_signal_display
    defsig_cppl_inner.o(.text) refers to defsig_general.o(.text) for __default_signal_display
    defsig_segv_inner.o(.text) refers to defsig_general.o(.text) for __default_signal_display
    defsig_other.o(.text) refers to defsig_general.o(.text) for __default_signal_display


==============================================================================

Removing Unused input sections from the image.

    Removing main.o(.rev16_text), (4 bytes).
    Removing main.o(.revsh_text), (4 bytes).
    Removing i2c.o(.rev16_text), (4 bytes).
    Removing i2c.o(.revsh_text), (4 bytes).
    Removing i2c.o(i.i2c_m_rstart), (20 bytes).
    Removing lcd1602.o(.rev16_text), (4 bytes).
    Removing lcd1602.o(.revsh_text), (4 bytes).
    Removing buttons.o(.rev16_text), (4 bytes).
    Removing buttons.o(.revsh_text), (4 bytes).
    Removing rtc.o(.rev16_text), (4 bytes).
    Removing rtc.o(.revsh_text), (4 bytes).
    Removing chess.o(.rev16_text), (4 bytes).
    Removing chess.o(.revsh_text), (4 bytes).
    Removing chess.o(i.analyze), (5428 bytes).
    Removing chess.o(i.checksetbit), (34 bytes).
    Removing chess.o(i.copyprevboard), (48 bytes).
    Removing chess.o(i.copyprevdetect), (48 bytes).
    Removing chess.o(i.countsetbits), (20 bytes).
    Removing chess.o(i.search_array), (92 bytes).
    Removing chess.o(i.substract), (56 bytes).
    Removing chess.o(.bss), (384 bytes).
    Removing chess.o(.data), (134 bytes).
    Removing keypad.o(.rev16_text), (4 bytes).
    Removing keypad.o(.revsh_text), (4 bytes).
    Removing tpm.o(.rev16_text), (4 bytes).
    Removing tpm.o(.revsh_text), (4 bytes).
    Removing ws2812.o(.rev16_text), (4 bytes).
    Removing ws2812.o(.revsh_text), (4 bytes).
    Removing clock.o(.rev16_text), (4 bytes).
    Removing clock.o(.revsh_text), (4 bytes).
    Removing engine.o(.rev16_text), (4 bytes).
    Removing engine.o(.revsh_text), (4 bytes).
    Removing system_mkl05z4.o(.rev16_text), (4 bytes).
    Removing system_mkl05z4.o(.revsh_text), (4 bytes).
    Removing system_mkl05z4.o(i.SystemCoreClockUpdate), (280 bytes).
    Removing system_mkl05z4.o(.data), (4 bytes).

36 unused section(s) (total 6644 bytes) removed from the image.

==============================================================================

Image Symbol Table

    Local Symbols

    Symbol Name                              Value     Ov Type        Size  Object(Section)

    RESET                                    0x00000000   Section      192  startup_mkl05z4.o(RESET)
    ../clib/angel/boardlib.s                 0x00000000   Number         0  boardinit2.o ABSOLUTE
    ../clib/angel/boardlib.s                 0x00000000   Number         0  boardinit3.o ABSOLUTE
    ../clib/angel/boardlib.s                 0x00000000   Number         0  boardshut.o ABSOLUTE
    ../clib/angel/boardlib.s                 0x00000000   Number         0  boardinit1.o ABSOLUTE
    ../clib/angel/handlers.s                 0x00000000   Number         0  __scatter_zi.o ABSOLUTE
    ../clib/angel/handlers.s                 0x00000000   Number         0  __scatter_copy.o ABSOLUTE
    ../clib/angel/kernel.s                   0x00000000   Number         0  __rtentry.o ABSOLUTE
    ../clib/angel/kernel.s                   0x00000000   Number         0  rtexit.o ABSOLUTE
    ../clib/angel/kernel.s                   0x00000000   Number         0  __rtentry2.o ABSOLUTE
    ../clib/angel/kernel.s                   0x00000000   Number         0  __rtentry4.o ABSOLUTE
    ../clib/angel/kernel.s                   0x00000000   Number         0  rtexit2.o ABSOLUTE
    ../clib/angel/rt.s                       0x00000000   Number         0  rt_raise.o ABSOLUTE
    ../clib/angel/rt.s                       0x00000000   Number         0  aeabi_idiv0_sigfpe.o ABSOLUTE
    ../clib/angel/rt.s                       0x00000000   Number         0  aeabi_idiv0.o ABSOLUTE
    ../clib/angel/rt.s                       0x00000000   Number         0  rt_div0.o ABSOLUTE
    ../clib/angel/scatterp.s                 0x00000000   Number         0  __scatter.o ABSOLUTE
    ../clib/angel/startup.s                  0x00000000   Number         0  __main.o ABSOLUTE
    ../clib/angel/sys.s                      0x00000000   Number         0  sys_stackheap_outer.o ABSOLUTE
    ../clib/angel/sys.s                      0x00000000   Number         0  tempstk.o ABSOLUTE
    ../clib/angel/sys.s                      0x00000000   Number         0  libspace.o ABSOLUTE
    ../clib/angel/sys.s                      0x00000000   Number         0  use_no_semi.o ABSOLUTE
    ../clib/angel/sys.s                      0x00000000   Number         0  indicate_semi.o ABSOLUTE
    ../clib/angel/sysapp.c                   0x00000000   Number         0  sys_command.o ABSOLUTE
    ../clib/angel/sysapp.c                   0x00000000   Number         0  sys_exit.o ABSOLUTE
    ../clib/angel/sysapp.c                   0x00000000   Number         0  sys_wrch.o ABSOLUTE
    ../clib/armsys.c                         0x00000000   Number         0  no_argv.o ABSOLUTE
    ../clib/armsys.c                         0x00000000   Number         0  argv_veneer.o ABSOLUTE
    ../clib/armsys.c                         0x00000000   Number         0  _get_argv_nomalloc.o ABSOLUTE
    ../clib/division.c                       0x00000000   Number         0  rtudiv10.o ABSOLUTE
    ../clib/division.s                       0x00000000   Number         0  aeabi_sdiv_div0.o ABSOLUTE
    ../clib/division.s                       0x00000000   Number         0  aeabi_sdiv.o ABSOLUTE
    ../clib/heapalloc.c                      0x00000000   Number         0  hrguard.o ABSOLUTE
    ../clib/heapaux.c                        0x00000000   Number         0  heapauxi.o ABSOLUTE
    ../clib/libinit.s                        0x00000000   Number         0  libinit.o ABSOLUTE
    ../clib/libinit.s                        0x00000000   Number         0  libshutdown2.o ABSOLUTE
    ../clib/libinit.s                        0x00000000   Number         0  libinit2.o ABSOLUTE
    ../clib/libinit.s                        0x00000000   Number         0  libshutdown.o ABSOLUTE
    ../clib/memcpset.c                       0x00000000   Number         0  rt_memcpy.o ABSOLUTE
    ../clib/memcpset.c                       0x00000000   Number         0  rt_memcpy.o ABSOLUTE
    ../clib/misc.s                           0x00000000   Number         0  printf_stubs.o ABSOLUTE
    ../clib/printf.c                         0x00000000   Number         0  __printf_flags.o ABSOLUTE
    ../clib/printf.c                         0x00000000   Number         0  _printf_char_common.o ABSOLUTE
    ../clib/printf.c                         0x00000000   Number         0  __printf_nopercent.o ABSOLUTE
    ../clib/printf.c                         0x00000000   Number         0  _printf_dec.o ABSOLUTE
    ../clib/printf.c                         0x00000000   Number         0  _printf_pad.o ABSOLUTE
    ../clib/printf.c                         0x00000000   Number         0  __printf.o ABSOLUTE
    ../clib/printf.c                         0x00000000   Number         0  __printf_flags_wp.o ABSOLUTE
    ../clib/printf.c                         0x00000000   Number         0  __2sprintf.o ABSOLUTE
    ../clib/printf.c                         0x00000000   Number         0  noretval__2sprintf.o ABSOLUTE
    ../clib/printf.c                         0x00000000   Number         0  __printf_ss_wp.o ABSOLUTE
    ../clib/printf.c                         0x00000000   Number         0  _printf_intcommon.o ABSOLUTE
    ../clib/printf.c                         0x00000000   Number         0  _sputc.o ABSOLUTE
    ../clib/printf.c                         0x00000000   Number         0  __printf_ss.o ABSOLUTE
    ../clib/printf.c                         0x00000000   Number         0  __printf_flags_ss_wp.o ABSOLUTE
    ../clib/printf.c                         0x00000000   Number         0  __printf_flags_ss.o ABSOLUTE
    ../clib/printf.c                         0x00000000   Number         0  __printf_wp.o ABSOLUTE
    ../clib/printf_percent.s                 0x00000000   Number         0  _printf_u.o ABSOLUTE
    ../clib/printf_percent.s                 0x00000000   Number         0  _printf_percent.o ABSOLUTE
    ../clib/printf_percent.s                 0x00000000   Number         0  _printf_percent_end.o ABSOLUTE
    ../clib/signal.c                         0x00000000   Number         0  defsig_abrt_inner.o ABSOLUTE
    ../clib/signal.c                         0x00000000   Number         0  defsig_rtred_inner.o ABSOLUTE
    ../clib/signal.c                         0x00000000   Number         0  defsig_rtmem_inner.o ABSOLUTE
    ../clib/signal.c                         0x00000000   Number         0  defsig_rtmem_outer.o ABSOLUTE
    ../clib/signal.c                         0x00000000   Number         0  defsig_exit.o ABSOLUTE
    ../clib/signal.c                         0x00000000   Number         0  defsig_stak_inner.o ABSOLUTE
    ../clib/signal.c                         0x00000000   Number         0  defsig_fpe_formal.o ABSOLUTE
    ../clib/signal.c                         0x00000000   Number         0  defsig_other.o ABSOLUTE
    ../clib/signal.c                         0x00000000   Number         0  defsig_general.o ABSOLUTE
    ../clib/signal.c                         0x00000000   Number         0  __raise.o ABSOLUTE
    ../clib/signal.c                         0x00000000   Number         0  defsig_segv_inner.o ABSOLUTE
    ../clib/signal.c                         0x00000000   Number         0  defsig_fpe_inner.o ABSOLUTE
    ../clib/signal.c                         0x00000000   Number         0  defsig_cppl_inner.o ABSOLUTE
    ../clib/signal.c                         0x00000000   Number         0  defsig_pvfn_inner.o ABSOLUTE
    ../clib/signal.c                         0x00000000   Number         0  defsig_fpe_outer.o ABSOLUTE
    ../clib/signal.c                         0x00000000   Number         0  defsig_rtmem_formal.o ABSOLUTE
    ../clib/signal.s                         0x00000000   Number         0  defsig.o ABSOLUTE
    ../clib/stdlib.c                         0x00000000   Number         0  exit.o ABSOLUTE
    ../fplib/cfplib/cmpret.c                 0x00000000   Number         0  cmpret.o ABSOLUTE
    ../fplib/cfplib/daddsub.c                0x00000000   Number         0  daddsub.o ABSOLUTE
    ../fplib/cfplib/dcmpin.c                 0x00000000   Number         0  dcmpin.o ABSOLUTE
    ../fplib/cfplib/ffix.c                   0x00000000   Number         0  dfixui.o ABSOLUTE
    ../fplib/cfplib/fflt.c                   0x00000000   Number         0  dflti.o ABSOLUTE
    ../fplib/cfplib/fpinit.c                 0x00000000   Number         0  fpinit.o ABSOLUTE
    ../fplib/cfplib/nan2.c                   0x00000000   Number         0  dnan2.o ABSOLUTE
    ../fplib/cfplib/retnan.c                 0x00000000   Number         0  retnan.o ABSOLUTE
    ../fplib/drleqf6m.s                      0x00000000   Number         0  drlef.o ABSOLUTE
    ../fplib/usenofp.s                       0x00000000   Number         0  usenofp.o ABSOLUTE
    ../mathlib/floor.c                       0x00000000   Number         0  floor.o ABSOLUTE
    RTE\Device\MKL05Z32xxx4\startup_MKL05Z4.s 0x00000000   Number         0  startup_mkl05z4.o ABSOLUTE
    RTE\Device\MKL05Z32xxx4\system_MKL05Z4.c 0x00000000   Number         0  system_mkl05z4.o ABSOLUTE
    RTE\\Device\\MKL05Z32xxx4\\system_MKL05Z4.c 0x00000000   Number         0  system_mkl05z4.o ABSOLUTE
    buttons.c                                0x00000000   Number         0  buttons.o ABSOLUTE
    buttons.c                                0x00000000   Number         0  buttons.o ABSOLUTE
    chess.c                                  0x00000000   Number         0  chess.o ABSOLUTE
    chess.c                                  0x00000000   Number         0  chess.o ABSOLUTE
    clock.c                                  0x00000000   Number         0  clock.o ABSOLUTE
    clock.c                                  0x00000000   Number         0  clock.o ABSOLUTE
    dc.s                                     0x00000000   Number         0  dc.o ABSOLUTE
    engine.c                                 0x00000000   Number         0  engine.o ABSOLUTE
    engine.c                                 0x00000000   Number         0  engine.o ABSOLUTE
    i2c.c                                    0x00000000   Number         0  i2c.o ABSOLUTE
    i2c.c                                    0x00000000   Number         0  i2c.o ABSOLUTE
    keypad.c                                 0x00000000   Number         0  keypad.o ABSOLUTE
    keypad.c                                 0x00000000   Number         0  keypad.o ABSOLUTE
    lcd1602.c                                0x00000000   Number         0  lcd1602.o ABSOLUTE
    lcd1602.c                                0x00000000   Number         0  lcd1602.o ABSOLUTE
    main.c                                   0x00000000   Number         0  main.o ABSOLUTE
    main.c                                   0x00000000   Number         0  main.o ABSOLUTE
    rtc.c                                    0x00000000   Number         0  rtc.o ABSOLUTE
    rtc.c                                    0x00000000   Number         0  rtc.o ABSOLUTE
    tpm.c                                    0x00000000   Number         0  tpm.o ABSOLUTE
    tpm.c                                    0x00000000   Number         0  tpm.o ABSOLUTE
    ws2812.c                                 0x00000000   Number         0  ws2812.o ABSOLUTE
    ws2812.c                                 0x00000000   Number         0  ws2812.o ABSOLUTE
    !!!main                                  0x000000c0   Section        8  __main.o(!!!main)
    !!!scatter                               0x000000c8   Section       60  __scatter.o(!!!scatter)
    !!handler_copy                           0x00000104   Section       26  __scatter_copy.o(!!handler_copy)
    !!handler_zi                             0x00000120   Section       28  __scatter_zi.o(!!handler_zi)
    .ARM.Collect$$_printf_percent$$00000000  0x0000013c   Section        2  _printf_percent.o(.ARM.Collect$$_printf_percent$$00000000)
    .ARM.Collect$$_printf_percent$$0000000A  0x0000013e   Section       10  _printf_u.o(.ARM.Collect$$_printf_percent$$0000000A)
    .ARM.Collect$$_printf_percent$$00000017  0x00000148   Section        4  _printf_percent_end.o(.ARM.Collect$$_printf_percent$$00000017)
    .ARM.Collect$$libinit$$00000000          0x0000014c   Section        2  libinit.o(.ARM.Collect$$libinit$$00000000)
    .ARM.Collect$$libinit$$00000002          0x0000014e   Section        0  libinit2.o(.ARM.Collect$$libinit$$00000002)
    .ARM.Collect$$libinit$$00000004          0x0000014e   Section        0  libinit2.o(.ARM.Collect$$libinit$$00000004)
    .ARM.Collect$$libinit$$0000000A          0x0000014e   Section        0  libinit2.o(.ARM.Collect$$libinit$$0000000A)
    .ARM.Collect$$libinit$$0000000C          0x0000014e   Section        0  libinit2.o(.ARM.Collect$$libinit$$0000000C)
    .ARM.Collect$$libinit$$0000000E          0x0000014e   Section        0  libinit2.o(.ARM.Collect$$libinit$$0000000E)
    .ARM.Collect$$libinit$$00000011          0x0000014e   Section        0  libinit2.o(.ARM.Collect$$libinit$$00000011)
    .ARM.Collect$$libinit$$00000013          0x0000014e   Section        0  libinit2.o(.ARM.Collect$$libinit$$00000013)
    .ARM.Collect$$libinit$$00000015          0x0000014e   Section        0  libinit2.o(.ARM.Collect$$libinit$$00000015)
    .ARM.Collect$$libinit$$00000017          0x0000014e   Section        0  libinit2.o(.ARM.Collect$$libinit$$00000017)
    .ARM.Collect$$libinit$$00000019          0x0000014e   Section        0  libinit2.o(.ARM.Collect$$libinit$$00000019)
    .ARM.Collect$$libinit$$0000001B          0x0000014e   Section        0  libinit2.o(.ARM.Collect$$libinit$$0000001B)
    .ARM.Collect$$libinit$$0000001D          0x0000014e   Section        0  libinit2.o(.ARM.Collect$$libinit$$0000001D)
    .ARM.Collect$$libinit$$0000001F          0x0000014e   Section        0  libinit2.o(.ARM.Collect$$libinit$$0000001F)
    .ARM.Collect$$libinit$$00000021          0x0000014e   Section        0  libinit2.o(.ARM.Collect$$libinit$$00000021)
    .ARM.Collect$$libinit$$00000023          0x0000014e   Section        0  libinit2.o(.ARM.Collect$$libinit$$00000023)
    .ARM.Collect$$libinit$$00000025          0x0000014e   Section        0  libinit2.o(.ARM.Collect$$libinit$$00000025)
    .ARM.Collect$$libinit$$0000002C          0x0000014e   Section        0  libinit2.o(.ARM.Collect$$libinit$$0000002C)
    .ARM.Collect$$libinit$$0000002E          0x0000014e   Section        0  libinit2.o(.ARM.Collect$$libinit$$0000002E)
    .ARM.Collect$$libinit$$00000030          0x0000014e   Section        0  libinit2.o(.ARM.Collect$$libinit$$00000030)
    .ARM.Collect$$libinit$$00000032          0x0000014e   Section        0  libinit2.o(.ARM.Collect$$libinit$$00000032)
    .ARM.Collect$$libinit$$00000033          0x0000014e   Section        2  libinit2.o(.ARM.Collect$$libinit$$00000033)
    .ARM.Collect$$libshutdown$$00000000      0x00000150   Section        2  libshutdown.o(.ARM.Collect$$libshutdown$$00000000)
    .ARM.Collect$$libshutdown$$00000002      0x00000152   Section        0  libshutdown2.o(.ARM.Collect$$libshutdown$$00000002)
    .ARM.Collect$$libshutdown$$00000004      0x00000152   Section        0  libshutdown2.o(.ARM.Collect$$libshutdown$$00000004)
    .ARM.Collect$$libshutdown$$00000006      0x00000152   Section        0  libshutdown2.o(.ARM.Collect$$libshutdown$$00000006)
    .ARM.Collect$$libshutdown$$00000009      0x00000152   Section        0  libshutdown2.o(.ARM.Collect$$libshutdown$$00000009)
    .ARM.Collect$$libshutdown$$0000000C      0x00000152   Section        0  libshutdown2.o(.ARM.Collect$$libshutdown$$0000000C)
    .ARM.Collect$$libshutdown$$0000000E      0x00000152   Section        0  libshutdown2.o(.ARM.Collect$$libshutdown$$0000000E)
    .ARM.Collect$$libshutdown$$00000011      0x00000152   Section        0  libshutdown2.o(.ARM.Collect$$libshutdown$$00000011)
    .ARM.Collect$$libshutdown$$00000012      0x00000152   Section        2  libshutdown2.o(.ARM.Collect$$libshutdown$$00000012)
    .ARM.Collect$$rtentry$$00000000          0x00000154   Section        0  __rtentry.o(.ARM.Collect$$rtentry$$00000000)
    .ARM.Collect$$rtentry$$00000002          0x00000154   Section        0  __rtentry2.o(.ARM.Collect$$rtentry$$00000002)
    .ARM.Collect$$rtentry$$00000004          0x00000154   Section        6  __rtentry4.o(.ARM.Collect$$rtentry$$00000004)
    .ARM.Collect$$rtentry$$00000009          0x0000015a   Section        0  __rtentry2.o(.ARM.Collect$$rtentry$$00000009)
    .ARM.Collect$$rtentry$$0000000A          0x0000015a   Section        4  __rtentry2.o(.ARM.Collect$$rtentry$$0000000A)
    .ARM.Collect$$rtentry$$0000000C          0x0000015e   Section        0  __rtentry2.o(.ARM.Collect$$rtentry$$0000000C)
    .ARM.Collect$$rtentry$$0000000D          0x0000015e   Section        8  __rtentry2.o(.ARM.Collect$$rtentry$$0000000D)
    .ARM.Collect$$rtexit$$00000000           0x00000166   Section        2  rtexit.o(.ARM.Collect$$rtexit$$00000000)
    .ARM.Collect$$rtexit$$00000002           0x00000168   Section        0  rtexit2.o(.ARM.Collect$$rtexit$$00000002)
    .ARM.Collect$$rtexit$$00000003           0x00000168   Section        4  rtexit2.o(.ARM.Collect$$rtexit$$00000003)
    .ARM.Collect$$rtexit$$00000004           0x0000016c   Section        6  rtexit2.o(.ARM.Collect$$rtexit$$00000004)
    .emb_text                                0x00000174   Section       56  rt_memcpy.o(.emb_text)
    .text                                    0x000001ac   Section       52  startup_mkl05z4.o(.text)
    .text                                    0x000001e0   Section        0  noretval__2sprintf.o(.text)
    .text                                    0x00000208   Section        0  _printf_pad.o(.text)
    .text                                    0x00000258   Section        0  _printf_dec.o(.text)
    .text                                    0x000002c4   Section        0  __printf_flags_wp.o(.text)
    .text                                    0x000003fc   Section        2  use_no_semi.o(.text)
    .text                                    0x000003fe   Section        0  indicate_semi.o(.text)
    x$fpl$usenofp                            0x000003fe   Section        0  usenofp.o(x$fpl$usenofp)
    .ARM.__at_0x400                          0x00000400   Section       16  startup_mkl05z4.o(.ARM.__at_0x400)
    .text                                    0x00000410   Section        0  rt_memcpy.o(.text)
    .text                                    0x00000492   Section      346  aeabi_sdiv.o(.text)
    .text                                    0x000005ec   Section        0  heapauxi.o(.text)
    .text                                    0x000005f4   Section        0  dfixui.o(.text)
    .text                                    0x0000063c   Section        0  dflti.o(.text)
    .text                                    0x00000694   Section        0  _printf_intcommon.o(.text)
    .text                                    0x00000744   Section        0  _printf_char_common.o(.text)
    _printf_input_char                       0x00000745   Thumb Code    10  _printf_char_common.o(.text)
    .text                                    0x00000774   Section        0  _sputc.o(.text)
    .text                                    0x0000077e   Section        0  rtudiv10.o(.text)
    .text                                    0x000007a8   Section        0  daddsub.o(.text)
    _dadd1                                   0x000007a9   Thumb Code   290  daddsub.o(.text)
    _dsub1                                   0x000008cb   Thumb Code   470  daddsub.o(.text)
    .text                                    0x00000b00   Section        0  dcmpin.o(.text)
    .text                                    0x00000b90   Section       62  sys_stackheap_outer.o(.text)
    .text                                    0x00000bce   Section        0  exit.o(.text)
    .text                                    0x00000bde   Section        0  cmpret.o(.text)
    .text                                    0x00000c0c   Section        0  dnan2.o(.text)
    .text                                    0x00000c20   Section        8  libspace.o(.text)
    .text                                    0x00000c28   Section        0  retnan.o(.text)
    .text                                    0x00000c88   Section        0  sys_exit.o(.text)
    i.I2C_Init                               0x00000c94   Section        0  i2c.o(i.I2C_Init)
    i.I2C_Write                              0x00000d1c   Section        0  i2c.o(i.I2C_Write)
    i.LCD1602_Backlight                      0x00000d5c   Section        0  lcd1602.o(i.LCD1602_Backlight)
    i.LCD1602_ClearAll                       0x00000d70   Section        0  lcd1602.o(i.LCD1602_ClearAll)
    i.LCD1602_Init                           0x00000d7c   Section        0  lcd1602.o(i.LCD1602_Init)
    i.LCD1602_Print                          0x00000dcc   Section        0  lcd1602.o(i.LCD1602_Print)
    i.LCD1602_SetCursor                      0x00000de8   Section        0  lcd1602.o(i.LCD1602_SetCursor)
    i.LCD1602_Write4                         0x00000e08   Section        0  lcd1602.o(i.LCD1602_Write4)
    i.LCD1602_Write8                         0x00000e58   Section        0  lcd1602.o(i.LCD1602_Write8)
    i.PCF8574_Write                          0x00000e74   Section        0  lcd1602.o(i.PCF8574_Write)
    i.PORTB_IRQHandler                       0x00000e98   Section        0  buttons.o(i.PORTB_IRQHandler)
    i.RTCInit                                0x00000f9c   Section        0  rtc.o(i.RTCInit)
    i.RTC_IRQHandler                         0x00001030   Section        0  rtc.o(i.RTC_IRQHandler)
    i.SystemInit                             0x00001044   Section        0  system_mkl05z4.o(i.SystemInit)
    i.TPM0_IRQHandler                        0x000010a0   Section        0  tpm.o(i.TPM0_IRQHandler)
    i.TPM0_Init_OC                           0x00001164   Section        0  tpm.o(i.TPM0_Init_OC)
    i.__ARM_common_switch8                   0x00001274   Section        0  clock.o(i.__ARM_common_switch8)
    i.__NVIC_ClearPendingIRQ                 0x00001290   Section        0  tpm.o(i.__NVIC_ClearPendingIRQ)
    __NVIC_ClearPendingIRQ                   0x00001291   Thumb Code    18  tpm.o(i.__NVIC_ClearPendingIRQ)
    i.__NVIC_SetPriority                     0x000012a8   Section        0  buttons.o(i.__NVIC_SetPriority)
    __NVIC_SetPriority                       0x000012a9   Thumb Code   110  buttons.o(i.__NVIC_SetPriority)
    i.__NVIC_SetPriority                     0x00001320   Section        0  rtc.o(i.__NVIC_SetPriority)
    __NVIC_SetPriority                       0x00001321   Thumb Code   110  rtc.o(i.__NVIC_SetPriority)
    i.__NVIC_SetPriority                     0x00001398   Section        0  tpm.o(i.__NVIC_SetPriority)
    __NVIC_SetPriority                       0x00001399   Thumb Code   110  tpm.o(i.__NVIC_SetPriority)
    i._is_digit                              0x00001410   Section        0  __printf_wp.o(i._is_digit)
    i.buttonsInitialize                      0x00001420   Section        0  buttons.o(i.buttonsInitialize)
    i.check                                  0x00001518   Section        0  keypad.o(i.check)
    i.clock_init                             0x000015cc   Section        0  clock.o(i.clock_init)
    i.floor                                  0x00001624   Section        0  floor.o(i.floor)
    i.i2c_disable                            0x000016ec   Section        0  i2c.o(i.i2c_disable)
    i.i2c_enable                             0x00001700   Section        0  i2c.o(i.i2c_enable)
    i.i2c_m_start                            0x00001714   Section        0  i2c.o(i.i2c_m_start)
    i.i2c_m_stop                             0x00001728   Section        0  i2c.o(i.i2c_m_stop)
    i.i2c_send                               0x0000173c   Section        0  i2c.o(i.i2c_send)
    i.i2c_tran                               0x00001748   Section        0  i2c.o(i.i2c_tran)
    i.i2c_wait                               0x0000175c   Section        0  i2c.o(i.i2c_wait)
    i.keypad_init                            0x000017bc   Section        0  keypad.o(i.keypad_init)
    i.main                                   0x000018fc   Section        0  main.o(i.main)
    i.menu                                   0x00001920   Section        0  clock.o(i.menu)
    i.setLed                                 0x000019d8   Section        0  ws2812.o(i.setLed)
    i.update_game                            0x000019f0   Section        0  clock.o(i.update_game)
    i.update_lcd                             0x00001ae0   Section        0  clock.o(i.update_lcd)
    i.update_time                            0x00001c08   Section        0  clock.o(i.update_time)
    x$fpl$drleqf                             0x00001d34   Section      104  drlef.o(x$fpl$drleqf)
    .constdata                               0x00001d9c   Section       17  __printf_flags_wp.o(.constdata)
    maptable                                 0x00001d9c   Data          17  __printf_flags_wp.o(.constdata)
    .data                                    0x1ffffc00   Section        4  i2c.o(.data)
    error                                    0x1ffffc00   Data           1  i2c.o(.data)
    timeout                                  0x1ffffc02   Data           2  i2c.o(.data)
    .data                                    0x1ffffc04   Section        1  lcd1602.o(.data)
    lcd_backlight                            0x1ffffc04   Data           1  lcd1602.o(.data)
    .data                                    0x1ffffc05   Section        1  buttons.o(.data)
    .data                                    0x1ffffc06   Section        3  tpm.o(.data)
    .data                                    0x1ffffc0a   Section       33  clock.o(.data)
    .bss                                     0x1ffffc2c   Section       80  keypad.o(.bss)
    .bss                                     0x1ffffc7c   Section      256  ws2812.o(.bss)
    .bss                                     0x1ffffd7c   Section      208  clock.o(.bss)
    .bss                                     0x1ffffe4c   Section       96  libspace.o(.bss)
    HEAP                                     0x1ffffeb0   Section        0  startup_mkl05z4.o(HEAP)
    STACK                                    0x1ffffeb0   Section      256  startup_mkl05z4.o(STACK)
    Heap_Mem                                 0x1ffffeb0   Data           0  startup_mkl05z4.o(HEAP)
    Stack_Mem                                0x1ffffeb0   Data         256  startup_mkl05z4.o(STACK)
    __initial_sp                             0x1fffffb0   Data           0  startup_mkl05z4.o(STACK)

    Global Symbols

    Symbol Name                              Value     Ov Type        Size  Object(Section)

    BuildAttributes$$THM_ISAv3M$S$PE$A:L22$X:L11$S22$IEEE1$IW$USESV6$~STKCKD$USESV7$~SHL$OTIME$ROPI$IEEEJ$EBA8$UX$STANDARDLIB$REQ8$PRES8$EABIv2 0x00000000   Number         0  anon$$obj.o ABSOLUTE
    __ARM_use_no_argv                        0x00000000   Number         0  main.o ABSOLUTE
    __Vectors                                0x00000000   Data           4  startup_mkl05z4.o(RESET)
    _printf_flags                            0x00000000   Number         0  printf_stubs.o ABSOLUTE
    _printf_return_value                     0x00000000   Number         0  printf_stubs.o ABSOLUTE
    _printf_sizespec                         0x00000000   Number         0  printf_stubs.o ABSOLUTE
    _printf_widthprec                        0x00000000   Number         0  printf_stubs.o ABSOLUTE
    __ARM_exceptions_init                     - Undefined Weak Reference
    __alloca_initialize                       - Undefined Weak Reference
    __arm_fini_                               - Undefined Weak Reference
    __arm_preinit_                            - Undefined Weak Reference
    __cpp_initialize__aeabi_                  - Undefined Weak Reference
    __cxa_finalize                            - Undefined Weak Reference
    __rt_locale                               - Undefined Weak Reference
    __sigvec_lookup                           - Undefined Weak Reference
    _atexit_init                              - Undefined Weak Reference
    _call_atexit_fns                          - Undefined Weak Reference
    _clock_init                               - Undefined Weak Reference
    _fp_trap_init                             - Undefined Weak Reference
    _fp_trap_shutdown                         - Undefined Weak Reference
    _get_lc_collate                           - Undefined Weak Reference
    _get_lc_ctype                             - Undefined Weak Reference
    _get_lc_monetary                          - Undefined Weak Reference
    _get_lc_numeric                           - Undefined Weak Reference
    _get_lc_time                              - Undefined Weak Reference
    _getenv_init                              - Undefined Weak Reference
    _handle_redirection                       - Undefined Weak Reference
    _init_alloc                               - Undefined Weak Reference
    _init_user_alloc                          - Undefined Weak Reference
    _initio                                   - Undefined Weak Reference
    _printf_truncate_signed                   - Undefined Weak Reference
    _printf_truncate_unsigned                 - Undefined Weak Reference
    _rand_init                                - Undefined Weak Reference
    _signal_finish                            - Undefined Weak Reference
    _signal_init                              - Undefined Weak Reference
    _terminate_alloc                          - Undefined Weak Reference
    _terminate_user_alloc                     - Undefined Weak Reference
    _terminateio                              - Undefined Weak Reference
    __Vectors_End                            0x000000c0   Data           0  startup_mkl05z4.o(RESET)
    __Vectors_Size                           0x000000c0   Number         0  startup_mkl05z4.o ABSOLUTE
    __main                                   0x000000c1   Thumb Code     8  __main.o(!!!main)
    __scatterload                            0x000000c9   Thumb Code     0  __scatter.o(!!!scatter)
    __scatterload_rt2                        0x000000c9   Thumb Code    52  __scatter.o(!!!scatter)
    __scatterload_rt2_thumb_only             0x000000c9   Thumb Code     0  __scatter.o(!!!scatter)
    __scatterload_null                       0x000000d9   Thumb Code     0  __scatter.o(!!!scatter)
    __scatterload_copy                       0x00000105   Thumb Code    26  __scatter_copy.o(!!handler_copy)
    __scatterload_zeroinit                   0x00000121   Thumb Code    28  __scatter_zi.o(!!handler_zi)
    _printf_percent                          0x0000013d   Thumb Code     0  _printf_percent.o(.ARM.Collect$$_printf_percent$$00000000)
    _printf_u                                0x0000013f   Thumb Code     0  _printf_u.o(.ARM.Collect$$_printf_percent$$0000000A)
    _printf_percent_end                      0x00000149   Thumb Code     0  _printf_percent_end.o(.ARM.Collect$$_printf_percent$$00000017)
    __rt_lib_init                            0x0000014d   Thumb Code     0  libinit.o(.ARM.Collect$$libinit$$00000000)
    __rt_lib_init_alloca_1                   0x0000014f   Thumb Code     0  libinit2.o(.ARM.Collect$$libinit$$0000002E)
    __rt_lib_init_argv_1                     0x0000014f   Thumb Code     0  libinit2.o(.ARM.Collect$$libinit$$0000002C)
    __rt_lib_init_atexit_1                   0x0000014f   Thumb Code     0  libinit2.o(.ARM.Collect$$libinit$$0000001B)
    __rt_lib_init_clock_1                    0x0000014f   Thumb Code     0  libinit2.o(.ARM.Collect$$libinit$$00000021)
    __rt_lib_init_cpp_1                      0x0000014f   Thumb Code     0  libinit2.o(.ARM.Collect$$libinit$$00000032)
    __rt_lib_init_exceptions_1               0x0000014f   Thumb Code     0  libinit2.o(.ARM.Collect$$libinit$$00000030)
    __rt_lib_init_fp_1                       0x0000014f   Thumb Code     0  libinit2.o(.ARM.Collect$$libinit$$00000002)
    __rt_lib_init_fp_trap_1                  0x0000014f   Thumb Code     0  libinit2.o(.ARM.Collect$$libinit$$0000001F)
    __rt_lib_init_getenv_1                   0x0000014f   Thumb Code     0  libinit2.o(.ARM.Collect$$libinit$$00000023)
    __rt_lib_init_heap_1                     0x0000014f   Thumb Code     0  libinit2.o(.ARM.Collect$$libinit$$0000000A)
    __rt_lib_init_lc_collate_1               0x0000014f   Thumb Code     0  libinit2.o(.ARM.Collect$$libinit$$00000011)
    __rt_lib_init_lc_ctype_1                 0x0000014f   Thumb Code     0  libinit2.o(.ARM.Collect$$libinit$$00000013)
    __rt_lib_init_lc_monetary_1              0x0000014f   Thumb Code     0  libinit2.o(.ARM.Collect$$libinit$$00000015)
    __rt_lib_init_lc_numeric_1               0x0000014f   Thumb Code     0  libinit2.o(.ARM.Collect$$libinit$$00000017)
    __rt_lib_init_lc_time_1                  0x0000014f   Thumb Code     0  libinit2.o(.ARM.Collect$$libinit$$00000019)
    __rt_lib_init_preinit_1                  0x0000014f   Thumb Code     0  libinit2.o(.ARM.Collect$$libinit$$00000004)
    __rt_lib_init_rand_1                     0x0000014f   Thumb Code     0  libinit2.o(.ARM.Collect$$libinit$$0000000E)
    __rt_lib_init_return                     0x0000014f   Thumb Code     0  libinit2.o(.ARM.Collect$$libinit$$00000033)
    __rt_lib_init_signal_1                   0x0000014f   Thumb Code     0  libinit2.o(.ARM.Collect$$libinit$$0000001D)
    __rt_lib_init_stdio_1                    0x0000014f   Thumb Code     0  libinit2.o(.ARM.Collect$$libinit$$00000025)
    __rt_lib_init_user_alloc_1               0x0000014f   Thumb Code     0  libinit2.o(.ARM.Collect$$libinit$$0000000C)
    __rt_lib_shutdown                        0x00000151   Thumb Code     0  libshutdown.o(.ARM.Collect$$libshutdown$$00000000)
    __rt_lib_shutdown_cpp_1                  0x00000153   Thumb Code     0  libshutdown2.o(.ARM.Collect$$libshutdown$$00000004)
    __rt_lib_shutdown_fini_1                 0x00000153   Thumb Code     0  libshutdown2.o(.ARM.Collect$$libshutdown$$00000002)
    __rt_lib_shutdown_fp_trap_1              0x00000153   Thumb Code     0  libshutdown2.o(.ARM.Collect$$libshutdown$$00000009)
    __rt_lib_shutdown_heap_1                 0x00000153   Thumb Code     0  libshutdown2.o(.ARM.Collect$$libshutdown$$00000011)
    __rt_lib_shutdown_return                 0x00000153   Thumb Code     0  libshutdown2.o(.ARM.Collect$$libshutdown$$00000012)
    __rt_lib_shutdown_signal_1               0x00000153   Thumb Code     0  libshutdown2.o(.ARM.Collect$$libshutdown$$0000000C)
    __rt_lib_shutdown_stdio_1                0x00000153   Thumb Code     0  libshutdown2.o(.ARM.Collect$$libshutdown$$00000006)
    __rt_lib_shutdown_user_alloc_1           0x00000153   Thumb Code     0  libshutdown2.o(.ARM.Collect$$libshutdown$$0000000E)
    __rt_entry                               0x00000155   Thumb Code     0  __rtentry.o(.ARM.Collect$$rtentry$$00000000)
    __rt_entry_presh_1                       0x00000155   Thumb Code     0  __rtentry2.o(.ARM.Collect$$rtentry$$00000002)
    __rt_entry_sh                            0x00000155   Thumb Code     0  __rtentry4.o(.ARM.Collect$$rtentry$$00000004)
    __rt_entry_li                            0x0000015b   Thumb Code     0  __rtentry2.o(.ARM.Collect$$rtentry$$0000000A)
    __rt_entry_postsh_1                      0x0000015b   Thumb Code     0  __rtentry2.o(.ARM.Collect$$rtentry$$00000009)
    __rt_entry_main                          0x0000015f   Thumb Code     0  __rtentry2.o(.ARM.Collect$$rtentry$$0000000D)
    __rt_entry_postli_1                      0x0000015f   Thumb Code     0  __rtentry2.o(.ARM.Collect$$rtentry$$0000000C)
    __rt_exit                                0x00000167   Thumb Code     0  rtexit.o(.ARM.Collect$$rtexit$$00000000)
    __rt_exit_ls                             0x00000169   Thumb Code     0  rtexit2.o(.ARM.Collect$$rtexit$$00000003)
    __rt_exit_prels_1                        0x00000169   Thumb Code     0  rtexit2.o(.ARM.Collect$$rtexit$$00000002)
    __rt_exit_exit                           0x0000016d   Thumb Code     0  rtexit2.o(.ARM.Collect$$rtexit$$00000004)
    __aeabi_memcpy4                          0x00000175   Thumb Code    56  rt_memcpy.o(.emb_text)
    __aeabi_memcpy8                          0x00000175   Thumb Code     0  rt_memcpy.o(.emb_text)
    Reset_Handler                            0x000001ad   Thumb Code     8  startup_mkl05z4.o(.text)
    NMI_Handler                              0x000001b5   Thumb Code     2  startup_mkl05z4.o(.text)
    HardFault_Handler                        0x000001b7   Thumb Code     2  startup_mkl05z4.o(.text)
    SVC_Handler                              0x000001b9   Thumb Code     2  startup_mkl05z4.o(.text)
    PendSV_Handler                           0x000001bb   Thumb Code     2  startup_mkl05z4.o(.text)
    SysTick_Handler                          0x000001bd   Thumb Code     2  startup_mkl05z4.o(.text)
    ADC0_IRQHandler                          0x000001bf   Thumb Code     0  startup_mkl05z4.o(.text)
    CMP0_IRQHandler                          0x000001bf   Thumb Code     0  startup_mkl05z4.o(.text)
    DAC0_IRQHandler                          0x000001bf   Thumb Code     0  startup_mkl05z4.o(.text)
    DMA0_IRQHandler                          0x000001bf   Thumb Code     0  startup_mkl05z4.o(.text)
    DMA1_IRQHandler                          0x000001bf   Thumb Code     0  startup_mkl05z4.o(.text)
    DMA2_IRQHandler                          0x000001bf   Thumb Code     0  startup_mkl05z4.o(.text)
    DMA3_IRQHandler                          0x000001bf   Thumb Code     0  startup_mkl05z4.o(.text)
    DefaultISR                               0x000001bf   Thumb Code     0  startup_mkl05z4.o(.text)
    FTFA_IRQHandler                          0x000001bf   Thumb Code     0  startup_mkl05z4.o(.text)
    I2C0_IRQHandler                          0x000001bf   Thumb Code     0  startup_mkl05z4.o(.text)
    LLW_IRQHandler                           0x000001bf   Thumb Code     0  startup_mkl05z4.o(.text)
    LPTimer_IRQHandler                       0x000001bf   Thumb Code     0  startup_mkl05z4.o(.text)
    LVD_LVW_IRQHandler                       0x000001bf   Thumb Code     0  startup_mkl05z4.o(.text)
    MCG_IRQHandler                           0x000001bf   Thumb Code     0  startup_mkl05z4.o(.text)
    PIT_IRQHandler                           0x000001bf   Thumb Code     0  startup_mkl05z4.o(.text)
    PORTA_IRQHandler                         0x000001bf   Thumb Code     0  startup_mkl05z4.o(.text)
    RTC_Seconds_IRQHandler                   0x000001bf   Thumb Code     0  startup_mkl05z4.o(.text)
    Reserved20_IRQHandler                    0x000001bf   Thumb Code     0  startup_mkl05z4.o(.text)
    Reserved25_IRQHandler                    0x000001bf   Thumb Code     0  startup_mkl05z4.o(.text)
    Reserved27_IRQHandler                    0x000001bf   Thumb Code     0  startup_mkl05z4.o(.text)
    Reserved29_IRQHandler                    0x000001bf   Thumb Code     0  startup_mkl05z4.o(.text)
    Reserved30_IRQHandler                    0x000001bf   Thumb Code     0  startup_mkl05z4.o(.text)
    Reserved35_IRQHandler                    0x000001bf   Thumb Code     0  startup_mkl05z4.o(.text)
    Reserved39_IRQHandler                    0x000001bf   Thumb Code     0  startup_mkl05z4.o(.text)
    Reserved40_IRQHandler                    0x000001bf   Thumb Code     0  startup_mkl05z4.o(.text)
    Reserved45_IRQHandler                    0x000001bf   Thumb Code     0  startup_mkl05z4.o(.text)
    SPI0_IRQHandler                          0x000001bf   Thumb Code     0  startup_mkl05z4.o(.text)
    TPM1_IRQHandler                          0x000001bf   Thumb Code     0  startup_mkl05z4.o(.text)
    TSI0_IRQHandler                          0x000001bf   Thumb Code     0  startup_mkl05z4.o(.text)
    UART0_IRQHandler                         0x000001bf   Thumb Code     0  startup_mkl05z4.o(.text)
    __user_initial_stackheap                 0x000001c1   Thumb Code     0  startup_mkl05z4.o(.text)
    __2sprintf                               0x000001e1   Thumb Code    36  noretval__2sprintf.o(.text)
    _printf_pre_padding                      0x00000209   Thumb Code    44  _printf_pad.o(.text)
    _printf_post_padding                     0x00000235   Thumb Code    34  _printf_pad.o(.text)
    _printf_int_dec                          0x00000259   Thumb Code    90  _printf_dec.o(.text)
    __printf                                 0x000002c5   Thumb Code   306  __printf_flags_wp.o(.text)
    __I$use$semihosting                      0x000003fd   Thumb Code     0  use_no_semi.o(.text)
    __use_no_semihosting_swi                 0x000003fd   Thumb Code     2  use_no_semi.o(.text)
    __I$use$fp                               0x000003fe   Number         0  usenofp.o(x$fpl$usenofp)
    __semihosting_library_function           0x000003ff   Thumb Code     0  indicate_semi.o(.text)
    __aeabi_memcpy                           0x00000411   Thumb Code   130  rt_memcpy.o(.text)
    __rt_memcpy                              0x00000411   Thumb Code     0  rt_memcpy.o(.text)
    __aeabi_uidiv                            0x00000493   Thumb Code     0  aeabi_sdiv.o(.text)
    __aeabi_uidivmod                         0x00000493   Thumb Code    20  aeabi_sdiv.o(.text)
    __aeabi_idiv                             0x000004a7   Thumb Code     0  aeabi_sdiv.o(.text)
    __aeabi_idivmod                          0x000004a7   Thumb Code   326  aeabi_sdiv.o(.text)
    __use_two_region_memory                  0x000005ed   Thumb Code     2  heapauxi.o(.text)
    __rt_heap_escrow$2region                 0x000005ef   Thumb Code     2  heapauxi.o(.text)
    __rt_heap_expand$2region                 0x000005f1   Thumb Code     2  heapauxi.o(.text)
    __aeabi_d2uiz                            0x000005f5   Thumb Code     0  dfixui.o(.text)
    _dfixu                                   0x000005f5   Thumb Code    68  dfixui.o(.text)
    __aeabi_i2d_normalise                    0x0000063d   Thumb Code    66  dflti.o(.text)
    __aeabi_i2d                              0x0000067f   Thumb Code    16  dflti.o(.text)
    _dflt                                    0x0000067f   Thumb Code     0  dflti.o(.text)
    __aeabi_ui2d                             0x0000068f   Thumb Code     6  dflti.o(.text)
    _dfltu                                   0x0000068f   Thumb Code     0  dflti.o(.text)
    _printf_int_common                       0x00000695   Thumb Code   176  _printf_intcommon.o(.text)
    _printf_char_common                      0x0000074f   Thumb Code    32  _printf_char_common.o(.text)
    _sputc                                   0x00000775   Thumb Code    10  _sputc.o(.text)
    __rt_udiv10                              0x0000077f   Thumb Code    40  rtudiv10.o(.text)
    __aeabi_dadd                             0x00000aa1   Thumb Code     0  daddsub.o(.text)
    _dadd                                    0x00000aa1   Thumb Code    26  daddsub.o(.text)
    __aeabi_dsub                             0x00000abb   Thumb Code     0  daddsub.o(.text)
    _dsub                                    0x00000abb   Thumb Code    22  daddsub.o(.text)
    __aeabi_drsub                            0x00000ad1   Thumb Code     0  daddsub.o(.text)
    _drsb                                    0x00000ad1   Thumb Code    28  daddsub.o(.text)
    __fpl_dcmp_InfNaN                        0x00000b01   Thumb Code   140  dcmpin.o(.text)
    __user_setup_stackheap                   0x00000b91   Thumb Code    62  sys_stackheap_outer.o(.text)
    exit                                     0x00000bcf   Thumb Code    16  exit.o(.text)
    __fpl_cmpreturn                          0x00000bdf   Thumb Code    46  cmpret.o(.text)
    __fpl_dcheck_NaN2                        0x00000c0d   Thumb Code    14  dnan2.o(.text)
    __user_libspace                          0x00000c21   Thumb Code     8  libspace.o(.text)
    __user_perproc_libspace                  0x00000c21   Thumb Code     0  libspace.o(.text)
    __user_perthread_libspace                0x00000c21   Thumb Code     0  libspace.o(.text)
    __fpl_return_NaN                         0x00000c29   Thumb Code    94  retnan.o(.text)
    _sys_exit                                0x00000c89   Thumb Code     8  sys_exit.o(.text)
    I2C_Init                                 0x00000c95   Thumb Code   122  i2c.o(i.I2C_Init)
    I2C_Write                                0x00000d1d   Thumb Code    60  i2c.o(i.I2C_Write)
    LCD1602_Backlight                        0x00000d5d   Thumb Code    16  lcd1602.o(i.LCD1602_Backlight)
    LCD1602_ClearAll                         0x00000d71   Thumb Code    12  lcd1602.o(i.LCD1602_ClearAll)
    LCD1602_Init                             0x00000d7d   Thumb Code    76  lcd1602.o(i.LCD1602_Init)
    LCD1602_Print                            0x00000dcd   Thumb Code    28  lcd1602.o(i.LCD1602_Print)
    LCD1602_SetCursor                        0x00000de9   Thumb Code    30  lcd1602.o(i.LCD1602_SetCursor)
    LCD1602_Write4                           0x00000e09   Thumb Code    74  lcd1602.o(i.LCD1602_Write4)
    LCD1602_Write8                           0x00000e59   Thumb Code    28  lcd1602.o(i.LCD1602_Write8)
    PCF8574_Write                            0x00000e75   Thumb Code    30  lcd1602.o(i.PCF8574_Write)
    PORTB_IRQHandler                         0x00000e99   Thumb Code   246  buttons.o(i.PORTB_IRQHandler)
    RTCInit                                  0x00000f9d   Thumb Code   128  rtc.o(i.RTCInit)
    RTC_IRQHandler                           0x00001031   Thumb Code    16  rtc.o(i.RTC_IRQHandler)
    SystemInit                               0x00001045   Thumb Code    78  system_mkl05z4.o(i.SystemInit)
    TPM0_IRQHandler                          0x000010a1   Thumb Code   176  tpm.o(i.TPM0_IRQHandler)
    TPM0_Init_OC                             0x00001165   Thumb Code   240  tpm.o(i.TPM0_Init_OC)
    __ARM_common_switch8                     0x00001275   Thumb Code    28  clock.o(i.__ARM_common_switch8)
    _is_digit                                0x00001411   Thumb Code    14  __printf_wp.o(i._is_digit)
    buttonsInitialize                        0x00001421   Thumb Code   230  buttons.o(i.buttonsInitialize)
    check                                    0x00001519   Thumb Code   170  keypad.o(i.check)
    clock_init                               0x000015cd   Thumb Code    62  clock.o(i.clock_init)
    floor                                    0x00001625   Thumb Code   180  floor.o(i.floor)
    i2c_disable                              0x000016ed   Thumb Code    14  i2c.o(i.i2c_disable)
    i2c_enable                               0x00001701   Thumb Code    14  i2c.o(i.i2c_enable)
    i2c_m_start                              0x00001715   Thumb Code    14  i2c.o(i.i2c_m_start)
    i2c_m_stop                               0x00001729   Thumb Code    14  i2c.o(i.i2c_m_stop)
    i2c_send                                 0x0000173d   Thumb Code     6  i2c.o(i.i2c_send)
    i2c_tran                                 0x00001749   Thumb Code    14  i2c.o(i.i2c_tran)
    i2c_wait                                 0x0000175d   Thumb Code    80  i2c.o(i.i2c_wait)
    keypad_init                              0x000017bd   Thumb Code   300  keypad.o(i.keypad_init)
    main                                     0x000018fd   Thumb Code    34  main.o(i.main)
    menu                                     0x00001921   Thumb Code   144  clock.o(i.menu)
    setLed                                   0x000019d9   Thumb Code    18  ws2812.o(i.setLed)
    update_game                              0x000019f1   Thumb Code   206  clock.o(i.update_game)
    update_lcd                               0x00001ae1   Thumb Code   202  clock.o(i.update_lcd)
    update_time                              0x00001c09   Thumb Code   236  clock.o(i.update_time)
    __aeabi_cdrcmple                         0x00001d35   Thumb Code     0  drlef.o(x$fpl$drleqf)
    _drcmple                                 0x00001d35   Thumb Code   100  drlef.o(x$fpl$drleqf)
    Region$$Table$$Base                      0x00001db0   Number         0  anon$$obj.o(Region$$Table)
    Region$$Table$$Limit                     0x00001dd0   Number         0  anon$$obj.o(Region$$Table)
    game_started                             0x1ffffc05   Data           1  buttons.o(.data)
    counter                                  0x1ffffc06   Data           1  tpm.o(.data)
    internal_counter                         0x1ffffc07   Data           1  tpm.o(.data)
    nextmove                                 0x1ffffc08   Data           1  tpm.o(.data)
    increment                                0x1ffffc0a   Data           1  clock.o(.data)
    game_length                              0x1ffffc0b   Data           1  clock.o(.data)
    active_player                            0x1ffffc0c   Data           1  clock.o(.data)
    start_time                               0x1ffffc0e   Data           2  clock.o(.data)
    white_time                               0x1ffffc10   Data           2  clock.o(.data)
    black_time                               0x1ffffc12   Data           2  clock.o(.data)
    minutes                                  0x1ffffc14   Data           2  clock.o(.data)
    seconds                                  0x1ffffc16   Data           2  clock.o(.data)
    start_game                               0x1ffffc18   Data           1  clock.o(.data)
    num                                      0x1ffffc19   Data           1  clock.o(.data)
    display                                  0x1ffffc1a   Data          17  clock.o(.data)
    key                                      0x1ffffc2c   Data          16  keypad.o(.bss)
    detect                                   0x1ffffc3c   Data          64  keypad.o(.bss)
    tab                                      0x1ffffc7c   Data         256  ws2812.o(.bss)
    detected_board                           0x1ffffd7c   Data         208  clock.o(.bss)
    __libspace_start                         0x1ffffe4c   Data          96  libspace.o(.bss)
    __temporary_stack_top$libspace           0x1ffffeac   Data           0  libspace.o(.bss)



==============================================================================

Memory Map of the image

  Image Entry point : 0x000001ad

  Load Region LR_1 (Base: 0x00000000, Size: 0x00001dfc, Max: 0xffffffff, ABSOLUTE)

    Execution Region ER_RO (Exec base: 0x00000000, Load base: 0x00000000, Size: 0x00001dd0, Max: 0xffffffff, ABSOLUTE)

    Exec Addr    Load Addr    Size         Type   Attr      Idx    E Section Name        Object

    0x00000000   0x00000000   0x000000c0   Data   RO          530    RESET               startup_mkl05z4.o
    0x000000c0   0x000000c0   0x00000008   Code   RO          614  * !!!main             c_p.l(__main.o)
    0x000000c8   0x000000c8   0x0000003c   Code   RO          817    !!!scatter          c_p.l(__scatter.o)
    0x00000104   0x00000104   0x0000001a   Code   RO          819    !!handler_copy      c_p.l(__scatter_copy.o)
    0x0000011e   0x0000011e   0x00000002   PAD
    0x00000120   0x00000120   0x0000001c   Code   RO          821    !!handler_zi        c_p.l(__scatter_zi.o)
    0x0000013c   0x0000013c   0x00000002   Code   RO          603    .ARM.Collect$$_printf_percent$$00000000  c_p.l(_printf_percent.o)
    0x0000013e   0x0000013e   0x0000000a   Code   RO          602    .ARM.Collect$$_printf_percent$$0000000A  c_p.l(_printf_u.o)
    0x00000148   0x00000148   0x00000004   Code   RO          635    .ARM.Collect$$_printf_percent$$00000017  c_p.l(_printf_percent_end.o)
    0x0000014c   0x0000014c   0x00000002   Code   RO          678    .ARM.Collect$$libinit$$00000000  c_p.l(libinit.o)
    0x0000014e   0x0000014e   0x00000000   Code   RO          696    .ARM.Collect$$libinit$$00000002  c_p.l(libinit2.o)
    0x0000014e   0x0000014e   0x00000000   Code   RO          698    .ARM.Collect$$libinit$$00000004  c_p.l(libinit2.o)
    0x0000014e   0x0000014e   0x00000000   Code   RO          701    .ARM.Collect$$libinit$$0000000A  c_p.l(libinit2.o)
    0x0000014e   0x0000014e   0x00000000   Code   RO          703    .ARM.Collect$$libinit$$0000000C  c_p.l(libinit2.o)
    0x0000014e   0x0000014e   0x00000000   Code   RO          705    .ARM.Collect$$libinit$$0000000E  c_p.l(libinit2.o)
    0x0000014e   0x0000014e   0x00000000   Code   RO          708    .ARM.Collect$$libinit$$00000011  c_p.l(libinit2.o)
    0x0000014e   0x0000014e   0x00000000   Code   RO          710    .ARM.Collect$$libinit$$00000013  c_p.l(libinit2.o)
    0x0000014e   0x0000014e   0x00000000   Code   RO          712    .ARM.Collect$$libinit$$00000015  c_p.l(libinit2.o)
    0x0000014e   0x0000014e   0x00000000   Code   RO          714    .ARM.Collect$$libinit$$00000017  c_p.l(libinit2.o)
    0x0000014e   0x0000014e   0x00000000   Code   RO          716    .ARM.Collect$$libinit$$00000019  c_p.l(libinit2.o)
    0x0000014e   0x0000014e   0x00000000   Code   RO          718    .ARM.Collect$$libinit$$0000001B  c_p.l(libinit2.o)
    0x0000014e   0x0000014e   0x00000000   Code   RO          720    .ARM.Collect$$libinit$$0000001D  c_p.l(libinit2.o)
    0x0000014e   0x0000014e   0x00000000   Code   RO          722    .ARM.Collect$$libinit$$0000001F  c_p.l(libinit2.o)
    0x0000014e   0x0000014e   0x00000000   Code   RO          724    .ARM.Collect$$libinit$$00000021  c_p.l(libinit2.o)
    0x0000014e   0x0000014e   0x00000000   Code   RO          726    .ARM.Collect$$libinit$$00000023  c_p.l(libinit2.o)
    0x0000014e   0x0000014e   0x00000000   Code   RO          728    .ARM.Collect$$libinit$$00000025  c_p.l(libinit2.o)
    0x0000014e   0x0000014e   0x00000000   Code   RO          732    .ARM.Collect$$libinit$$0000002C  c_p.l(libinit2.o)
    0x0000014e   0x0000014e   0x00000000   Code   RO          734    .ARM.Collect$$libinit$$0000002E  c_p.l(libinit2.o)
    0x0000014e   0x0000014e   0x00000000   Code   RO          736    .ARM.Collect$$libinit$$00000030  c_p.l(libinit2.o)
    0x0000014e   0x0000014e   0x00000000   Code   RO          738    .ARM.Collect$$libinit$$00000032  c_p.l(libinit2.o)
    0x0000014e   0x0000014e   0x00000002   Code   RO          739    .ARM.Collect$$libinit$$00000033  c_p.l(libinit2.o)
    0x00000150   0x00000150   0x00000002   Code   RO          772    .ARM.Collect$$libshutdown$$00000000  c_p.l(libshutdown.o)
    0x00000152   0x00000152   0x00000000   Code   RO          798    .ARM.Collect$$libshutdown$$00000002  c_p.l(libshutdown2.o)
    0x00000152   0x00000152   0x00000000   Code   RO          800    .ARM.Collect$$libshutdown$$00000004  c_p.l(libshutdown2.o)
    0x00000152   0x00000152   0x00000000   Code   RO          802    .ARM.Collect$$libshutdown$$00000006  c_p.l(libshutdown2.o)
    0x00000152   0x00000152   0x00000000   Code   RO          805    .ARM.Collect$$libshutdown$$00000009  c_p.l(libshutdown2.o)
    0x00000152   0x00000152   0x00000000   Code   RO          808    .ARM.Collect$$libshutdown$$0000000C  c_p.l(libshutdown2.o)
    0x00000152   0x00000152   0x00000000   Code   RO          810    .ARM.Collect$$libshutdown$$0000000E  c_p.l(libshutdown2.o)
    0x00000152   0x00000152   0x00000000   Code   RO          813    .ARM.Collect$$libshutdown$$00000011  c_p.l(libshutdown2.o)
    0x00000152   0x00000152   0x00000002   Code   RO          814    .ARM.Collect$$libshutdown$$00000012  c_p.l(libshutdown2.o)
    0x00000154   0x00000154   0x00000000   Code   RO          624    .ARM.Collect$$rtentry$$00000000  c_p.l(__rtentry.o)
    0x00000154   0x00000154   0x00000000   Code   RO          644    .ARM.Collect$$rtentry$$00000002  c_p.l(__rtentry2.o)
    0x00000154   0x00000154   0x00000006   Code   RO          656    .ARM.Collect$$rtentry$$00000004  c_p.l(__rtentry4.o)
    0x0000015a   0x0000015a   0x00000000   Code   RO          646    .ARM.Collect$$rtentry$$00000009  c_p.l(__rtentry2.o)
    0x0000015a   0x0000015a   0x00000004   Code   RO          647    .ARM.Collect$$rtentry$$0000000A  c_p.l(__rtentry2.o)
    0x0000015e   0x0000015e   0x00000000   Code   RO          649    .ARM.Collect$$rtentry$$0000000C  c_p.l(__rtentry2.o)
    0x0000015e   0x0000015e   0x00000008   Code   RO          650    .ARM.Collect$$rtentry$$0000000D  c_p.l(__rtentry2.o)
    0x00000166   0x00000166   0x00000002   Code   RO          687    .ARM.Collect$$rtexit$$00000000  c_p.l(rtexit.o)
    0x00000168   0x00000168   0x00000000   Code   RO          745    .ARM.Collect$$rtexit$$00000002  c_p.l(rtexit2.o)
    0x00000168   0x00000168   0x00000004   Code   RO          746    .ARM.Collect$$rtexit$$00000003  c_p.l(rtexit2.o)
    0x0000016c   0x0000016c   0x00000006   Code   RO          747    .ARM.Collect$$rtexit$$00000004  c_p.l(rtexit2.o)
    0x00000172   0x00000172   0x00000002   PAD
    0x00000174   0x00000174   0x00000038   Code   RO          604    .emb_text           c_p.l(rt_memcpy.o)
    0x000001ac   0x000001ac   0x00000034   Code   RO          532  * .text               startup_mkl05z4.o
    0x000001e0   0x000001e0   0x00000028   Code   RO          574    .text               c_p.l(noretval__2sprintf.o)
    0x00000208   0x00000208   0x0000004e   Code   RO          578    .text               c_p.l(_printf_pad.o)
    0x00000256   0x00000256   0x00000002   PAD
    0x00000258   0x00000258   0x0000006c   Code   RO          580    .text               c_p.l(_printf_dec.o)
    0x000002c4   0x000002c4   0x00000138   Code   RO          594    .text               c_p.l(__printf_flags_wp.o)
    0x000003fc   0x000003fc   0x00000002   Code   RO          761    .text               c_p.l(use_no_semi.o)
    0x000003fe   0x000003fe   0x00000000   Code   RO          763    .text               c_p.l(indicate_semi.o)
    0x000003fe   0x000003fe   0x00000000   Code   RO          642    x$fpl$usenofp       fz_ps.l(usenofp.o)
    0x000003fe   0x000003fe   0x00000002   PAD
    0x00000400   0x00000400   0x00000010   Code   RO          531    .ARM.__at_0x400     startup_mkl05z4.o
    0x00000410   0x00000410   0x00000082   Code   RO          605    .text               c_p.l(rt_memcpy.o)
    0x00000492   0x00000492   0x0000015a   Code   RO          608    .text               c_p.l(aeabi_sdiv.o)
    0x000005ec   0x000005ec   0x00000006   Code   RO          612    .text               c_p.l(heapauxi.o)
    0x000005f2   0x000005f2   0x00000002   PAD
    0x000005f4   0x000005f4   0x00000048   Code   RO          616    .text               fz_ps.l(dfixui.o)
    0x0000063c   0x0000063c   0x00000058   Code   RO          618    .text               fz_ps.l(dflti.o)
    0x00000694   0x00000694   0x000000b0   Code   RO          629    .text               c_p.l(_printf_intcommon.o)
    0x00000744   0x00000744   0x00000030   Code   RO          631    .text               c_p.l(_printf_char_common.o)
    0x00000774   0x00000774   0x0000000a   Code   RO          633    .text               c_p.l(_sputc.o)
    0x0000077e   0x0000077e   0x00000028   Code   RO          636    .text               c_p.l(rtudiv10.o)
    0x000007a6   0x000007a6   0x00000002   PAD
    0x000007a8   0x000007a8   0x00000358   Code   RO          638    .text               fz_ps.l(daddsub.o)
    0x00000b00   0x00000b00   0x00000090   Code   RO          662    .text               fz_ps.l(dcmpin.o)
    0x00000b90   0x00000b90   0x0000003e   Code   RO          664    .text               c_p.l(sys_stackheap_outer.o)
    0x00000bce   0x00000bce   0x00000010   Code   RO          667    .text               c_p.l(exit.o)
    0x00000bde   0x00000bde   0x0000002e   Code   RO          679    .text               fz_ps.l(cmpret.o)
    0x00000c0c   0x00000c0c   0x00000014   Code   RO          681    .text               fz_ps.l(dnan2.o)
    0x00000c20   0x00000c20   0x00000008   Code   RO          683    .text               c_p.l(libspace.o)
    0x00000c28   0x00000c28   0x0000005e   Code   RO          740    .text               fz_ps.l(retnan.o)
    0x00000c86   0x00000c86   0x00000002   PAD
    0x00000c88   0x00000c88   0x0000000c   Code   RO          742    .text               c_p.l(sys_exit.o)
    0x00000c94   0x00000c94   0x00000088   Code   RO           96    i.I2C_Init          i2c.o
    0x00000d1c   0x00000d1c   0x00000040   Code   RO           97    i.I2C_Write         i2c.o
    0x00000d5c   0x00000d5c   0x00000014   Code   RO          172    i.LCD1602_Backlight  lcd1602.o
    0x00000d70   0x00000d70   0x0000000c   Code   RO          173    i.LCD1602_ClearAll  lcd1602.o
    0x00000d7c   0x00000d7c   0x00000050   Code   RO          174    i.LCD1602_Init      lcd1602.o
    0x00000dcc   0x00000dcc   0x0000001c   Code   RO          175    i.LCD1602_Print     lcd1602.o
    0x00000de8   0x00000de8   0x0000001e   Code   RO          176    i.LCD1602_SetCursor  lcd1602.o
    0x00000e06   0x00000e06   0x00000002   PAD
    0x00000e08   0x00000e08   0x00000050   Code   RO          177    i.LCD1602_Write4    lcd1602.o
    0x00000e58   0x00000e58   0x0000001c   Code   RO          178    i.LCD1602_Write8    lcd1602.o
    0x00000e74   0x00000e74   0x00000024   Code   RO          179    i.PCF8574_Write     lcd1602.o
    0x00000e98   0x00000e98   0x00000104   Code   RO          236    i.PORTB_IRQHandler  buttons.o
    0x00000f9c   0x00000f9c   0x00000094   Code   RO          273    i.RTCInit           rtc.o
    0x00001030   0x00001030   0x00000014   Code   RO          274    i.RTC_IRQHandler    rtc.o
    0x00001044   0x00001044   0x0000005c   Code   RO          541    i.SystemInit        system_mkl05z4.o
    0x000010a0   0x000010a0   0x000000c4   Code   RO          393    i.TPM0_IRQHandler   tpm.o
    0x00001164   0x00001164   0x00000110   Code   RO          394    i.TPM0_Init_OC      tpm.o
    0x00001274   0x00001274   0x0000001c   Code   RO          501    i.__ARM_common_switch8  clock.o
    0x00001290   0x00001290   0x00000018   Code   RO          395    i.__NVIC_ClearPendingIRQ  tpm.o
    0x000012a8   0x000012a8   0x00000078   Code   RO          237    i.__NVIC_SetPriority  buttons.o
    0x00001320   0x00001320   0x00000078   Code   RO          275    i.__NVIC_SetPriority  rtc.o
    0x00001398   0x00001398   0x00000078   Code   RO          396    i.__NVIC_SetPriority  tpm.o
    0x00001410   0x00001410   0x0000000e   Code   RO          592    i._is_digit         c_p.l(__printf_wp.o)
    0x0000141e   0x0000141e   0x00000002   PAD
    0x00001420   0x00001420   0x000000f8   Code   RO          238    i.buttonsInitialize  buttons.o
    0x00001518   0x00001518   0x000000b4   Code   RO          364    i.check             keypad.o
    0x000015cc   0x000015cc   0x00000058   Code   RO          458    i.clock_init        clock.o
    0x00001624   0x00001624   0x000000c8   Code   RO          621    i.floor             m_ps.l(floor.o)
    0x000016ec   0x000016ec   0x00000014   Code   RO           98    i.i2c_disable       i2c.o
    0x00001700   0x00001700   0x00000014   Code   RO           99    i.i2c_enable        i2c.o
    0x00001714   0x00001714   0x00000014   Code   RO          101    i.i2c_m_start       i2c.o
    0x00001728   0x00001728   0x00000014   Code   RO          102    i.i2c_m_stop        i2c.o
    0x0000173c   0x0000173c   0x0000000c   Code   RO          103    i.i2c_send          i2c.o
    0x00001748   0x00001748   0x00000014   Code   RO          104    i.i2c_tran          i2c.o
    0x0000175c   0x0000175c   0x00000060   Code   RO          105    i.i2c_wait          i2c.o
    0x000017bc   0x000017bc   0x00000140   Code   RO          365    i.keypad_init       keypad.o
    0x000018fc   0x000018fc   0x00000022   Code   RO            3    i.main              main.o
    0x0000191e   0x0000191e   0x00000002   PAD
    0x00001920   0x00001920   0x000000b8   Code   RO          459    i.menu              clock.o
    0x000019d8   0x000019d8   0x00000018   Code   RO          432    i.setLed            ws2812.o
    0x000019f0   0x000019f0   0x000000f0   Code   RO          460    i.update_game       clock.o
    0x00001ae0   0x00001ae0   0x00000128   Code   RO          461    i.update_lcd        clock.o
    0x00001c08   0x00001c08   0x0000012c   Code   RO          462    i.update_time       clock.o
    0x00001d34   0x00001d34   0x00000068   Code   RO          640    x$fpl$drleqf        fz_ps.l(drlef.o)
    0x00001d9c   0x00001d9c   0x00000011   Data   RO          595    .constdata          c_p.l(__printf_flags_wp.o)
    0x00001dad   0x00001dad   0x00000003   PAD
    0x00001db0   0x00001db0   0x00000020   Data   RO          815    Region$$Table       anon$$obj.o


    Execution Region ER_RW (Exec base: 0x1ffffc00, Load base: 0x00001dd0, Size: 0x0000002c, Max: 0xffffffff, ABSOLUTE)

    Exec Addr    Load Addr    Size         Type   Attr      Idx    E Section Name        Object

    0x1ffffc00   0x00001dd0   0x00000004   Data   RW          106    .data               i2c.o
    0x1ffffc04   0x00001dd4   0x00000001   Data   RW          180    .data               lcd1602.o
    0x1ffffc05   0x00001dd5   0x00000001   Data   RW          239    .data               buttons.o
    0x1ffffc06   0x00001dd6   0x00000003   Data   RW          397    .data               tpm.o
    0x1ffffc09   0x00001dd9   0x00000001   PAD
    0x1ffffc0a   0x00001dda   0x00000021   Data   RW          464    .data               clock.o


    Execution Region ER_ZI (Exec base: 0x1ffffc2c, Load base: 0x00001dfc, Size: 0x00000384, Max: 0xffffffff, ABSOLUTE)

    Exec Addr    Load Addr    Size         Type   Attr      Idx    E Section Name        Object

    0x1ffffc2c        -       0x00000050   Zero   RW          366    .bss                keypad.o
    0x1ffffc7c        -       0x00000100   Zero   RW          433    .bss                ws2812.o
    0x1ffffd7c        -       0x000000d0   Zero   RW          463    .bss                clock.o
    0x1ffffe4c        -       0x00000060   Zero   RW          684    .bss                c_p.l(libspace.o)
    0x1ffffeac   0x00001dfc   0x00000004   PAD
    0x1ffffeb0        -       0x00000000   Zero   RW          529    HEAP                startup_mkl05z4.o
    0x1ffffeb0        -       0x00000100   Zero   RW          528    STACK               startup_mkl05z4.o


==============================================================================

Image component sizes


      Code (inc. data)   RO Data    RW Data    ZI Data      Debug   Object Name

       628         42          0          1          0       9946   buttons.o
      1136        268          0         33        208       3983   clock.o
       408         70          0          4          0       3814   i2c.o
       500         30          0          0         80       2031   keypad.o
       314         20          0          1          0       4144   lcd1602.o
        34          0          0          0          0      81407   main.o
       288         34          0          0          0       1563   rtc.o
        68         38        192          0        256        868   startup_mkl05z4.o
        92         14          0          0          0        481   system_mkl05z4.o
       612         68          0          3          0       2381   tpm.o
        24          6          0          0        256        967   ws2812.o

    ----------------------------------------------------------------------
      4108        590        224         44        800     111585   Object Totals
         0          0         32          0          0          0   (incl. Generated)
         4          0          0          2          0          0   (incl. Padding)

    ----------------------------------------------------------------------

      Code (inc. data)   RO Data    RW Data    ZI Data      Debug   Library Member Name

         8          0          0          0          0         68   __main.o
       312          6         17          0          0         76   __printf_flags_wp.o
        14          0          0          0          0         60   __printf_wp.o
         0          0          0          0          0          0   __rtentry.o
        12          0          0          0          0          0   __rtentry2.o
         6          0          0          0          0          0   __rtentry4.o
        60          8          0          0          0          0   __scatter.o
        26          0          0          0          0          0   __scatter_copy.o
        28          0          0          0          0          0   __scatter_zi.o
        48          6          0          0          0         88   _printf_char_common.o
       108         18          0          0          0         76   _printf_dec.o
       176          0          0          0          0         84   _printf_intcommon.o
        78          0          0          0          0        100   _printf_pad.o
         2          0          0          0          0          0   _printf_percent.o
         4          0          0          0          0          0   _printf_percent_end.o
        10          0          0          0          0          0   _printf_u.o
        10          0          0          0          0         60   _sputc.o
       346          0          0          0          0         92   aeabi_sdiv.o
        16          0          0          0          0         68   exit.o
         6          0          0          0          0        136   heapauxi.o
         0          0          0          0          0          0   indicate_semi.o
         2          0          0          0          0          0   libinit.o
         2          0          0          0          0          0   libinit2.o
         2          0          0          0          0          0   libshutdown.o
         2          0          0          0          0          0   libshutdown2.o
         8          4          0          0         96         68   libspace.o
        40          4          0          0          0         84   noretval__2sprintf.o
       186          0          0          0          0        144   rt_memcpy.o
         2          0          0          0          0          0   rtexit.o
        10          0          0          0          0          0   rtexit2.o
        40          0          0          0          0         60   rtudiv10.o
        12          4          0          0          0         60   sys_exit.o
        62          0          0          0          0         80   sys_stackheap_outer.o
         2          0          0          0          0         68   use_no_semi.o
        46          0          0          0          0         60   cmpret.o
       856         20          0          0          0        208   daddsub.o
       144          4          0          0          0         76   dcmpin.o
        72          4          0          0          0         68   dfixui.o
        88          0          0          0          0         92   dflti.o
        20          6          0          0          0         68   dnan2.o
       104          4          0          0          0        104   drlef.o
        94          0          0          0          0         68   retnan.o
         0          0          0          0          0          0   usenofp.o
       200         20          0          0          0         76   floor.o

    ----------------------------------------------------------------------
      3280        108         20          0        100       2292   Library Totals
        16          0          3          0          4          0   (incl. Padding)

    ----------------------------------------------------------------------

      Code (inc. data)   RO Data    RW Data    ZI Data      Debug   Library Name

      1640         50         17          0         96       1472   c_p.l
      1424         38          0          0          0        744   fz_ps.l
       200         20          0          0          0         76   m_ps.l

    ----------------------------------------------------------------------
      3280        108         20          0        100       2292   Library Totals

    ----------------------------------------------------------------------

==============================================================================


      Code (inc. data)   RO Data    RW Data    ZI Data      Debug   

      7388        698        244         44        900     111209   Grand Totals
      7388        698        244         44        900     111209   ELF Image Totals
      7388        698        244         44          0          0   ROM Totals

==============================================================================

    Total RO  Size (Code + RO Data)                 7632 (   7.45kB)
    Total RW  Size (RW Data + ZI Data)               944 (   0.92kB)
    Total ROM Size (Code + RO Data + RW Data)       7676 (   7.50kB)

==============================================================================

